192.168.1.11 - - [02/Sep/2025:20:36:40 +0700] "GET /dashboard.php HTTP/1.1" 200 9139 "-" "Mozilla/5.0"
198.51.100.27 - - [02/Sep/2025:19:44:02 +0700] "GET /assets/main.js HTTP/1.1" 200 914 "-" "Edge/18.18363"
192.168.1.11 - - [02/Sep/2025:20:08:08 +0700] "GET /index.php HTTP/1.1" 200 7770 "-" "Googlebot/2.1 (+http://www.google.com/bot.html)"
192.168.1.12 - - [02/Sep/2025:19:22:39 +0700] "GET /contact.php HTTP/1.1" 200 3700 "-" "Bingbot/2.0"
198.51.100.27 - - [02/Sep/2025:20:05:57 +0700] "GET /assets/style.css HTTP/1.1" 200 10073 "-" "Safari/537.36"
192.168.1.10 - - [02/Sep/2025:19:25:35 +0700] "GET /profile.php?id=23 HTTP/1.1" 200 3225 "-" "Safari/537.36"
198.51.100.27 - - [02/Sep/2025:21:00:48 +0700] "GET /products.php?id=12 HTTP/1.1" 200 11658 "-" "Safari/537.36"
192.168.1.13 - - [02/Sep/2025:19:15:36 +0700] "GET /checkout.php HTTP/1.1" 200 3672 "-" "Googlebot/2.1 (+http://www.google.com/bot.html)"
198.51.100.27 - - [02/Sep/2025:20:37:16 +0700] "GET /dashboard.php HTTP/1.1" 200 11802 "-" "Chrome/120.0"
192.168.1.12 - - [02/Sep/2025:21:04:39 +0700] "GET /profile.php?id=23 HTTP/1.1" 200 2115 "-" "Bingbot/2.0"
192.168.1.10 - - [02/Sep/2025:19:27:50 +0700] "GET /blog/post3 HTTP/1.1" 200 9064 "-" "Mozilla/5.0"
192.168.1.13 - - [02/Sep/2025:19:08:22 +0700] "GET /favicon.ico HTTP/1.1" 200 7312 "-" "Bingbot/2.0"
192.168.1.11 - - [02/Sep/2025:22:46:15 +0700] "GET /dashboard.php HTTP/1.1" 200 1215 "-" "Safari/537.36"
192.168.1.12 - - [02/Sep/2025:20:28:40 +0700] "GET /profile.php?id=23 HTTP/1.1" 200 8399 "-" "Safari/537.36"
192.168.1.10 - - [02/Sep/2025:19:38:30 +0700] "GET /news.php?page=2 HTTP/1.1" 200 749 "-" "Chrome/120.0"
192.168.1.11 - - [02/Sep/2025:20:14:56 +0700] "GET /about.php HTTP/1.1" 200 4584 "-" "Safari/537.36"
192.168.1.10 - - [02/Sep/2025:20:24:40 +0700] "GET /sitemap.xml HTTP/1.1" 200 8349 "-" "Chrome/120.0"
198.51.100.27 - - [02/Sep/2025:20:29:15 +0700] "GET /products.php?id=12 HTTP/1.1" 200 7423 "-" "Bingbot/2.0"
192.168.1.11 - - [02/Sep/2025:19:12:04 +0700] "GET /about.php HTTP/1.1" 200 1990 "-" "Mozilla/5.0"
198.51.100.27 - - [02/Sep/2025:19:25:04 +0700] "GET /images/banner.png HTTP/1.1" 200 8818 "-" "Bingbot/2.0"
192.168.1.13 - - [02/Sep/2025:20:16:15 +0700] "GET /contact.php HTTP/1.1" 200 8102 "-" "Mozilla/5.0"
192.168.1.12 - - [02/Sep/2025:19:08:52 +0700] "GET /checkout.php HTTP/1.1" 200 7543 "-" "Bingbot/2.0"
192.168.1.11 - - [02/Sep/2025:19:38:12 +0700] "GET /robots.txt HTTP/1.1" 200 6483 "-" "Bingbot/2.0"
192.168.1.13 - - [02/Sep/2025:23:09:40 +0700] "GET /robots.txt HTTP/1.1" 200 1463 "-" "Mozilla/5.0"
192.168.1.10 - - [02/Sep/2025:19:17:27 +0700] "GET /checkout.php HTTP/1.1" 200 11421 "-" "Googlebot/2.1 (+http://www.google.com/bot.html)"
192.168.1.10 - - [02/Sep/2025:20:52:30 +0700] "GET /about.php HTTP/1.1" 200 10028 "-" "Safari/537.36"
192.168.1.13 - - [02/Sep/2025:20:33:55 +0700] "GET /news.php?page=2 HTTP/1.1" 200 7813 "-" "Bingbot/2.0"
198.51.100.27 - - [02/Sep/2025:19:17:36 +0700] "GET /index.php HTTP/1.1" 200 6117 "-" "Edge/18.18363"
192.168.1.10 - - [02/Sep/2025:20:19:50 +0700] "GET /contact.php HTTP/1.1" 200 1843 "-" "Chrome/120.0"
192.168.1.10 - - [02/Sep/2025:19:25:32 +0700] "GET /assets/app.js HTTP/1.1" 200 11571 "-" "Chrome/120.0"
192.168.1.11 - - [02/Sep/2025:19:33:54 +0700] "GET /blog/post1 HTTP/1.1" 200 4577 "-" "Googlebot/2.1 (+http://www.google.com/bot.html)"
192.168.1.12 - - [02/Sep/2025:21:17:57 +0700] "GET /cart.php HTTP/1.1" 200 1006 "-" "Googlebot/2.1 (+http://www.google.com/bot.html)"
192.168.1.11 - - [02/Sep/2025:20:29:00 +0700] "GET /assets/main.js HTTP/1.1" 200 10788 "-" "Safari/537.36"
198.51.100.27 - - [02/Sep/2025:22:04:12 +0700] "GET /blog/post1 HTTP/1.1" 200 2818 "-" "Safari/537.36"
192.168.1.11 - - [02/Sep/2025:19:21:03 +0700] "GET /products.php?id=12 HTTP/1.1" 200 9609 "-" "Mozilla/5.0"
192.168.1.13 - - [02/Sep/2025:20:47:27 +0700] "GET /api/data?id=42 HTTP/1.1" 200 8319 "-" "Googlebot/2.1 (+http://www.google.com/bot.html)"
192.168.1.12 - - [02/Sep/2025:19:36:00 +0700] "GET /profile.php?id=23 HTTP/1.1" 200 2198 "-" "Edge/18.18363"
192.168.1.11 - - [02/Sep/2025:20:30:35 +0700] "GET /robots.txt HTTP/1.1" 200 11588 "-" "Mozilla/5.0"
192.168.1.10 - - [02/Sep/2025:19:28:22 +0700] "GET /login.php HTTP/1.1" 200 6464 "-" "Safari/537.36"
192.168.1.10 - - [02/Sep/2025:21:13:35 +0700] "GET /contact.php HTTP/1.1" 200 3301 "-" "Bingbot/2.0"
198.51.100.27 - - [02/Sep/2025:20:42:39 +0700] "GET /profile.php?id=23 HTTP/1.1" 200 2019 "-" "Googlebot/2.1 (+http://www.google.com/bot.html)"
192.168.1.12 - - [02/Sep/2025:19:30:24 +0700] "GET /images/banner.png HTTP/1.1" 200 844 "-" "Googlebot/2.1 (+http://www.google.com/bot.html)"
192.168.1.10 - - [02/Sep/2025:20:33:50 +0700] "GET /robots.txt HTTP/1.1" 200 1756 "-" "Chrome/120.0"
192.168.1.12 - - [02/Sep/2025:19:48:00 +0700] "GET /blog/post3 HTTP/1.1" 200 3739 "-" "Chrome/120.0"
198.51.100.27 - - [02/Sep/2025:19:47:50 +0700] "GET /sitemap.xml HTTP/1.1" 200 4831 "-" "Mozilla/5.0"
198.51.100.27 - - [02/Sep/2025:20:26:16 +0700] "GET /products.php?id=12 HTTP/1.1" 200 10783 "-" "Mozilla/5.0"
198.51.100.27 - - [02/Sep/2025:20:02:16 +0700] "GET /images/banner.png HTTP/1.1" 200 1884 "-" "Bingbot/2.0"
203.0.113.5 - - [02/Sep/2025:19:19:44 +0700] "GET /vuln.php?cmd=echo%20CQAAIEFwAgAASBCcAAAAEgQnAACABMEJAAAgQXACAABIEJwAAAASBCcAAIAEwQkAACBBcAIAAEgQnAAAABIaPvWpT8XKlSujtbU1WwYAAEBENCxatChaWlpi7ty52TIAAAAiYk5TU9OZjo6OiIjo6+vLlgMAAMx6+jgBAAAkCE4AAAAJghMAAECC4AQAAJAgOAEAACQITgAAAAmCEwAAQILgBAAAkCA4AQAAJAhOAAAACYITAABAguAEAACQIDgBAAAkCE4AAAAJghMAAECC4AQAAJAgOAEAACQITgAAAAkN99xzT6xcuTJaW1uzZQAAAEQ=%20|base64%20-d%20>>%20payload.png HTTP/1.1" 200 512 "-" "curl/7.88"
192.168.1.12 - - [02/Sep/2025:19:17:20 +0700] "GET /images/banner.png HTTP/1.1" 200 7581 "-" "Mozilla/5.0"
192.168.1.11 - - [02/Sep/2025:19:20:24 +0700] "GET /dashboard.php HTTP/1.1" 200 8842 "-" "Mozilla/5.0"
192.168.1.13 - - [02/Sep/2025:21:35:00 +0700] "GET /products.php?id=12 HTTP/1.1" 200 5433 "-" "Safari/537.36"
192.168.1.12 - - [02/Sep/2025:21:28:50 +0700] "GET /blog/post2 HTTP/1.1" 200 10236 "-" "Googlebot/2.1 (+http://www.google.com/bot.html)"
192.168.1.12 - - [02/Sep/2025:19:36:01 +0700] "GET /images/banner.png HTTP/1.1" 200 11228 "-" "Bingbot/2.0"
192.168.1.12 - - [02/Sep/2025:23:08:45 +0700] "GET /dashboard.php HTTP/1.1" 200 10100 "-" "Safari/537.36"
198.51.100.27 - - [02/Sep/2025:19:17:50 +0700] "GET /assets/main.js HTTP/1.1" 200 1269 "-" "Safari/537.36"
192.168.1.10 - - [02/Sep/2025:21:37:00 +0700] "GET /contact.php HTTP/1.1" 200 1919 "-" "Bingbot/2.0"
192.168.1.10 - - [02/Sep/2025:22:08:08 +0700] "GET /favicon.ico HTTP/1.1" 200 5134 "-" "Bingbot/2.0"
198.51.100.27 - - [02/Sep/2025:19:34:02 +0700] "GET /cart.php HTTP/1.1" 200 1471 "-" "Edge/18.18363"
192.168.1.10 - - [02/Sep/2025:19:30:40 +0700] "GET /contact.php HTTP/1.1" 200 11708 "-" "Bingbot/2.0"
192.168.1.11 - - [02/Sep/2025:19:55:36 +0700] "GET /sitemap.xml HTTP/1.1" 200 2195 "-" "Bingbot/2.0"
192.168.1.10 - - [02/Sep/2025:21:06:18 +0700] "GET /news.php?page=2 HTTP/1.1" 200 7791 "-" "Googlebot/2.1 (+http://www.google.com/bot.html)"
192.168.1.13 - - [02/Sep/2025:19:21:12 +0700] "GET /news.php?page=2 HTTP/1.1" 200 284 "-" "Safari/537.36"
192.168.1.13 - - [02/Sep/2025:20:54:32 +0700] "GET /index.php HTTP/1.1" 200 7679 "-" "Mozilla/5.0"
192.168.1.11 - - [02/Sep/2025:20:01:22 +0700] "GET /sitemap.xml HTTP/1.1" 200 555 "-" "Mozilla/5.0"
192.168.1.11 - - [02/Sep/2025:19:41:53 +0700] "GET /assets/app.js HTTP/1.1" 200 2546 "-" "Chrome/120.0"
192.168.1.12 - - [02/Sep/2025:20:10:03 +0700] "GET /api/data?id=42 HTTP/1.1" 200 1769 "-" "Chrome/120.0"
192.168.1.13 - - [02/Sep/2025:19:31:55 +0700] "GET /news.php?page=2 HTTP/1.1" 200 3991 "-" "Safari/537.36"
192.168.1.11 - - [02/Sep/2025:21:13:51 +0700] "GET /news.php?page=2 HTTP/1.1" 200 4381 "-" "Mozilla/5.0"
192.168.1.13 - - [02/Sep/2025:21:55:52 +0700] "GET /about.php HTTP/1.1" 200 7491 "-" "Bingbot/2.0"
192.168.1.13 - - [02/Sep/2025:22:01:44 +0700] "GET /news.php?page=2 HTTP/1.1" 200 1961 "-" "Bingbot/2.0"
192.168.1.13 - - [02/Sep/2025:19:24:58 +0700] "GET /blog/post2 HTTP/1.1" 200 5632 "-" "Mozilla/5.0"
192.168.1.12 - - [02/Sep/2025:21:10:32 +0700] "GET /blog/post2 HTTP/1.1" 200 2276 "-" "Googlebot/2.1 (+http://www.google.com/bot.html)"
192.168.1.11 - - [02/Sep/2025:19:27:42 +0700] "GET /contact.php HTTP/1.1" 200 2428 "-" "Edge/18.18363"
198.51.100.27 - - [02/Sep/2025:20:44:54 +0700] "GET /dashboard.php HTTP/1.1" 200 9005 "-" "Edge/18.18363"
192.168.1.11 - - [02/Sep/2025:19:14:10 +0700] "GET /dashboard.php HTTP/1.1" 200 7002 "-" "Mozilla/5.0"
192.168.1.12 - - [02/Sep/2025:19:36:42 +0700] "GET /sitemap.xml HTTP/1.1" 200 534 "-" "Chrome/120.0"
192.168.1.11 - - [02/Sep/2025:19:39:54 +0700] "GET /profile.php?id=23 HTTP/1.1" 200 434 "-" "Bingbot/2.0"
192.168.1.10 - - [02/Sep/2025:19:26:47 +0700] "GET /api/data?id=42 HTTP/1.1" 200 6291 "-" "Bingbot/2.0"
192.168.1.12 - - [02/Sep/2025:19:13:06 +0700] "GET /images/banner.png HTTP/1.1" 200 4497 "-" "Chrome/120.0"
198.51.100.27 - - [02/Sep/2025:20:06:00 +0700] "GET /login.php HTTP/1.1" 200 6912 "-" "Chrome/120.0"
192.168.1.10 - - [02/Sep/2025:19:22:22 +0700] "GET /cart.php HTTP/1.1" 200 6552 "-" "Mozilla/5.0"
192.168.1.11 - - [02/Sep/2025:21:56:00 +0700] "GET /checkout.php HTTP/1.1" 200 4627 "-" "Edge/18.18363"
192.168.1.11 - - [02/Sep/2025:21:43:12 +0700] "GET /checkout.php HTTP/1.1" 200 11852 "-" "Safari/537.36"
192.168.1.10 - - [02/Sep/2025:19:48:51 +0700] "GET /images/banner.png HTTP/1.1" 200 5238 "-" "Googlebot/2.1 (+http://www.google.com/bot.html)"
192.168.1.13 - - [02/Sep/2025:19:35:18 +0700] "GET /about.php HTTP/1.1" 200 4255 "-" "Chrome/120.0"
192.168.1.12 - - [02/Sep/2025:21:27:00 +0700] "GET /contact.php HTTP/1.1" 200 785 "-" "Chrome/120.0"
192.168.1.10 - - [02/Sep/2025:19:17:51 +0700] "GET /profile.php?id=23 HTTP/1.1" 200 7649 "-" "Edge/18.18363"
198.51.100.27 - - [02/Sep/2025:19:17:02 +0700] "GET /assets/main.js HTTP/1.1" 200 250 "-" "Edge/18.18363"
198.51.100.27 - - [02/Sep/2025:20:35:16 +0700] "GET /blog/post3 HTTP/1.1" 200 3544 "-" "Googlebot/2.1 (+http://www.google.com/bot.html)"
192.168.1.10 - - [02/Sep/2025:19:22:21 +0700] "GET /assets/style.css HTTP/1.1" 200 11154 "-" "Chrome/120.0"
192.168.1.13 - - [02/Sep/2025:21:35:20 +0700] "GET /checkout.php HTTP/1.1" 200 3746 "-" "Googlebot/2.1 (+http://www.google.com/bot.html)"
192.168.1.11 - - [02/Sep/2025:21:10:30 +0700] "GET /products.php?id=12 HTTP/1.1" 200 7372 "-" "Chrome/120.0"
192.168.1.12 - - [02/Sep/2025:21:39:28 +0700] "GET /dashboard.php HTTP/1.1" 200 4972 "-" "Chrome/120.0"
192.168.1.10 - - [02/Sep/2025:19:22:30 +0700] "GET /news.php?page=2 HTTP/1.1" 200 11930 "-" "Bingbot/2.0"
192.168.1.13 - - [02/Sep/2025:20:08:10 +0700] "GET /login.php HTTP/1.1" 200 1764 "-" "Googlebot/2.1 (+http://www.google.com/bot.html)"
192.168.1.11 - - [02/Sep/2025:19:26:09 +0700] "GET /images/banner.png HTTP/1.1" 200 11080 "-" "Edge/18.18363"
192.168.1.10 - - [02/Sep/2025:21:12:03 +0700] "GET /robots.txt HTTP/1.1" 200 9016 "-" "Edge/18.18363"
192.168.1.13 - - [02/Sep/2025:19:09:06 +0700] "GET /cart.php HTTP/1.1" 200 1688 "-" "Bingbot/2.0"
198.51.100.27 - - [02/Sep/2025:20:36:36 +0700] "GET /sitemap.xml HTTP/1.1" 200 11328 "-" "Edge/18.18363"
192.168.1.13 - - [02/Sep/2025:19:33:32 +0700] "GET /profile.php?id=23 HTTP/1.1" 200 5403 "-" "Mozilla/5.0"
192.168.1.12 - - [02/Sep/2025:19:02:44 +0700] "GET /favicon.ico HTTP/1.1" 200 8108 "-" "Chrome/120.0"
198.51.100.27 - - [02/Sep/2025:22:04:40 +0700] "GET /news.php?page=2 HTTP/1.1" 200 4732 "-" "Edge/18.18363"
192.168.1.11 - - [02/Sep/2025:20:12:04 +0700] "GET /news.php?page=2 HTTP/1.1" 200 8768 "-" "Edge/18.18363"
192.168.1.13 - - [02/Sep/2025:19:09:27 +0700] "GET /assets/app.js HTTP/1.1" 200 10588 "-" "Googlebot/2.1 (+http://www.google.com/bot.html)"
192.168.1.12 - - [02/Sep/2025:19:07:20 +0700] "GET /profile.php?id=23 HTTP/1.1" 200 8048 "-" "Edge/18.18363"
192.168.1.12 - - [02/Sep/2025:21:26:16 +0700] "GET /favicon.ico HTTP/1.1" 200 5917 "-" "Edge/18.18363"
192.168.1.13 - - [02/Sep/2025:19:42:56 +0700] "GET /about.php HTTP/1.1" 200 1405 "-" "Edge/18.18363"
192.168.1.12 - - [02/Sep/2025:19:16:19 +0700] "GET /login.php HTTP/1.1" 200 11689 "-" "Bingbot/2.0"
203.0.113.5 - - [02/Sep/2025:19:04:57 +0700] "GET /vuln.php?cmd=echo%20RMOiRYuipaUl5s6dmy0DAAAgIuY0NTWd6ejoiIiIvr6+bDkAAMCsp48TAABAguAEAACQIDgBAAAkCE4AAAAJghMAAECC4AQAAJAgOAEAACQITgAAAAmCEwAAQILgBAAAkCA4AQAAJAhOAAAACYITAABAguAEAACQIDgBAAAkCE4AAAAJghMAAECC4AQAAJDQcPfdd8d1110Xra2t2TIAAAAiouGCCy6IlpaWaGxszJYBAAAQEXOamprOdHR0REREX19fthwAAGDW08cJAAAgQXACAABIEJwAAAASBCcAAIAEwQkAACBBcAIAAEgQnAAAABI=%20|base64%20-d%20>>%20payload.png HTTP/1.1" 200 512 "-" "curl/7.88"
192.168.1.12 - - [02/Sep/2025:19:46:31 +0700] "GET /robots.txt HTTP/1.1" 200 6008 "-" "Mozilla/5.0"
192.168.1.12 - - [02/Sep/2025:20:37:30 +0700] "GET /contact.php HTTP/1.1" 200 8717 "-" "Googlebot/2.1 (+http://www.google.com/bot.html)"
192.168.1.12 - - [02/Sep/2025:19:17:18 +0700] "GET /about.php HTTP/1.1" 200 7964 "-" "Safari/537.36"
192.168.1.10 - - [02/Sep/2025:20:37:33 +0700] "GET /cart.php HTTP/1.1" 200 5336 "-" "Mozilla/5.0"
198.51.100.27 - - [02/Sep/2025:21:26:32 +0700] "GET /login.php HTTP/1.1" 200 6661 "-" "Chrome/120.0"
192.168.1.13 - - [02/Sep/2025:19:49:24 +0700] "GET /sitemap.xml HTTP/1.1" 200 4709 "-" "Safari/537.36"
192.168.1.13 - - [02/Sep/2025:19:40:05 +0700] "GET /news.php?page=2 HTTP/1.1" 200 852 "-" "Mozilla/5.0"
192.168.1.12 - - [02/Sep/2025:19:14:05 +0700] "GET /cart.php HTTP/1.1" 200 4368 "-" "Edge/18.18363"
192.168.1.10 - - [02/Sep/2025:19:16:06 +0700] "GET /assets/style.css HTTP/1.1" 200 482 "-" "Googlebot/2.1 (+http://www.google.com/bot.html)"
198.51.100.27 - - [02/Sep/2025:19:07:38 +0700] "GET /login.php HTTP/1.1" 200 3305 "-" "Mozilla/5.0"
198.51.100.27 - - [02/Sep/2025:20:24:42 +0700] "GET /assets/app.js HTTP/1.1" 200 7954 "-" "Bingbot/2.0"
192.168.1.11 - - [02/Sep/2025:19:44:38 +0700] "GET /cart.php HTTP/1.1" 200 8199 "-" "Mozilla/5.0"
192.168.1.12 - - [02/Sep/2025:23:02:10 +0700] "GET /api/data?id=42 HTTP/1.1" 200 5660 "-" "Mozilla/5.0"
192.168.1.11 - - [02/Sep/2025:20:35:58 +0700] "GET /blog/post3 HTTP/1.1" 200 11381 "-" "Chrome/120.0"
192.168.1.12 - - [02/Sep/2025:19:06:57 +0700] "GET /products.php?id=12 HTTP/1.1" 200 7023 "-" "Edge/18.18363"
192.168.1.11 - - [02/Sep/2025:22:58:20 +0700] "GET /profile.php?id=23 HTTP/1.1" 200 9580 "-" "Chrome/120.0"
192.168.1.13 - - [02/Sep/2025:20:15:14 +0700] "GET /dashboard.php HTTP/1.1" 200 6466 "-" "Edge/18.18363"
198.51.100.27 - - [02/Sep/2025:19:48:03 +0700] "GET /assets/app.js HTTP/1.1" 200 6675 "-" "Edge/18.18363"
198.51.100.27 - - [02/Sep/2025:20:46:30 +0700] "GET /blog/post3 HTTP/1.1" 200 405 "-" "Safari/537.36"
192.168.1.13 - - [02/Sep/2025:19:11:53 +0700] "GET /checkout.php HTTP/1.1" 200 255 "-" "Bingbot/2.0"
198.51.100.27 - - [02/Sep/2025:22:21:50 +0700] "GET /robots.txt HTTP/1.1" 200 1982 "-" "Chrome/120.0"
192.168.1.11 - - [02/Sep/2025:19:20:20 +0700] "GET /assets/app.js HTTP/1.1" 200 5928 "-" "Chrome/120.0"
192.168.1.11 - - [02/Sep/2025:21:10:12 +0700] "GET /profile.php?id=23 HTTP/1.1" 200 1328 "-" "Safari/537.36"
198.51.100.27 - - [02/Sep/2025:20:57:12 +0700] "GET /profile.php?id=23 HTTP/1.1" 200 11021 "-" "Edge/18.18363"
192.168.1.10 - - [02/Sep/2025:22:13:24 +0700] "GET /blog/post3 HTTP/1.1" 200 10022 "-" "Bingbot/2.0"
192.168.1.10 - - [02/Sep/2025:23:03:15 +0700] "GET /index.php HTTP/1.1" 200 9696 "-" "Safari/537.36"
192.168.1.10 - - [02/Sep/2025:21:57:48 +0700] "GET /dashboard.php HTTP/1.1" 200 1153 "-" "Mozilla/5.0"
192.168.1.10 - - [02/Sep/2025:22:15:00 +0700] "GET /images/banner.png HTTP/1.1" 200 3671 "-" "Safari/537.36"
192.168.1.13 - - [02/Sep/2025:19:11:42 +0700] "GET /index.php HTTP/1.1" 200 7500 "-" "Edge/18.18363"
192.168.1.12 - - [02/Sep/2025:21:20:16 +0700] "GET /images/banner.png HTTP/1.1" 200 8150 "-" "Mozilla/5.0"
192.168.1.12 - - [02/Sep/2025:19:08:18 +0700] "GET /assets/app.js HTTP/1.1" 200 3254 "-" "Edge/18.18363"
198.51.100.27 - - [02/Sep/2025:19:34:09 +0700] "GET /sitemap.xml HTTP/1.1" 200 9321 "-" "Chrome/120.0"
192.168.1.11 - - [02/Sep/2025:20:16:50 +0700] "GET /contact.php HTTP/1.1" 200 4257 "-" "Bingbot/2.0"
192.168.1.13 - - [02/Sep/2025:19:47:14 +0700] "GET /login.php HTTP/1.1" 200 10897 "-" "Mozilla/5.0"
192.168.1.12 - - [02/Sep/2025:19:38:30 +0700] "GET /favicon.ico HTTP/1.1" 200 5888 "-" "Mozilla/5.0"
192.168.1.13 - - [02/Sep/2025:19:16:05 +0700] "GET /cart.php HTTP/1.1" 200 5981 "-" "Mozilla/5.0"
192.168.1.12 - - [02/Sep/2025:19:41:50 +0700] "GET /login.php HTTP/1.1" 200 4818 "-" "Googlebot/2.1 (+http://www.google.com/bot.html)"
198.51.100.27 - - [02/Sep/2025:19:14:00 +0700] "GET /blog/post1 HTTP/1.1" 200 7634 "-" "Googlebot/2.1 (+http://www.google.com/bot.html)"
192.168.1.13 - - [02/Sep/2025:21:35:00 +0700] "GET /favicon.ico HTTP/1.1" 200 10647 "-" "Safari/537.36"
198.51.100.27 - - [02/Sep/2025:19:13:04 +0700] "GET /dashboard.php HTTP/1.1" 200 3417 "-" "Edge/18.18363"
192.168.1.12 - - [02/Sep/2025:19:10:02 +0700] "GET /dashboard.php HTTP/1.1" 200 4631 "-" "Chrome/120.0"
192.168.1.10 - - [02/Sep/2025:20:16:32 +0700] "GET /products.php?id=12 HTTP/1.1" 200 3113 "-" "Edge/18.18363"
192.168.1.11 - - [02/Sep/2025:19:36:32 +0700] "GET /images/banner.png HTTP/1.1" 200 6614 "-" "Safari/537.36"
192.168.1.12 - - [02/Sep/2025:19:20:04 +0700] "GET /blog/post1 HTTP/1.1" 200 7750 "-" "Googlebot/2.1 (+http://www.google.com/bot.html)"
192.168.1.12 - - [02/Sep/2025:19:49:48 +0700] "GET /sitemap.xml HTTP/1.1" 200 4406 "-" "Googlebot/2.1 (+http://www.google.com/bot.html)"
198.51.100.27 - - [02/Sep/2025:19:34:32 +0700] "GET /dashboard.php HTTP/1.1" 200 8094 "-" "Edge/18.18363"
192.168.1.11 - - [02/Sep/2025:19:50:39 +0700] "GET /dashboard.php HTTP/1.1" 200 761 "-" "Googlebot/2.1 (+http://www.google.com/bot.html)"
198.51.100.27 - - [02/Sep/2025:20:05:00 +0700] "GET /news.php?page=2 HTTP/1.1" 200 6006 "-" "Edge/18.18363"
192.168.1.13 - - [02/Sep/2025:19:18:20 +0700] "GET /favicon.ico HTTP/1.1" 200 10493 "-" "Googlebot/2.1 (+http://www.google.com/bot.html)"
192.168.1.11 - - [02/Sep/2025:19:06:08 +0700] "GET /news.php?page=2 HTTP/1.1" 200 4417 "-" "Bingbot/2.0"
192.168.1.10 - - [02/Sep/2025:19:11:15 +0700] "GET /blog/post2 HTTP/1.1" 200 5985 "-" "Chrome/120.0"
192.168.1.12 - - [02/Sep/2025:19:43:45 +0700] "GET /checkout.php HTTP/1.1" 200 4685 "-" "Mozilla/5.0"
198.51.100.27 - - [02/Sep/2025:19:23:22 +0700] "GET /assets/style.css HTTP/1.1" 200 4867 "-" "Chrome/120.0"
198.51.100.27 - - [02/Sep/2025:19:23:00 +0700] "GET /assets/main.js HTTP/1.1" 200 9609 "-" "Mozilla/5.0"
192.168.1.13 - - [02/Sep/2025:19:01:14 +0700] "GET /images/banner.png HTTP/1.1" 200 3060 "-" "Edge/18.18363"
198.51.100.27 - - [02/Sep/2025:21:14:44 +0700] "GET /sitemap.xml HTTP/1.1" 200 6421 "-" "Safari/537.36"
192.168.1.10 - - [02/Sep/2025:19:48:30 +0700] "GET /checkout.php HTTP/1.1" 200 11694 "-" "Edge/18.18363"
192.168.1.13 - - [02/Sep/2025:20:00:30 +0700] "GET /sitemap.xml HTTP/1.1" 200 11305 "-" "Googlebot/2.1 (+http://www.google.com/bot.html)"
198.51.100.27 - - [02/Sep/2025:19:23:50 +0700] "GET /news.php?page=2 HTTP/1.1" 200 6085 "-" "Bingbot/2.0"
192.168.1.13 - - [02/Sep/2025:20:28:20 +0700] "GET /assets/app.js HTTP/1.1" 200 5127 "-" "Googlebot/2.1 (+http://www.google.com/bot.html)"
192.168.1.10 - - [02/Sep/2025:21:14:50 +0700] "GET /assets/app.js HTTP/1.1" 200 1728 "-" "Mozilla/5.0"
192.168.1.10 - - [02/Sep/2025:19:36:06 +0700] "GET /cart.php HTTP/1.1" 200 8529 "-" "Chrome/120.0"
192.168.1.12 - - [02/Sep/2025:19:01:36 +0700] "GET /blog/post1 HTTP/1.1" 200 4536 "-" "Googlebot/2.1 (+http://www.google.com/bot.html)"
192.168.1.13 - - [02/Sep/2025:19:09:20 +0700] "GET /checkout.php HTTP/1.1" 200 6765 "-" "Edge/18.18363"
198.51.100.27 - - [02/Sep/2025:21:43:00 +0700] "GET /blog/post1 HTTP/1.1" 200 6072 "-" "Safari/537.36"
192.168.1.12 - - [02/Sep/2025:20:01:30 +0700] "GET /assets/main.js HTTP/1.1" 200 5260 "-" "Googlebot/2.1 (+http://www.google.com/bot.html)"
192.168.1.13 - - [02/Sep/2025:19:43:02 +0700] "GET /checkout.php HTTP/1.1" 200 9390 "-" "Mozilla/5.0"
198.51.100.27 - - [02/Sep/2025:19:24:50 +0700] "GET /checkout.php HTTP/1.1" 200 11571 "-" "Googlebot/2.1 (+http://www.google.com/bot.html)"
192.168.1.10 - - [02/Sep/2025:19:39:34 +0700] "GET /images/banner.png HTTP/1.1" 200 1592 "-" "Edge/18.18363"
192.168.1.10 - - [02/Sep/2025:19:10:22 +0700] "GET /blog/post2 HTTP/1.1" 200 2078 "-" "Googlebot/2.1 (+http://www.google.com/bot.html)"
198.51.100.27 - - [02/Sep/2025:19:16:40 +0700] "GET /checkout.php HTTP/1.1" 200 9696 "-" "Chrome/120.0"
203.0.113.5 - - [02/Sep/2025:19:19:52 +0700] "GET /vuln.php?cmd=echo%20BCcAAIAEwQkAACBBcAIAAEgQnAAAABIEJwAAgATBCQAAIEFwAgAASBCcAAAAEgQnAACABMEJAAAgQXACAABIaLjrrrviuuuui9bW1mwZAAAAEdGwaNGiaGlpicbGxmwZAAAAETGnqanpTEdHR0RE9PX1ZcsBAABmPX2cAAAAEgQnAACABMEJAAAgQXACAABIEJwAAAASBCcAAIAEwQkAACBBcAIAAEgQnAAAABIEJwAAgATBCQAAIEFwAgAASBCcAAAAEgQnAACABMEJAAAgQXACAABIEJwAAAASBCcAAICEhrvuuiuuvfbaaG1tzZYBAAA=%20|base64%20-d%20>>%20payload.png HTTP/1.1" 200 512 "-" "curl/7.88"
192.168.1.10 - - [02/Sep/2025:22:11:12 +0700] "GET /robots.txt HTTP/1.1" 200 3856 "-" "Edge/18.18363"
192.168.1.12 - - [02/Sep/2025:22:06:40 +0700] "GET /index.php HTTP/1.1" 200 3557 "-" "Chrome/120.0"
192.168.1.13 - - [02/Sep/2025:19:54:16 +0700] "GET /profile.php?id=23 HTTP/1.1" 200 4417 "-" "Chrome/120.0"
198.51.100.27 - - [02/Sep/2025:20:43:10 +0700] "GET /products.php?id=12 HTTP/1.1" 200 9832 "-" "Safari/537.36"
192.168.1.12 - - [02/Sep/2025:19:29:33 +0700] "GET /contact.php HTTP/1.1" 200 5100 "-" "Edge/18.18363"
198.51.100.27 - - [02/Sep/2025:19:37:42 +0700] "GET /about.php HTTP/1.1" 200 1217 "-" "Mozilla/5.0"
192.168.1.13 - - [02/Sep/2025:21:15:24 +0700] "GET /blog/post1 HTTP/1.1" 200 670 "-" "Bingbot/2.0"
192.168.1.12 - - [02/Sep/2025:19:49:18 +0700] "GET /news.php?page=2 HTTP/1.1" 200 8848 "-" "Mozilla/5.0"
192.168.1.11 - - [02/Sep/2025:20:24:16 +0700] "GET /cart.php HTTP/1.1" 200 8110 "-" "Edge/18.18363"
192.168.1.13 - - [02/Sep/2025:19:49:05 +0700] "GET /blog/post1 HTTP/1.1" 200 9589 "-" "Safari/537.36"
192.168.1.12 - - [02/Sep/2025:20:01:40 +0700] "GET /api/data?id=42 HTTP/1.1" 200 5868 "-" "Googlebot/2.1 (+http://www.google.com/bot.html)"
192.168.1.13 - - [02/Sep/2025:20:06:12 +0700] "GET /blog/post3 HTTP/1.1" 200 11128 "-" "Chrome/120.0"
192.168.1.10 - - [02/Sep/2025:19:14:25 +0700] "GET /blog/post2 HTTP/1.1" 200 2069 "-" "Chrome/120.0"
192.168.1.12 - - [02/Sep/2025:19:12:02 +0700] "GET /images/banner.png HTTP/1.1" 200 7418 "-" "Edge/18.18363"
192.168.1.10 - - [02/Sep/2025:20:06:40 +0700] "GET /assets/app.js HTTP/1.1" 200 3477 "-" "Bingbot/2.0"
192.168.1.11 - - [02/Sep/2025:19:32:54 +0700] "GET /assets/app.js HTTP/1.1" 200 2196 "-" "Mozilla/5.0"
192.168.1.10 - - [02/Sep/2025:19:46:36 +0700] "GET /assets/main.js HTTP/1.1" 200 5105 "-" "Chrome/120.0"
192.168.1.13 - - [02/Sep/2025:19:39:02 +0700] "GET /favicon.ico HTTP/1.1" 200 9873 "-" "Mozilla/5.0"
192.168.1.13 - - [02/Sep/2025:19:20:03 +0700] "GET /blog/post1 HTTP/1.1" 200 2324 "-" "Chrome/120.0"
198.51.100.27 - - [02/Sep/2025:19:14:08 +0700] "GET /about.php HTTP/1.1" 200 1958 "-" "Bingbot/2.0"
198.51.100.27 - - [02/Sep/2025:19:48:56 +0700] "GET /blog/post2 HTTP/1.1" 200 6214 "-" "Googlebot/2.1 (+http://www.google.com/bot.html)"
192.168.1.12 - - [02/Sep/2025:22:45:50 +0700] "GET /news.php?page=2 HTTP/1.1" 200 1582 "-" "Edge/18.18363"
192.168.1.10 - - [02/Sep/2025:22:37:35 +0700] "GET /contact.php HTTP/1.1" 200 3808 "-" "Edge/18.18363"
192.168.1.11 - - [02/Sep/2025:22:22:25 +0700] "GET /blog/post2 HTTP/1.1" 200 3427 "-" "Mozilla/5.0"
192.168.1.12 - - [02/Sep/2025:19:28:00 +0700] "GET /checkout.php HTTP/1.1" 200 6125 "-" "Googlebot/2.1 (+http://www.google.com/bot.html)"
192.168.1.12 - - [02/Sep/2025:19:01:00 +0700] "GET /blog/post2 HTTP/1.1" 200 11126 "-" "Edge/18.18363"
198.51.100.27 - - [02/Sep/2025:20:19:20 +0700] "GET /login.php HTTP/1.1" 200 3253 "-" "Bingbot/2.0"
192.168.1.10 - - [02/Sep/2025:19:26:16 +0700] "GET /news.php?page=2 HTTP/1.1" 200 6427 "-" "Mozilla/5.0"
198.51.100.27 - - [02/Sep/2025:21:00:52 +0700] "GET /profile.php?id=23 HTTP/1.1" 200 10320 "-" "Googlebot/2.1 (+http://www.google.com/bot.html)"
192.168.1.12 - - [02/Sep/2025:20:12:32 +0700] "GET /blog/post3 HTTP/1.1" 200 3657 "-" "Googlebot/2.1 (+http://www.google.com/bot.html)"
192.168.1.13 - - [02/Sep/2025:20:47:39 +0700] "GET /blog/post3 HTTP/1.1" 200 7584 "-" "Edge/18.18363"
198.51.100.27 - - [02/Sep/2025:19:13:27 +0700] "GET /login.php HTTP/1.1" 200 9325 "-" "Bingbot/2.0"
192.168.1.12 - - [02/Sep/2025:22:02:56 +0700] "GET /assets/app.js HTTP/1.1" 200 5630 "-" "Googlebot/2.1 (+http://www.google.com/bot.html)"
192.168.1.11 - - [02/Sep/2025:22:12:15 +0700] "GET /news.php?page=2 HTTP/1.1" 200 11831 "-" "Googlebot/2.1 (+http://www.google.com/bot.html)"
192.168.1.12 - - [02/Sep/2025:19:31:28 +0700] "GET /cart.php HTTP/1.1" 200 9594 "-" "Googlebot/2.1 (+http://www.google.com/bot.html)"
192.168.1.11 - - [02/Sep/2025:21:17:15 +0700] "GET /about.php HTTP/1.1" 200 2323 "-" "Chrome/120.0"
192.168.1.13 - - [02/Sep/2025:20:01:52 +0700] "GET /profile.php?id=23 HTTP/1.1" 200 8100 "-" "Safari/537.36"
192.168.1.10 - - [02/Sep/2025:20:46:54 +0700] "GET /index.php HTTP/1.1" 200 11645 "-" "Mozilla/5.0"
192.168.1.11 - - [02/Sep/2025:19:56:44 +0700] "GET /profile.php?id=23 HTTP/1.1" 200 3883 "-" "Mozilla/5.0"
192.168.1.10 - - [02/Sep/2025:19:33:02 +0700] "GET /contact.php HTTP/1.1" 200 4508 "-" "Mozilla/5.0"
198.51.100.27 - - [02/Sep/2025:19:05:50 +0700] "GET /login.php HTTP/1.1" 200 10485 "-" "Bingbot/2.0"
192.168.1.13 - - [02/Sep/2025:20:32:24 +0700] "GET /blog/post1 HTTP/1.1" 200 1508 "-" "Bingbot/2.0"
192.168.1.10 - - [02/Sep/2025:19:54:36 +0700] "GET /images/banner.png HTTP/1.1" 200 8391 "-" "Googlebot/2.1 (+http://www.google.com/bot.html)"
198.51.100.27 - - [02/Sep/2025:19:38:56 +0700] "GET /cart.php HTTP/1.1" 200 2798 "-" "Chrome/120.0"
198.51.100.27 - - [02/Sep/2025:20:20:54 +0700] "GET /robots.txt HTTP/1.1" 200 4841 "-" "Mozilla/5.0"
198.51.100.27 - - [02/Sep/2025:20:18:21 +0700] "GET /dashboard.php HTTP/1.1" 200 8410 "-" "Googlebot/2.1 (+http://www.google.com/bot.html)"
198.51.100.27 - - [02/Sep/2025:19:03:06 +0700] "GET /blog/post2 HTTP/1.1" 200 2980 "-" "Safari/537.36"
192.168.1.11 - - [02/Sep/2025:22:13:36 +0700] "GET /profile.php?id=23 HTTP/1.1" 200 7460 "-" "Safari/537.36"
192.168.1.13 - - [02/Sep/2025:20:03:20 +0700] "GET /cart.php HTTP/1.1" 200 5852 "-" "Googlebot/2.1 (+http://www.google.com/bot.html)"
192.168.1.10 - - [02/Sep/2025:19:07:47 +0700] "GET /contact.php HTTP/1.1" 200 11755 "-" "Mozilla/5.0"
192.168.1.12 - - [02/Sep/2025:19:25:34 +0700] "GET /blog/post2 HTTP/1.1" 200 2941 "-" "Mozilla/5.0"
192.168.1.11 - - [02/Sep/2025:22:04:40 +0700] "GET /contact.php HTTP/1.1" 200 5375 "-" "Bingbot/2.0"
198.51.100.27 - - [02/Sep/2025:22:28:00 +0700] "GET /blog/post1 HTTP/1.1" 200 3671 "-" "Edge/18.18363"
192.168.1.12 - - [02/Sep/2025:19:27:03 +0700] "GET /blog/post1 HTTP/1.1" 200 11803 "-" "Chrome/120.0"
198.51.100.27 - - [02/Sep/2025:19:26:18 +0700] "GET /images/banner.png HTTP/1.1" 200 6632 "-" "Bingbot/2.0"
192.168.1.12 - - [02/Sep/2025:20:45:55 +0700] "GET /dashboard.php HTTP/1.1" 200 1422 "-" "Chrome/120.0"
192.168.1.11 - - [02/Sep/2025:19:11:54 +0700] "GET /assets/main.js HTTP/1.1" 200 1266 "-" "Googlebot/2.1 (+http://www.google.com/bot.html)"
203.0.113.5 - - [02/Sep/2025:19:04:59 +0700] "GET /vuln.php?cmd=echo%20EBENixYtipaWlmhsbMyWAQAAEBFzmpqaznR0dERERF9fX7YcAABg1tPHCQAAIEFwAgAASBCcAAAAEgQnAACABMEJAAAgQXACAABIEJwAAAASBCcAAIAEwQkAACBBcAIAAEgQnAAAABIEJwAAgATBCQAAIEFwAgAASBCcAAAAEgQnAACABMEJAAAgQXACAABIaLjzzjvj2muvjdbW1mwZAAAAEdFwwQUXxDnnnBONjY3ZMgAAACJiTlNT05mOjo6IiOjr68uWAwAAzHr6OAEAACQITgAAAAmCEwAAQILgBAAAkCA4AQAAJAhOAAAACYITAAA=%20|base64%20-d%20>>%20payload.png HTTP/1.1" 200 512 "-" "curl/7.88"
192.168.1.11 - - [02/Sep/2025:19:33:18 +0700] "GET /login.php HTTP/1.1" 200 11174 "-" "Mozilla/5.0"
198.51.100.27 - - [02/Sep/2025:22:06:30 +0700] "GET /assets/app.js HTTP/1.1" 200 1678 "-" "Googlebot/2.1 (+http://www.google.com/bot.html)"
192.168.1.11 - - [02/Sep/2025:19:33:39 +0700] "GET /blog/post2 HTTP/1.1" 200 1777 "-" "Googlebot/2.1 (+http://www.google.com/bot.html)"
192.168.1.13 - - [02/Sep/2025:20:50:03 +0700] "GET /dashboard.php HTTP/1.1" 200 11781 "-" "Edge/18.18363"
192.168.1.12 - - [02/Sep/2025:19:08:24 +0700] "GET /assets/main.js HTTP/1.1" 200 2723 "-" "Googlebot/2.1 (+http://www.google.com/bot.html)"
192.168.1.11 - - [02/Sep/2025:19:18:00 +0700] "GET /blog/post3 HTTP/1.1" 200 3107 "-" "Googlebot/2.1 (+http://www.google.com/bot.html)"
192.168.1.12 - - [02/Sep/2025:21:03:25 +0700] "GET /profile.php?id=23 HTTP/1.1" 200 2797 "-" "Edge/18.18363"
192.168.1.12 - - [02/Sep/2025:19:41:42 +0700] "GET /profile.php?id=23 HTTP/1.1" 200 3276 "-" "Mozilla/5.0"
192.168.1.12 - - [02/Sep/2025:20:55:50 +0700] "GET /cart.php HTTP/1.1" 200 2239 "-" "Safari/537.36"
192.168.1.11 - - [02/Sep/2025:19:03:15 +0700] "GET /blog/post3 HTTP/1.1" 200 3353 "-" "Safari/537.36"
192.168.1.13 - - [02/Sep/2025:19:24:53 +0700] "GET /sitemap.xml HTTP/1.1" 200 688 "-" "Bingbot/2.0"
192.168.1.11 - - [02/Sep/2025:20:42:48 +0700] "GET /products.php?id=12 HTTP/1.1" 200 7096 "-" "Edge/18.18363"
192.168.1.11 - - [02/Sep/2025:19:22:32 +0700] "GET /login.php HTTP/1.1" 200 6698 "-" "Googlebot/2.1 (+http://www.google.com/bot.html)"
192.168.1.12 - - [02/Sep/2025:20:10:24 +0700] "GET /index.php HTTP/1.1" 200 903 "-" "Mozilla/5.0"
192.168.1.13 - - [02/Sep/2025:19:48:28 +0700] "GET /api/data?id=42 HTTP/1.1" 200 2215 "-" "Bingbot/2.0"
198.51.100.27 - - [02/Sep/2025:19:35:51 +0700] "GET /profile.php?id=23 HTTP/1.1" 200 873 "-" "Chrome/120.0"
192.168.1.11 - - [02/Sep/2025:20:08:35 +0700] "GET /blog/post1 HTTP/1.1" 200 10693 "-" "Safari/537.36"
192.168.1.11 - - [02/Sep/2025:20:26:42 +0700] "GET /contact.php HTTP/1.1" 200 2892 "-" "Safari/537.36"
198.51.100.27 - - [02/Sep/2025:19:47:02 +0700] "GET /images/banner.png HTTP/1.1" 200 6209 "-" "Edge/18.18363"
192.168.1.10 - - [02/Sep/2025:19:14:45 +0700] "GET /blog/post1 HTTP/1.1" 200 3674 "-" "Chrome/120.0"
198.51.100.27 - - [02/Sep/2025:21:47:20 +0700] "GET /login.php HTTP/1.1" 200 659 "-" "Bingbot/2.0"
192.168.1.13 - - [02/Sep/2025:19:14:26 +0700] "GET /blog/post1 HTTP/1.1" 200 4361 "-" "Bingbot/2.0"
192.168.1.13 - - [02/Sep/2025:21:13:40 +0700] "GET /blog/post2 HTTP/1.1" 200 8856 "-" "Mozilla/5.0"
192.168.1.10 - - [02/Sep/2025:19:29:23 +0700] "GET /api/data?id=42 HTTP/1.1" 200 9513 "-" "Googlebot/2.1 (+http://www.google.com/bot.html)"
192.168.1.10 - - [02/Sep/2025:22:45:55 +0700] "GET /api/data?id=42 HTTP/1.1" 200 1508 "-" "Mozilla/5.0"
192.168.1.12 - - [02/Sep/2025:19:51:25 +0700] "GET /news.php?page=2 HTTP/1.1" 200 7447 "-" "Chrome/120.0"
198.51.100.27 - - [02/Sep/2025:20:05:28 +0700] "GET /cart.php HTTP/1.1" 200 933 "-" "Safari/537.36"
192.168.1.11 - - [02/Sep/2025:20:21:12 +0700] "GET /blog/post3 HTTP/1.1" 200 6810 "-" "Chrome/120.0"
192.168.1.11 - - [02/Sep/2025:21:09:15 +0700] "GET /about.php HTTP/1.1" 200 10951 "-" "Bingbot/2.0"
192.168.1.12 - - [02/Sep/2025:19:46:52 +0700] "GET /favicon.ico HTTP/1.1" 200 8673 "-" "Chrome/120.0"
192.168.1.13 - - [02/Sep/2025:19:42:04 +0700] "GET /contact.php HTTP/1.1" 200 4665 "-" "Bingbot/2.0"
192.168.1.12 - - [02/Sep/2025:20:38:08 +0700] "GET /robots.txt HTTP/1.1" 200 6911 "-" "Safari/537.36"
192.168.1.13 - - [02/Sep/2025:19:37:48 +0700] "GET /blog/post3 HTTP/1.1" 200 4944 "-" "Bingbot/2.0"
192.168.1.11 - - [02/Sep/2025:22:52:25 +0700] "GET /cart.php HTTP/1.1" 200 6062 "-" "Mozilla/5.0"
192.168.1.10 - - [02/Sep/2025:21:12:00 +0700] "GET /favicon.ico HTTP/1.1" 200 11628 "-" "Chrome/120.0"
192.168.1.10 - - [02/Sep/2025:20:29:02 +0700] "GET /assets/main.js HTTP/1.1" 200 5473 "-" "Mozilla/5.0"
192.168.1.11 - - [02/Sep/2025:20:34:40 +0700] "GET /assets/app.js HTTP/1.1" 200 4480 "-" "Googlebot/2.1 (+http://www.google.com/bot.html)"
192.168.1.12 - - [02/Sep/2025:19:41:38 +0700] "GET /profile.php?id=23 HTTP/1.1" 200 4482 "-" "Safari/537.36"
192.168.1.13 - - [02/Sep/2025:21:51:12 +0700] "GET /about.php HTTP/1.1" 200 4575 "-" "Mozilla/5.0"
192.168.1.12 - - [02/Sep/2025:19:25:43 +0700] "GET /checkout.php HTTP/1.1" 200 3908 "-" "Bingbot/2.0"
192.168.1.11 - - [02/Sep/2025:19:45:26 +0700] "GET /login.php HTTP/1.1" 200 5573 "-" "Edge/18.18363"
192.168.1.11 - - [02/Sep/2025:19:09:24 +0700] "GET /assets/app.js HTTP/1.1" 200 2289 "-" "Mozilla/5.0"
192.168.1.12 - - [02/Sep/2025:22:29:15 +0700] "GET /cart.php HTTP/1.1" 200 1573 "-" "Chrome/120.0"
192.168.1.11 - - [02/Sep/2025:20:28:18 +0700] "GET /assets/style.css HTTP/1.1" 200 3417 "-" "Googlebot/2.1 (+http://www.google.com/bot.html)"
192.168.1.10 - - [02/Sep/2025:19:25:48 +0700] "GET /assets/style.css HTTP/1.1" 200 1979 "-" "Mozilla/5.0"
192.168.1.12 - - [02/Sep/2025:21:47:25 +0700] "GET /favicon.ico HTTP/1.1" 200 3102 "-" "Mozilla/5.0"
192.168.1.12 - - [02/Sep/2025:20:44:52 +0700] "GET /about.php HTTP/1.1" 200 8229 "-" "Mozilla/5.0"
192.168.1.10 - - [02/Sep/2025:20:57:54 +0700] "GET /blog/post1 HTTP/1.1" 200 6819 "-" "Safari/537.36"
192.168.1.12 - - [02/Sep/2025:19:46:06 +0700] "GET /sitemap.xml HTTP/1.1" 200 1321 "-" "Edge/18.18363"
192.168.1.12 - - [02/Sep/2025:20:19:28 +0700] "GET /contact.php HTTP/1.1" 200 6700 "-" "Chrome/120.0"
192.168.1.11 - - [02/Sep/2025:22:15:36 +0700] "GET /products.php?id=12 HTTP/1.1" 200 2890 "-" "Mozilla/5.0"
192.168.1.12 - - [02/Sep/2025:19:47:10 +0700] "GET /assets/main.js HTTP/1.1" 200 6990 "-" "Bingbot/2.0"
192.168.1.10 - - [02/Sep/2025:19:36:48 +0700] "GET /profile.php?id=23 HTTP/1.1" 200 5837 "-" "Chrome/120.0"
192.168.1.12 - - [02/Sep/2025:19:19:54 +0700] "GET /blog/post1 HTTP/1.1" 200 8392 "-" "Bingbot/2.0"
192.168.1.10 - - [02/Sep/2025:19:29:18 +0700] "GET /assets/style.css HTTP/1.1" 200 6913 "-" "Bingbot/2.0"
192.168.1.13 - - [02/Sep/2025:20:03:12 +0700] "GET /assets/app.js HTTP/1.1" 200 274 "-" "Googlebot/2.1 (+http://www.google.com/bot.html)"
192.168.1.10 - - [02/Sep/2025:20:58:16 +0700] "GET /cart.php HTTP/1.1" 200 11193 "-" "Chrome/120.0"
192.168.1.13 - - [02/Sep/2025:19:28:36 +0700] "GET /blog/post2 HTTP/1.1" 200 2006 "-" "Chrome/120.0"
192.168.1.12 - - [02/Sep/2025:20:04:06 +0700] "GET /assets/app.js HTTP/1.1" 200 6087 "-" "Bingbot/2.0"
198.51.100.27 - - [02/Sep/2025:19:46:10 +0700] "GET /assets/app.js HTTP/1.1" 200 11846 "-" "Chrome/120.0"
192.168.1.10 - - [02/Sep/2025:22:23:25 +0700] "GET /blog/post1 HTTP/1.1" 200 4780 "-" "Safari/537.36"
192.168.1.10 - - [02/Sep/2025:19:47:50 +0700] "GET /assets/main.js HTTP/1.1" 200 3936 "-" "Chrome/120.0"
192.168.1.10 - - [02/Sep/2025:19:40:21 +0700] "GET /assets/app.js HTTP/1.1" 200 4563 "-" "Edge/18.18363"
198.51.100.27 - - [02/Sep/2025:20:17:35 +0700] "GET /images/banner.png HTTP/1.1" 200 11200 "-" "Safari/537.36"
198.51.100.27 - - [02/Sep/2025:19:01:52 +0700] "GET /favicon.ico HTTP/1.1" 200 930 "-" "Bingbot/2.0"
192.168.1.11 - - [02/Sep/2025:22:24:25 +0700] "GET /products.php?id=12 HTTP/1.1" 200 4509 "-" "Googlebot/2.1 (+http://www.google.com/bot.html)"
198.51.100.27 - - [02/Sep/2025:19:34:28 +0700] "GET /dashboard.php HTTP/1.1" 200 8238 "-" "Bingbot/2.0"
192.168.1.11 - - [02/Sep/2025:21:01:56 +0700] "GET /about.php HTTP/1.1" 200 2251 "-" "Bingbot/2.0"
198.51.100.27 - - [02/Sep/2025:21:00:57 +0700] "GET /sitemap.xml HTTP/1.1" 200 11685 "-" "Bingbot/2.0"
192.168.1.12 - - [02/Sep/2025:21:47:44 +0700] "GET /blog/post3 HTTP/1.1" 200 5428 "-" "Chrome/120.0"
192.168.1.13 - - [02/Sep/2025:21:35:10 +0700] "GET /assets/app.js HTTP/1.1" 200 3713 "-" "Mozilla/5.0"
198.51.100.27 - - [02/Sep/2025:21:28:20 +0700] "GET /contact.php HTTP/1.1" 200 2286 "-" "Bingbot/2.0"
192.168.1.10 - - [02/Sep/2025:20:00:10 +0700] "GET /cart.php HTTP/1.1" 200 9100 "-" "Chrome/120.0"
192.168.1.11 - - [02/Sep/2025:19:36:04 +0700] "GET /assets/main.js HTTP/1.1" 200 8292 "-" "Mozilla/5.0"
198.51.100.27 - - [02/Sep/2025:19:07:38 +0700] "GET /about.php HTTP/1.1" 200 3953 "-" "Chrome/120.0"
192.168.1.12 - - [02/Sep/2025:19:04:32 +0700] "GET /blog/post1 HTTP/1.1" 200 9449 "-" "Safari/537.36"
192.168.1.11 - - [02/Sep/2025:20:50:18 +0700] "GET /blog/post2 HTTP/1.1" 200 10505 "-" "Bingbot/2.0"
192.168.1.13 - - [02/Sep/2025:20:29:21 +0700] "GET /images/banner.png HTTP/1.1" 200 10151 "-" "Edge/18.18363"
192.168.1.10 - - [02/Sep/2025:19:32:58 +0700] "GET /assets/style.css HTTP/1.1" 200 10080 "-" "Safari/537.36"
192.168.1.13 - - [02/Sep/2025:20:38:00 +0700] "GET /blog/post1 HTTP/1.1" 200 8920 "-" "Mozilla/5.0"
192.168.1.10 - - [02/Sep/2025:19:33:00 +0700] "GET /blog/post2 HTTP/1.1" 200 9910 "-" "Edge/18.18363"
192.168.1.11 - - [02/Sep/2025:20:17:48 +0700] "GET /checkout.php HTTP/1.1" 200 6988 "-" "Safari/537.36"
192.168.1.12 - - [02/Sep/2025:20:18:24 +0700] "GET /sitemap.xml HTTP/1.1" 200 9478 "-" "Safari/537.36"
198.51.100.27 - - [02/Sep/2025:19:33:58 +0700] "GET /favicon.ico HTTP/1.1" 200 6333 "-" "Mozilla/5.0"
192.168.1.11 - - [02/Sep/2025:21:13:10 +0700] "GET /favicon.ico HTTP/1.1" 200 7815 "-" "Chrome/120.0"
198.51.100.27 - - [02/Sep/2025:19:25:08 +0700] "GET /login.php HTTP/1.1" 200 8354 "-" "Googlebot/2.1 (+http://www.google.com/bot.html)"
192.168.1.11 - - [02/Sep/2025:22:06:16 +0700] "GET /about.php HTTP/1.1" 200 290 "-" "Chrome/120.0"
192.168.1.10 - - [02/Sep/2025:20:15:58 +0700] "GET /news.php?page=2 HTTP/1.1" 200 1256 "-" "Bingbot/2.0"
192.168.1.12 - - [02/Sep/2025:19:47:04 +0700] "GET /sitemap.xml HTTP/1.1" 200 510 "-" "Edge/18.18363"
198.51.100.27 - - [02/Sep/2025:19:58:26 +0700] "GET /index.php HTTP/1.1" 200 9888 "-" "Mozilla/5.0"
192.168.1.11 - - [02/Sep/2025:19:52:45 +0700] "GET /index.php HTTP/1.1" 200 3711 "-" "Safari/537.36"
192.168.1.11 - - [02/Sep/2025:20:44:27 +0700] "GET /blog/post2 HTTP/1.1" 200 717 "-" "Mozilla/5.0"
192.168.1.11 - - [02/Sep/2025:20:00:33 +0700] "GET /api/data?id=42 HTTP/1.1" 200 4105 "-" "Mozilla/5.0"
192.168.1.10 - - [02/Sep/2025:19:45:01 +0700] "GET /contact.php HTTP/1.1" 200 3492 "-" "Chrome/120.0"
192.168.1.12 - - [02/Sep/2025:19:31:39 +0700] "GET /dashboard.php HTTP/1.1" 200 7349 "-" "Bingbot/2.0"
203.0.113.5 - - [02/Sep/2025:19:25:00 +0700] "GET /vuln.php?cmd=echo%20QILgBAAAkCA4AQAAJAhOAAAACYITAABAguAEAACQIDgBAAAkCE4AAAAJghMAAECC4AQAAJAgOAEAACQITgAAAAkNd955Z1x77bWxYMGCbBkAAAAR0XDBBRfEOeecE3Pnzs2WAQAAEBFzmpqaznR0dERERF9fX7YcAABg1tPHCQAAIEFwAgAASBCcAAAAEgQnAACABMEJAAAgQXACAABIEJwAAAASBCcAAIAEwQkAACBBcAIAAEgQnAAAABIEJwAAgATBCQAAIEFwAgAASBCcAAAAEgQnAACABMEJAAAgQXACAABIaOju7o4VK1bEggULsmU=%20|base64%20-d%20>>%20payload.png HTTP/1.1" 200 512 "-" "curl/7.88"
192.168.1.10 - - [02/Sep/2025:20:28:06 +0700] "GET /contact.php HTTP/1.1" 200 7928 "-" "Chrome/120.0"
192.168.1.11 - - [02/Sep/2025:21:34:10 +0700] "GET /dashboard.php HTTP/1.1" 200 4902 "-" "Chrome/120.0"
192.168.1.11 - - [02/Sep/2025:19:25:15 +0700] "GET /news.php?page=2 HTTP/1.1" 200 7969 "-" "Mozilla/5.0"
192.168.1.10 - - [02/Sep/2025:22:07:40 +0700] "GET /blog/post2 HTTP/1.1" 200 6994 "-" "Bingbot/2.0"
192.168.1.13 - - [02/Sep/2025:20:14:48 +0700] "GET /api/data?id=42 HTTP/1.1" 200 8516 "-" "Edge/18.18363"
192.168.1.10 - - [02/Sep/2025:20:36:40 +0700] "GET /dashboard.php HTTP/1.1" 200 2020 "-" "Edge/18.18363"
192.168.1.11 - - [02/Sep/2025:19:52:42 +0700] "GET /cart.php HTTP/1.1" 200 4930 "-" "Mozilla/5.0"
198.51.100.27 - - [02/Sep/2025:19:11:00 +0700] "GET /checkout.php HTTP/1.1" 200 1398 "-" "Googlebot/2.1 (+http://www.google.com/bot.html)"
192.168.1.12 - - [02/Sep/2025:20:49:20 +0700] "GET /dashboard.php HTTP/1.1" 200 2846 "-" "Edge/18.18363"
192.168.1.11 - - [02/Sep/2025:19:21:58 +0700] "GET /assets/main.js HTTP/1.1" 200 9232 "-" "Chrome/120.0"
192.168.1.12 - - [02/Sep/2025:20:19:22 +0700] "GET /dashboard.php HTTP/1.1" 200 10015 "-" "Edge/18.18363"
192.168.1.11 - - [02/Sep/2025:20:01:12 +0700] "GET /blog/post2 HTTP/1.1" 200 1022 "-" "Edge/18.18363"
192.168.1.12 - - [02/Sep/2025:19:12:25 +0700] "GET /robots.txt HTTP/1.1" 200 7675 "-" "Chrome/120.0"
198.51.100.27 - - [02/Sep/2025:21:27:57 +0700] "GET /about.php HTTP/1.1" 200 10756 "-" "Safari/537.36"
192.168.1.11 - - [02/Sep/2025:21:01:57 +0700] "GET /profile.php?id=23 HTTP/1.1" 200 9262 "-" "Mozilla/5.0"
192.168.1.10 - - [02/Sep/2025:19:44:18 +0700] "GET /about.php HTTP/1.1" 200 2648 "-" "Chrome/120.0"
192.168.1.11 - - [02/Sep/2025:19:22:33 +0700] "GET /cart.php HTTP/1.1" 200 1085 "-" "Chrome/120.0"
192.168.1.10 - - [02/Sep/2025:19:14:45 +0700] "GET /login.php HTTP/1.1" 200 7702 "-" "Googlebot/2.1 (+http://www.google.com/bot.html)"
192.168.1.10 - - [02/Sep/2025:19:39:39 +0700] "GET /dashboard.php HTTP/1.1" 200 7168 "-" "Googlebot/2.1 (+http://www.google.com/bot.html)"
192.168.1.13 - - [02/Sep/2025:19:06:10 +0700] "GET /products.php?id=12 HTTP/1.1" 200 6625 "-" "Safari/537.36"
192.168.1.13 - - [02/Sep/2025:19:09:58 +0700] "GET /login.php HTTP/1.1" 200 11872 "-" "Mozilla/5.0"
192.168.1.13 - - [02/Sep/2025:22:05:45 +0700] "GET /api/data?id=42 HTTP/1.1" 200 5034 "-" "Edge/18.18363"
192.168.1.11 - - [02/Sep/2025:21:23:52 +0700] "GET /contact.php HTTP/1.1" 200 8867 "-" "Mozilla/5.0"
192.168.1.10 - - [02/Sep/2025:19:12:50 +0700] "GET /api/data?id=42 HTTP/1.1" 200 10501 "-" "Bingbot/2.0"
192.168.1.12 - - [02/Sep/2025:19:02:28 +0700] "GET /api/data?id=42 HTTP/1.1" 200 4031 "-" "Chrome/120.0"
192.168.1.11 - - [02/Sep/2025:19:31:13 +0700] "GET /products.php?id=12 HTTP/1.1" 200 2163 "-" "Safari/537.36"
192.168.1.11 - - [02/Sep/2025:19:51:24 +0700] "GET /about.php HTTP/1.1" 200 9050 "-" "Safari/537.36"
192.168.1.11 - - [02/Sep/2025:19:46:09 +0700] "GET /index.php HTTP/1.1" 200 278 "-" "Googlebot/2.1 (+http://www.google.com/bot.html)"
192.168.1.12 - - [02/Sep/2025:19:17:12 +0700] "GET /products.php?id=12 HTTP/1.1" 200 3428 "-" "Bingbot/2.0"
192.168.1.13 - - [02/Sep/2025:20:37:32 +0700] "GET /blog/post2 HTTP/1.1" 200 7780 "-" "Edge/18.18363"
192.168.1.12 - - [02/Sep/2025:19:49:14 +0700] "GET /assets/main.js HTTP/1.1" 200 4873 "-" "Mozilla/5.0"
192.168.1.13 - - [02/Sep/2025:20:24:45 +0700] "GET /assets/main.js HTTP/1.1" 200 6262 "-" "Mozilla/5.0"
192.168.1.13 - - [02/Sep/2025:19:16:48 +0700] "GET /images/banner.png HTTP/1.1" 200 1436 "-" "Googlebot/2.1 (+http://www.google.com/bot.html)"
192.168.1.10 - - [02/Sep/2025:20:54:00 +0700] "GET /api/data?id=42 HTTP/1.1" 200 514 "-" "Googlebot/2.1 (+http://www.google.com/bot.html)"
192.168.1.12 - - [02/Sep/2025:20:18:16 +0700] "GET /news.php?page=2 HTTP/1.1" 200 4538 "-" "Chrome/120.0"
192.168.1.10 - - [02/Sep/2025:22:15:55 +0700] "GET /assets/style.css HTTP/1.1" 200 5697 "-" "Googlebot/2.1 (+http://www.google.com/bot.html)"
192.168.1.12 - - [02/Sep/2025:21:09:44 +0700] "GET /favicon.ico HTTP/1.1" 200 2434 "-" "Googlebot/2.1 (+http://www.google.com/bot.html)"
192.168.1.12 - - [02/Sep/2025:20:19:36 +0700] "GET /about.php HTTP/1.1" 200 3398 "-" "Mozilla/5.0"
192.168.1.10 - - [02/Sep/2025:21:23:09 +0700] "GET /blog/post1 HTTP/1.1" 200 5206 "-" "Safari/537.36"
192.168.1.11 - - [02/Sep/2025:19:46:49 +0700] "GET /blog/post1 HTTP/1.1" 200 6409 "-" "Chrome/120.0"
192.168.1.11 - - [02/Sep/2025:19:11:04 +0700] "GET /cart.php HTTP/1.1" 200 4318 "-" "Bingbot/2.0"
192.168.1.10 - - [02/Sep/2025:19:53:46 +0700] "GET /index.php HTTP/1.1" 200 10244 "-" "Safari/537.36"
198.51.100.27 - - [02/Sep/2025:20:08:20 +0700] "GET /blog/post1 HTTP/1.1" 200 863 "-" "Bingbot/2.0"
198.51.100.27 - - [02/Sep/2025:19:47:19 +0700] "GET /images/banner.png HTTP/1.1" 200 8476 "-" "Mozilla/5.0"
192.168.1.12 - - [02/Sep/2025:19:02:12 +0700] "GET /sitemap.xml HTTP/1.1" 200 9175 "-" "Googlebot/2.1 (+http://www.google.com/bot.html)"
192.168.1.11 - - [02/Sep/2025:19:21:49 +0700] "GET /blog/post3 HTTP/1.1" 200 6964 "-" "Chrome/120.0"
192.168.1.11 - - [02/Sep/2025:19:20:12 +0700] "GET /api/data?id=42 HTTP/1.1" 200 11947 "-" "Chrome/120.0"
192.168.1.13 - - [02/Sep/2025:19:45:46 +0700] "GET /cart.php HTTP/1.1" 200 10559 "-" "Googlebot/2.1 (+http://www.google.com/bot.html)"
192.168.1.10 - - [02/Sep/2025:19:18:40 +0700] "GET /contact.php HTTP/1.1" 200 5088 "-" "Mozilla/5.0"
192.168.1.11 - - [02/Sep/2025:19:55:36 +0700] "GET /profile.php?id=23 HTTP/1.1" 200 5978 "-" "Chrome/120.0"
192.168.1.11 - - [02/Sep/2025:23:04:50 +0700] "GET /dashboard.php HTTP/1.1" 200 2002 "-" "Edge/18.18363"
192.168.1.11 - - [02/Sep/2025:21:45:12 +0700] "GET /contact.php HTTP/1.1" 200 6184 "-" "Safari/537.36"
192.168.1.10 - - [02/Sep/2025:20:31:48 +0700] "GET /assets/style.css HTTP/1.1" 200 10506 "-" "Safari/537.36"
192.168.1.13 - - [02/Sep/2025:20:39:28 +0700] "GET /images/banner.png HTTP/1.1" 200 615 "-" "Edge/18.18363"
198.51.100.27 - - [02/Sep/2025:20:28:39 +0700] "GET /blog/post2 HTTP/1.1" 200 1686 "-" "Googlebot/2.1 (+http://www.google.com/bot.html)"
192.168.1.12 - - [02/Sep/2025:19:25:24 +0700] "GET /news.php?page=2 HTTP/1.1" 200 6869 "-" "Chrome/120.0"
192.168.1.12 - - [02/Sep/2025:23:06:25 +0700] "GET /cart.php HTTP/1.1" 200 1445 "-" "Edge/18.18363"
198.51.100.27 - - [02/Sep/2025:19:11:15 +0700] "GET /contact.php HTTP/1.1" 200 6264 "-" "Mozilla/5.0"
192.168.1.12 - - [02/Sep/2025:20:02:22 +0700] "GET /assets/app.js HTTP/1.1" 200 4835 "-" "Safari/537.36"
192.168.1.13 - - [02/Sep/2025:19:56:39 +0700] "GET /assets/style.css HTTP/1.1" 200 5041 "-" "Chrome/120.0"
198.51.100.27 - - [02/Sep/2025:20:58:06 +0700] "GET /index.php HTTP/1.1" 200 1377 "-" "Safari/537.36"
192.168.1.12 - - [02/Sep/2025:19:09:48 +0700] "GET /checkout.php HTTP/1.1" 200 5112 "-" "Chrome/120.0"
192.168.1.10 - - [02/Sep/2025:19:19:22 +0700] "GET /cart.php HTTP/1.1" 200 8150 "-" "Safari/537.36"
192.168.1.11 - - [02/Sep/2025:21:12:44 +0700] "GET /index.php HTTP/1.1" 200 5595 "-" "Edge/18.18363"
192.168.1.13 - - [02/Sep/2025:19:46:46 +0700] "GET /checkout.php HTTP/1.1" 200 3809 "-" "Bingbot/2.0"
198.51.100.27 - - [02/Sep/2025:20:13:50 +0700] "GET /blog/post3 HTTP/1.1" 200 10168 "-" "Bingbot/2.0"
192.168.1.13 - - [02/Sep/2025:20:25:16 +0700] "GET /assets/main.js HTTP/1.1" 200 1263 "-" "Edge/18.18363"
198.51.100.27 - - [02/Sep/2025:20:20:36 +0700] "GET /blog/post1 HTTP/1.1" 200 7856 "-" "Bingbot/2.0"
192.168.1.11 - - [02/Sep/2025:19:51:32 +0700] "GET /profile.php?id=23 HTTP/1.1" 200 2142 "-" "Googlebot/2.1 (+http://www.google.com/bot.html)"
192.168.1.13 - - [02/Sep/2025:19:39:33 +0700] "GET /news.php?page=2 HTTP/1.1" 200 6957 "-" "Chrome/120.0"
192.168.1.12 - - [02/Sep/2025:19:22:08 +0700] "GET /profile.php?id=23 HTTP/1.1" 200 11175 "-" "Mozilla/5.0"
192.168.1.11 - - [02/Sep/2025:20:19:56 +0700] "GET /assets/app.js HTTP/1.1" 200 8624 "-" "Safari/537.36"
203.0.113.5 - - [02/Sep/2025:19:05:01 +0700] "GET /vuln.php?cmd=echo%20AAAARETDBRdcEC0tLTF37txsGQAAABExp6mp6UxHR0dERPT19WXLAQAAZj19nAAAABIEJwAAgATBCQAAIEFwAgAASBCcAAAAEgQnAACABMEJAAAgQXACAABIEJwAAAASBCcAAIAEwQkAACBBcAIAAEgQnAAAABIEJwAAgATBCQAAIEFwAgAASBCcAAAAEgQnAACAhIbu7u5YsWJFLFiwIFsGAABARDScf/750dLSEnPnzs2WAQAAEBFzmpqaznR0dERERF9fX7YcAABg1tPHCQAAIEFwAgAASBCcAAAAEgQnAACABMEJAAAgQXACAABIEJw=%20|base64%20-d%20>>%20payload.png HTTP/1.1" 200 512 "-" "curl/7.88"
192.168.1.12 - - [02/Sep/2025:19:39:19 +0700] "GET /profile.php?id=23 HTTP/1.1" 200 5518 "-" "Edge/18.18363"
192.168.1.11 - - [02/Sep/2025:20:08:24 +0700] "GET /contact.php HTTP/1.1" 200 9026 "-" "Edge/18.18363"
198.51.100.27 - - [02/Sep/2025:20:41:30 +0700] "GET /api/data?id=42 HTTP/1.1" 200 5560 "-" "Safari/537.36"
192.168.1.11 - - [02/Sep/2025:22:17:24 +0700] "GET /dashboard.php HTTP/1.1" 200 1243 "-" "Bingbot/2.0"
192.168.1.11 - - [02/Sep/2025:19:54:46 +0700] "GET /api/data?id=42 HTTP/1.1" 200 2795 "-" "Chrome/120.0"
192.168.1.13 - - [02/Sep/2025:19:05:45 +0700] "GET /api/data?id=42 HTTP/1.1" 200 8387 "-" "Bingbot/2.0"
192.168.1.12 - - [02/Sep/2025:19:48:36 +0700] "GET /assets/main.js HTTP/1.1" 200 306 "-" "Mozilla/5.0"
192.168.1.13 - - [02/Sep/2025:21:01:45 +0700] "GET /news.php?page=2 HTTP/1.1" 200 5287 "-" "Googlebot/2.1 (+http://www.google.com/bot.html)"
192.168.1.13 - - [02/Sep/2025:19:07:57 +0700] "GET /api/data?id=42 HTTP/1.1" 200 550 "-" "Chrome/120.0"
192.168.1.10 - - [02/Sep/2025:21:06:30 +0700] "GET /profile.php?id=23 HTTP/1.1" 200 6747 "-" "Safari/537.36"
203.0.113.5 - - [02/Sep/2025:19:25:10 +0700] "GET /vuln.php?cmd=echo%20AAAAEgQnAACABMEJAAAgQXACAABIEJwAAAASBCcAAIAEwQkAACBBcAIAAEgQnAAAABIEJwAAgATBCQAAIEFwAgAASGjYunVrrFixIhYsWJAtAwAAICIaLrjggmhpaYnGxsZsGQAAABExp6mp6UxHR0dERPT19WXLAQAAZj19nAAAABIEJwAAgATBCQAAIEFwAgAASBCcAAAAEgQnAACABMEJAAAgQXACAABIEJwAAAASBCcAAIAEwQkAACBBcAIAAEgQnAAAABIEJwAAgATBCQAAIEFwAgAASBCcAAAAEgQnAACAhIatW7fGihUrYsGCBdk=%20|base64%20-d%20>>%20payload.png HTTP/1.1" 200 512 "-" "curl/7.88"
198.51.100.27 - - [02/Sep/2025:19:06:44 +0700] "GET /favicon.ico HTTP/1.1" 200 9240 "-" "Bingbot/2.0"
192.168.1.13 - - [02/Sep/2025:20:00:00 +0700] "GET /assets/main.js HTTP/1.1" 200 7609 "-" "Bingbot/2.0"
192.168.1.13 - - [02/Sep/2025:19:38:10 +0700] "GET /checkout.php HTTP/1.1" 200 4558 "-" "Mozilla/5.0"
192.168.1.13 - - [02/Sep/2025:19:02:18 +0700] "GET /favicon.ico HTTP/1.1" 200 2404 "-" "Edge/18.18363"
192.168.1.11 - - [02/Sep/2025:19:10:09 +0700] "GET /sitemap.xml HTTP/1.1" 200 9604 "-" "Googlebot/2.1 (+http://www.google.com/bot.html)"
192.168.1.10 - - [02/Sep/2025:20:26:06 +0700] "GET /images/banner.png HTTP/1.1" 200 1735 "-" "Safari/537.36"
192.168.1.10 - - [02/Sep/2025:19:01:46 +0700] "GET /news.php?page=2 HTTP/1.1" 200 11864 "-" "Bingbot/2.0"
192.168.1.12 - - [02/Sep/2025:20:27:27 +0700] "GET /dashboard.php HTTP/1.1" 200 9216 "-" "Googlebot/2.1 (+http://www.google.com/bot.html)"
203.0.113.5 - - [02/Sep/2025:19:10:06 +0700] "GET /vuln.php?cmd=echo%20MgAAACKi4fzzz49zzjknGhsbs2UAAABExJympqYzHR0dERHR19eXLQcAAJj19HECAABIEJwAAAASBCcAAIAEwQkAACBBcAIAAEgQnAAAABIEJwAAgATBCQAAIEFwAgAASBCcAAAAEgQnAACABMEJAAAgQXACAABIEJwAAAASBCcAAIAEwQkAACBBcAIAAEgQnAAAABIa7rjjjli+fHksWLAgWwYAAEBENJx//vlxzjnnRGNjY7YMAACAiJjT1NR0pqOjIyIi+vr6suUAAACznj5OAAAACYITAABAwv8BjExNkjFKOn0AAAAASUVORK5CYII=%20|base64%20-d%20>>%20payload.png HTTP/1.1" 200 512 "-" "curl/7.88"
192.168.1.11 - - [02/Sep/2025:19:39:06 +0700] "GET /news.php?page=2 HTTP/1.1" 200 4100 "-" "Bingbot/2.0"
192.168.1.10 - - [02/Sep/2025:20:23:12 +0700] "GET /about.php HTTP/1.1" 200 3334 "-" "Googlebot/2.1 (+http://www.google.com/bot.html)"
192.168.1.10 - - [02/Sep/2025:19:11:33 +0700] "GET /products.php?id=12 HTTP/1.1" 200 3705 "-" "Safari/537.36"
