198.51.100.27 - - [02/Sep/2025:19:28:45 +0700] "GET /images/banner.png HTTP/1.1" 200 733 "-" "Bingbot/2.0"
198.51.100.27 - - [02/Sep/2025:19:28:20 +0700] "GET /sitemap.xml HTTP/1.1" 200 2356 "-" "Googlebot/2.1 (+http://www.google.com/bot.html)"
192.168.1.10 - - [02/Sep/2025:22:39:30 +0700] "GET /favicon.ico HTTP/1.1" 200 5028 "-" "Chrome/120.0"
192.168.1.12 - - [02/Sep/2025:20:29:09 +0700] "GET /cart.php HTTP/1.1" 200 2898 "-" "Googlebot/2.1 (+http://www.google.com/bot.html)"
192.168.1.12 - - [02/Sep/2025:19:58:16 +0700] "GET /blog/post1 HTTP/1.1" 200 10112 "-" "Edge/18.18363"
192.168.1.12 - - [02/Sep/2025:21:53:30 +0700] "GET /blog/post3 HTTP/1.1" 200 10400 "-" "Chrome/120.0"
192.168.1.11 - - [02/Sep/2025:19:22:33 +0700] "GET /checkout.php HTTP/1.1" 200 9991 "-" "Googlebot/2.1 (+http://www.google.com/bot.html)"
192.168.1.11 - - [02/Sep/2025:20:24:32 +0700] "GET /favicon.ico HTTP/1.1" 200 11969 "-" "Edge/18.18363"
198.51.100.27 - - [02/Sep/2025:19:08:53 +0700] "GET /cart.php HTTP/1.1" 200 4242 "-" "Googlebot/2.1 (+http://www.google.com/bot.html)"
192.168.1.11 - - [02/Sep/2025:20:17:36 +0700] "GET /login.php HTTP/1.1" 200 4886 "-" "Chrome/120.0"
192.168.1.12 - - [02/Sep/2025:22:30:25 +0700] "GET /news.php?page=2 HTTP/1.1" 200 4770 "-" "Edge/18.18363"
198.51.100.27 - - [02/Sep/2025:19:14:53 +0700] "GET /images/banner.png HTTP/1.1" 200 1038 "-" "Mozilla/5.0"
192.168.1.12 - - [02/Sep/2025:20:18:42 +0700] "GET /sitemap.xml HTTP/1.1" 200 306 "-" "Chrome/120.0"
192.168.1.13 - - [02/Sep/2025:19:19:39 +0700] "GET /index.php HTTP/1.1" 200 5334 "-" "Bingbot/2.0"
192.168.1.12 - - [02/Sep/2025:19:54:04 +0700] "GET /cart.php HTTP/1.1" 200 6977 "-" "Safari/537.36"
192.168.1.12 - - [02/Sep/2025:19:21:48 +0700] "GET /blog/post3 HTTP/1.1" 200 4785 "-" "Edge/18.18363"
192.168.1.12 - - [02/Sep/2025:19:59:46 +0700] "GET /sitemap.xml HTTP/1.1" 200 9436 "-" "Edge/18.18363"
192.168.1.11 - - [02/Sep/2025:20:14:36 +0700] "GET /assets/style.css HTTP/1.1" 200 11464 "-" "Safari/537.36"
192.168.1.11 - - [02/Sep/2025:19:49:01 +0700] "GET /profile.php?id=23 HTTP/1.1" 200 9924 "-" "Bingbot/2.0"
198.51.100.27 - - [02/Sep/2025:19:12:43 +0700] "GET /checkout.php HTTP/1.1" 200 6483 "-" "Chrome/120.0"
192.168.1.12 - - [02/Sep/2025:21:52:24 +0700] "GET /login.php HTTP/1.1" 200 3217 "-" "Bingbot/2.0"
192.168.1.13 - - [02/Sep/2025:19:17:48 +0700] "GET /index.php HTTP/1.1" 200 11350 "-" "Chrome/120.0"
198.51.100.27 - - [02/Sep/2025:20:05:32 +0700] "GET /news.php?page=2 HTTP/1.1" 200 11349 "-" "Chrome/120.0"
192.168.1.11 - - [02/Sep/2025:19:09:38 +0700] "GET /checkout.php HTTP/1.1" 200 431 "-" "Safari/537.36"
192.168.1.13 - - [02/Sep/2025:20:35:48 +0700] "GET /assets/style.css HTTP/1.1" 200 2870 "-" "Safari/537.36"
192.168.1.11 - - [02/Sep/2025:19:44:42 +0700] "GET /assets/app.js HTTP/1.1" 200 9222 "-" "Edge/18.18363"
198.51.100.27 - - [02/Sep/2025:21:49:12 +0700] "GET /assets/main.js HTTP/1.1" 200 6000 "-" "Mozilla/5.0"
192.168.1.11 - - [02/Sep/2025:20:47:36 +0700] "GET /news.php?page=2 HTTP/1.1" 200 7879 "-" "Safari/537.36"
192.168.1.12 - - [02/Sep/2025:20:04:05 +0700] "GET /blog/post3 HTTP/1.1" 200 7006 "-" "Edge/18.18363"
192.168.1.13 - - [02/Sep/2025:19:29:59 +0700] "GET /profile.php?id=23 HTTP/1.1" 200 10980 "-" "Mozilla/5.0"
192.168.1.12 - - [02/Sep/2025:21:49:28 +0700] "GET /contact.php HTTP/1.1" 200 11666 "-" "Edge/18.18363"
192.168.1.10 - - [02/Sep/2025:19:38:07 +0700] "GET /assets/style.css HTTP/1.1" 200 8128 "-" "Chrome/120.0"
192.168.1.13 - - [02/Sep/2025:20:17:44 +0700] "GET /blog/post3 HTTP/1.1" 200 1023 "-" "Mozilla/5.0"
192.168.1.13 - - [02/Sep/2025:19:03:06 +0700] "GET /sitemap.xml HTTP/1.1" 200 2238 "-" "Googlebot/2.1 (+http://www.google.com/bot.html)"
192.168.1.13 - - [02/Sep/2025:19:34:48 +0700] "GET /contact.php HTTP/1.1" 200 9663 "-" "Bingbot/2.0"
192.168.1.10 - - [02/Sep/2025:20:09:00 +0700] "GET /sitemap.xml HTTP/1.1" 200 11683 "-" "Googlebot/2.1 (+http://www.google.com/bot.html)"
192.168.1.10 - - [02/Sep/2025:20:31:56 +0700] "GET /index.php HTTP/1.1" 200 9155 "-" "Mozilla/5.0"
192.168.1.12 - - [02/Sep/2025:19:01:21 +0700] "GET /assets/app.js HTTP/1.1" 200 4759 "-" "Mozilla/5.0"
192.168.1.12 - - [02/Sep/2025:20:45:05 +0700] "GET /blog/post2 HTTP/1.1" 200 2498 "-" "Mozilla/5.0"
192.168.1.11 - - [02/Sep/2025:20:06:42 +0700] "GET /images/banner.png HTTP/1.1" 200 6680 "-" "Bingbot/2.0"
192.168.1.13 - - [02/Sep/2025:20:53:36 +0700] "GET /assets/style.css HTTP/1.1" 200 10109 "-" "Safari/537.36"
192.168.1.10 - - [02/Sep/2025:19:30:55 +0700] "GET /checkout.php HTTP/1.1" 200 7379 "-" "Mozilla/5.0"
192.168.1.13 - - [02/Sep/2025:20:31:16 +0700] "GET /checkout.php HTTP/1.1" 200 5010 "-" "Googlebot/2.1 (+http://www.google.com/bot.html)"
192.168.1.11 - - [02/Sep/2025:19:18:17 +0700] "GET /favicon.ico HTTP/1.1" 200 3768 "-" "Safari/537.36"
192.168.1.12 - - [02/Sep/2025:19:07:58 +0700] "GET /cart.php HTTP/1.1" 200 2516 "-" "Mozilla/5.0"
192.168.1.13 - - [02/Sep/2025:19:46:54 +0700] "GET /assets/app.js HTTP/1.1" 200 6121 "-" "Edge/18.18363"
198.51.100.27 - - [02/Sep/2025:20:22:54 +0700] "GET /api/data?id=42 HTTP/1.1" 200 9728 "-" "Edge/18.18363"
192.168.1.10 - - [02/Sep/2025:19:40:15 +0700] "GET /about.php HTTP/1.1" 200 2233 "-" "Chrome/120.0"
192.168.1.10 - - [02/Sep/2025:19:10:53 +0700] "GET /assets/style.css HTTP/1.1" 200 11738 "-" "Chrome/120.0"
192.168.1.10 - - [02/Sep/2025:19:29:16 +0700] "GET /profile.php?id=23 HTTP/1.1" 200 5100 "-" "Bingbot/2.0"
198.51.100.27 - - [02/Sep/2025:19:49:49 +0700] "GET /about.php HTTP/1.1" 200 1003 "-" "Bingbot/2.0"
198.51.100.27 - - [02/Sep/2025:19:24:17 +0700] "GET /news.php?page=2 HTTP/1.1" 200 8298 "-" "Bingbot/2.0"
198.51.100.27 - - [02/Sep/2025:19:05:21 +0700] "GET /dashboard.php HTTP/1.1" 200 10131 "-" "Mozilla/5.0"
192.168.1.11 - - [02/Sep/2025:22:15:25 +0700] "GET /assets/app.js HTTP/1.1" 200 3568 "-" "Mozilla/5.0"
192.168.1.13 - - [02/Sep/2025:19:34:36 +0700] "GET /sitemap.xml HTTP/1.1" 200 1493 "-" "Bingbot/2.0"
192.168.1.11 - - [02/Sep/2025:19:14:06 +0700] "GET /assets/app.js HTTP/1.1" 200 2512 "-" "Bingbot/2.0"
198.51.100.27 - - [02/Sep/2025:19:03:00 +0700] "GET /index.php HTTP/1.1" 200 9847 "-" "Edge/18.18363"
192.168.1.13 - - [02/Sep/2025:20:08:36 +0700] "GET /login.php HTTP/1.1" 200 4683 "-" "Chrome/120.0"
192.168.1.13 - - [02/Sep/2025:22:40:25 +0700] "GET /assets/main.js HTTP/1.1" 200 1522 "-" "Chrome/120.0"
192.168.1.12 - - [02/Sep/2025:22:11:04 +0700] "GET /robots.txt HTTP/1.1" 200 1112 "-" "Safari/537.36"
192.168.1.13 - - [02/Sep/2025:19:27:08 +0700] "GET /api/data?id=42 HTTP/1.1" 200 10777 "-" "Googlebot/2.1 (+http://www.google.com/bot.html)"
198.51.100.27 - - [02/Sep/2025:21:13:00 +0700] "GET /assets/style.css HTTP/1.1" 200 851 "-" "Mozilla/5.0"
192.168.1.12 - - [02/Sep/2025:19:01:35 +0700] "GET /login.php HTTP/1.1" 200 1260 "-" "Mozilla/5.0"
192.168.1.10 - - [02/Sep/2025:19:21:54 +0700] "GET /blog/post2 HTTP/1.1" 200 5057 "-" "Safari/537.36"
192.168.1.11 - - [02/Sep/2025:19:44:14 +0700] "GET /cart.php HTTP/1.1" 200 4958 "-" "Edge/18.18363"
192.168.1.13 - - [02/Sep/2025:21:18:27 +0700] "GET /favicon.ico HTTP/1.1" 200 9019 "-" "Chrome/120.0"
198.51.100.27 - - [02/Sep/2025:21:03:18 +0700] "GET /products.php?id=12 HTTP/1.1" 200 6609 "-" "Mozilla/5.0"
192.168.1.12 - - [02/Sep/2025:20:13:28 +0700] "GET /api/data?id=42 HTTP/1.1" 200 9762 "-" "Bingbot/2.0"
192.168.1.12 - - [02/Sep/2025:21:42:30 +0700] "GET /api/data?id=42 HTTP/1.1" 200 8555 "-" "Mozilla/5.0"
198.51.100.27 - - [02/Sep/2025:20:19:21 +0700] "GET /profile.php?id=23 HTTP/1.1" 200 8318 "-" "Bingbot/2.0"
192.168.1.11 - - [02/Sep/2025:20:12:40 +0700] "GET /profile.php?id=23 HTTP/1.1" 200 11527 "-" "Edge/18.18363"
192.168.1.12 - - [02/Sep/2025:20:08:22 +0700] "GET /favicon.ico HTTP/1.1" 200 1766 "-" "Safari/537.36"
198.51.100.27 - - [02/Sep/2025:22:35:45 +0700] "GET /about.php HTTP/1.1" 200 8979 "-" "Googlebot/2.1 (+http://www.google.com/bot.html)"
192.168.1.12 - - [02/Sep/2025:19:12:05 +0700] "GET /contact.php HTTP/1.1" 200 3707 "-" "Googlebot/2.1 (+http://www.google.com/bot.html)"
192.168.1.12 - - [02/Sep/2025:19:44:26 +0700] "GET /images/banner.png HTTP/1.1" 200 3810 "-" "Safari/537.36"
198.51.100.27 - - [02/Sep/2025:21:03:45 +0700] "GET /blog/post1 HTTP/1.1" 200 9922 "-" "Bingbot/2.0"
192.168.1.11 - - [02/Sep/2025:19:09:44 +0700] "GET /news.php?page=2 HTTP/1.1" 200 8224 "-" "Chrome/120.0"
192.168.1.12 - - [02/Sep/2025:21:00:44 +0700] "GET /api/data?id=42 HTTP/1.1" 200 2777 "-" "Chrome/120.0"
198.51.100.27 - - [02/Sep/2025:19:00:04 +0700] "GET /blog/post2 HTTP/1.1" 200 2935 "-" "Chrome/120.0"
192.168.1.13 - - [02/Sep/2025:21:04:21 +0700] "GET /assets/style.css HTTP/1.1" 200 8168 "-" "Bingbot/2.0"
198.51.100.27 - - [02/Sep/2025:21:43:56 +0700] "GET /about.php HTTP/1.1" 200 1630 "-" "Bingbot/2.0"
192.168.1.13 - - [02/Sep/2025:19:04:03 +0700] "GET /dashboard.php HTTP/1.1" 200 3881 "-" "Mozilla/5.0"
192.168.1.10 - - [02/Sep/2025:19:08:21 +0700] "GET /checkout.php HTTP/1.1" 200 11866 "-" "Bingbot/2.0"
192.168.1.12 - - [02/Sep/2025:19:16:52 +0700] "GET /products.php?id=12 HTTP/1.1" 200 6920 "-" "Googlebot/2.1 (+http://www.google.com/bot.html)"
198.51.100.27 - - [02/Sep/2025:21:35:44 +0700] "GET /about.php HTTP/1.1" 200 11915 "-" "Safari/537.36"
192.168.1.12 - - [02/Sep/2025:19:40:46 +0700] "GET /sitemap.xml HTTP/1.1" 200 6871 "-" "Mozilla/5.0"
192.168.1.11 - - [02/Sep/2025:19:42:26 +0700] "GET /news.php?page=2 HTTP/1.1" 200 2434 "-" "Safari/537.36"
198.51.100.27 - - [02/Sep/2025:21:28:15 +0700] "GET /profile.php?id=23 HTTP/1.1" 200 4033 "-" "Googlebot/2.1 (+http://www.google.com/bot.html)"
192.168.1.13 - - [02/Sep/2025:19:06:00 +0700] "GET /checkout.php HTTP/1.1" 200 992 "-" "Safari/537.36"
198.51.100.27 - - [02/Sep/2025:19:22:38 +0700] "GET /index.php HTTP/1.1" 200 771 "-" "Chrome/120.0"
192.168.1.13 - - [02/Sep/2025:19:00:50 +0700] "GET /blog/post1 HTTP/1.1" 200 9632 "-" "Safari/537.36"
192.168.1.12 - - [02/Sep/2025:20:23:40 +0700] "GET /blog/post3 HTTP/1.1" 200 7312 "-" "Chrome/120.0"
192.168.1.13 - - [02/Sep/2025:19:32:48 +0700] "GET /assets/app.js HTTP/1.1" 200 8756 "-" "Mozilla/5.0"
192.168.1.11 - - [02/Sep/2025:21:54:35 +0700] "GET /cart.php HTTP/1.1" 200 9199 "-" "Safari/537.36"
192.168.1.10 - - [02/Sep/2025:21:18:05 +0700] "GET /blog/post1 HTTP/1.1" 200 6533 "-" "Chrome/120.0"
192.168.1.11 - - [02/Sep/2025:20:41:16 +0700] "GET /assets/main.js HTTP/1.1" 200 6368 "-" "Edge/18.18363"
192.168.1.11 - - [02/Sep/2025:19:34:27 +0700] "GET /dashboard.php HTTP/1.1" 200 8218 "-" "Googlebot/2.1 (+http://www.google.com/bot.html)"
192.168.1.12 - - [02/Sep/2025:20:14:08 +0700] "GET /api/data?id=42 HTTP/1.1" 200 3642 "-" "Chrome/120.0"
192.168.1.11 - - [02/Sep/2025:20:37:55 +0700] "GET /api/data?id=42 HTTP/1.1" 200 3173 "-" "Safari/537.36"
192.168.1.11 - - [02/Sep/2025:19:41:49 +0700] "GET /login.php HTTP/1.1" 200 9082 "-" "Bingbot/2.0"
198.51.100.27 - - [02/Sep/2025:19:39:40 +0700] "GET /index.php HTTP/1.1" 200 7996 "-" "Bingbot/2.0"
192.168.1.13 - - [02/Sep/2025:19:26:40 +0700] "GET /sitemap.xml HTTP/1.1" 200 7443 "-" "Googlebot/2.1 (+http://www.google.com/bot.html)"
198.51.100.27 - - [02/Sep/2025:19:11:12 +0700] "GET /blog/post2 HTTP/1.1" 200 4716 "-" "Googlebot/2.1 (+http://www.google.com/bot.html)"
192.168.1.13 - - [02/Sep/2025:21:31:20 +0700] "GET /blog/post3 HTTP/1.1" 200 9591 "-" "Edge/18.18363"
192.168.1.12 - - [02/Sep/2025:19:28:48 +0700] "GET /index.php HTTP/1.1" 200 8883 "-" "Edge/18.18363"
192.168.1.10 - - [02/Sep/2025:19:03:52 +0700] "GET /assets/main.js HTTP/1.1" 200 1321 "-" "Edge/18.18363"
192.168.1.12 - - [02/Sep/2025:19:18:48 +0700] "GET /blog/post2 HTTP/1.1" 200 2590 "-" "Safari/537.36"
192.168.1.11 - - [02/Sep/2025:21:23:55 +0700] "GET /sitemap.xml HTTP/1.1" 200 7354 "-" "Chrome/120.0"
192.168.1.12 - - [02/Sep/2025:19:29:20 +0700] "GET /checkout.php HTTP/1.1" 200 8029 "-" "Googlebot/2.1 (+http://www.google.com/bot.html)"
192.168.1.13 - - [02/Sep/2025:21:27:28 +0700] "GET /sitemap.xml HTTP/1.1" 200 1398 "-" "Mozilla/5.0"
192.168.1.10 - - [02/Sep/2025:19:59:00 +0700] "GET /images/banner.png HTTP/1.1" 200 10291 "-" "Edge/18.18363"
192.168.1.12 - - [02/Sep/2025:19:48:50 +0700] "GET /assets/style.css HTTP/1.1" 200 3693 "-" "Bingbot/2.0"
192.168.1.13 - - [02/Sep/2025:19:16:04 +0700] "GET /blog/post2 HTTP/1.1" 200 2823 "-" "Chrome/120.0"
192.168.1.10 - - [02/Sep/2025:21:19:30 +0700] "GET /blog/post2 HTTP/1.1" 200 5066 "-" "Bingbot/2.0"
192.168.1.10 - - [02/Sep/2025:21:15:04 +0700] "GET /assets/main.js HTTP/1.1" 200 9939 "-" "Safari/537.36"
192.168.1.13 - - [02/Sep/2025:19:54:20 +0700] "GET /assets/main.js HTTP/1.1" 200 9071 "-" "Edge/18.18363"
192.168.1.12 - - [02/Sep/2025:19:24:50 +0700] "GET /blog/post3 HTTP/1.1" 200 11179 "-" "Chrome/120.0"
198.51.100.27 - - [02/Sep/2025:21:05:00 +0700] "GET /cart.php HTTP/1.1" 200 11194 "-" "Googlebot/2.1 (+http://www.google.com/bot.html)"
192.168.1.13 - - [02/Sep/2025:19:43:00 +0700] "GET /assets/main.js HTTP/1.1" 200 2215 "-" "Chrome/120.0"
192.168.1.13 - - [02/Sep/2025:19:22:47 +0700] "GET /sitemap.xml HTTP/1.1" 200 5512 "-" "Edge/18.18363"
192.168.1.13 - - [02/Sep/2025:21:34:20 +0700] "GET /robots.txt HTTP/1.1" 200 10481 "-" "Edge/18.18363"
198.51.100.27 - - [02/Sep/2025:19:18:25 +0700] "GET /assets/app.js HTTP/1.1" 200 5958 "-" "Edge/18.18363"
192.168.1.10 - - [02/Sep/2025:19:40:54 +0700] "GET /checkout.php HTTP/1.1" 200 8737 "-" "Bingbot/2.0"
192.168.1.10 - - [02/Sep/2025:19:33:53 +0700] "GET /images/banner.png HTTP/1.1" 200 5165 "-" "Edge/18.18363"
192.168.1.11 - - [02/Sep/2025:19:20:44 +0700] "GET /assets/style.css HTTP/1.1" 200 7425 "-" "Googlebot/2.1 (+http://www.google.com/bot.html)"
192.168.1.11 - - [02/Sep/2025:19:36:30 +0700] "GET /index.php HTTP/1.1" 200 11251 "-" "Chrome/120.0"
192.168.1.10 - - [02/Sep/2025:19:42:04 +0700] "GET /login.php HTTP/1.1" 200 9817 "-" "Edge/18.18363"
192.168.1.11 - - [02/Sep/2025:19:30:49 +0700] "GET /contact.php HTTP/1.1" 200 1106 "-" "Chrome/120.0"
192.168.1.13 - - [02/Sep/2025:19:03:51 +0700] "GET /checkout.php HTTP/1.1" 200 8212 "-" "Edge/18.18363"
198.51.100.27 - - [02/Sep/2025:21:10:36 +0700] "GET /profile.php?id=23 HTTP/1.1" 200 7954 "-" "Googlebot/2.1 (+http://www.google.com/bot.html)"
192.168.1.10 - - [02/Sep/2025:20:03:45 +0700] "GET /news.php?page=2 HTTP/1.1" 200 1761 "-" "Chrome/120.0"
192.168.1.13 - - [02/Sep/2025:19:48:16 +0700] "GET /dashboard.php HTTP/1.1" 200 7385 "-" "Bingbot/2.0"
192.168.1.12 - - [02/Sep/2025:19:04:54 +0700] "GET /assets/style.css HTTP/1.1" 200 3709 "-" "Edge/18.18363"
198.51.100.27 - - [02/Sep/2025:20:42:06 +0700] "GET /assets/style.css HTTP/1.1" 200 3986 "-" "Bingbot/2.0"
192.168.1.12 - - [02/Sep/2025:21:14:51 +0700] "GET /login.php HTTP/1.1" 200 4672 "-" "Edge/18.18363"
192.168.1.13 - - [02/Sep/2025:19:02:00 +0700] "GET /assets/main.js HTTP/1.1" 200 5852 "-" "Chrome/120.0"
192.168.1.10 - - [02/Sep/2025:19:38:38 +0700] "GET /blog/post1 HTTP/1.1" 200 6939 "-" "Googlebot/2.1 (+http://www.google.com/bot.html)"
192.168.1.10 - - [02/Sep/2025:19:03:44 +0700] "GET /robots.txt HTTP/1.1" 200 484 "-" "Chrome/120.0"
192.168.1.12 - - [02/Sep/2025:19:29:25 +0700] "GET /favicon.ico HTTP/1.1" 200 6027 "-" "Googlebot/2.1 (+http://www.google.com/bot.html)"
198.51.100.27 - - [02/Sep/2025:19:00:00 +0700] "GET /blog/post3 HTTP/1.1" 200 1993 "-" "Chrome/120.0"
192.168.1.13 - - [02/Sep/2025:21:29:06 +0700] "GET /blog/post1 HTTP/1.1" 200 3784 "-" "Mozilla/5.0"
192.168.1.11 - - [02/Sep/2025:19:33:07 +0700] "GET /checkout.php HTTP/1.1" 200 11140 "-" "Mozilla/5.0"
192.168.1.12 - - [02/Sep/2025:19:51:46 +0700] "GET /index.php HTTP/1.1" 200 10095 "-" "Bingbot/2.0"
198.51.100.27 - - [02/Sep/2025:19:30:24 +0700] "GET /assets/main.js HTTP/1.1" 200 6434 "-" "Edge/18.18363"
198.51.100.27 - - [02/Sep/2025:21:26:45 +0700] "GET /sitemap.xml HTTP/1.1" 200 2091 "-" "Edge/18.18363"
192.168.1.11 - - [02/Sep/2025:19:08:47 +0700] "GET /products.php?id=12 HTTP/1.1" 200 9364 "-" "Bingbot/2.0"
198.51.100.27 - - [02/Sep/2025:19:47:06 +0700] "GET /favicon.ico HTTP/1.1" 200 10079 "-" "Googlebot/2.1 (+http://www.google.com/bot.html)"
192.168.1.13 - - [02/Sep/2025:19:37:27 +0700] "GET /assets/main.js HTTP/1.1" 200 10375 "-" "Edge/18.18363"
192.168.1.11 - - [02/Sep/2025:19:32:01 +0700] "GET /images/banner.png HTTP/1.1" 200 9373 "-" "Chrome/120.0"
192.168.1.11 - - [02/Sep/2025:21:04:12 +0700] "GET /api/data?id=42 HTTP/1.1" 200 7389 "-" "Edge/18.18363"
198.51.100.27 - - [02/Sep/2025:20:37:04 +0700] "GET /assets/app.js HTTP/1.1" 200 7870 "-" "Googlebot/2.1 (+http://www.google.com/bot.html)"
192.168.1.12 - - [02/Sep/2025:19:55:56 +0700] "GET /api/data?id=42 HTTP/1.1" 200 8983 "-" "Edge/18.18363"
192.168.1.12 - - [02/Sep/2025:21:32:40 +0700] "GET /profile.php?id=23 HTTP/1.1" 200 8120 "-" "Chrome/120.0"
192.168.1.10 - - [02/Sep/2025:19:39:38 +0700] "GET /assets/app.js HTTP/1.1" 200 8961 "-" "Bingbot/2.0"
192.168.1.10 - - [02/Sep/2025:19:46:25 +0700] "GET /index.php HTTP/1.1" 200 10554 "-" "Edge/18.18363"
192.168.1.10 - - [02/Sep/2025:19:10:34 +0700] "GET /images/banner.png HTTP/1.1" 200 7851 "-" "Googlebot/2.1 (+http://www.google.com/bot.html)"
192.168.1.12 - - [02/Sep/2025:19:35:56 +0700] "GET /about.php HTTP/1.1" 200 1544 "-" "Bingbot/2.0"
198.51.100.27 - - [02/Sep/2025:22:31:15 +0700] "GET /contact.php HTTP/1.1" 200 10778 "-" "Chrome/120.0"
192.168.1.11 - - [02/Sep/2025:22:43:15 +0700] "GET /dashboard.php HTTP/1.1" 200 9231 "-" "Edge/18.18363"
192.168.1.10 - - [02/Sep/2025:21:58:20 +0700] "GET /assets/app.js HTTP/1.1" 200 8069 "-" "Googlebot/2.1 (+http://www.google.com/bot.html)"
192.168.1.12 - - [02/Sep/2025:19:30:27 +0700] "GET /profile.php?id=23 HTTP/1.1" 200 11758 "-" "Googlebot/2.1 (+http://www.google.com/bot.html)"
198.51.100.27 - - [02/Sep/2025:20:46:06 +0700] "GET /assets/style.css HTTP/1.1" 200 7484 "-" "Safari/537.36"
198.51.100.27 - - [02/Sep/2025:19:51:56 +0700] "GET /contact.php HTTP/1.1" 200 4280 "-" "Bingbot/2.0"
192.168.1.13 - - [02/Sep/2025:19:10:43 +0700] "GET /cart.php HTTP/1.1" 200 4813 "-" "Safari/537.36"
192.168.1.12 - - [02/Sep/2025:19:35:28 +0700] "GET /blog/post3 HTTP/1.1" 200 5728 "-" "Edge/18.18363"
192.168.1.12 - - [02/Sep/2025:19:11:06 +0700] "GET /assets/main.js HTTP/1.1" 200 5260 "-" "Safari/537.36"
192.168.1.11 - - [02/Sep/2025:20:59:09 +0700] "GET /contact.php HTTP/1.1" 200 330 "-" "Bingbot/2.0"
192.168.1.13 - - [02/Sep/2025:19:15:59 +0700] "GET /login.php HTTP/1.1" 200 6074 "-" "Chrome/120.0"
192.168.1.11 - - [02/Sep/2025:19:35:42 +0700] "GET /robots.txt HTTP/1.1" 200 1728 "-" "Mozilla/5.0"
192.168.1.10 - - [02/Sep/2025:19:05:40 +0700] "GET /assets/main.js HTTP/1.1" 200 2404 "-" "Mozilla/5.0"
192.168.1.12 - - [02/Sep/2025:20:20:36 +0700] "GET /checkout.php HTTP/1.1" 200 863 "-" "Edge/18.18363"
192.168.1.13 - - [02/Sep/2025:19:35:52 +0700] "GET /blog/post1 HTTP/1.1" 200 5323 "-" "Edge/18.18363"
192.168.1.13 - - [02/Sep/2025:21:05:45 +0700] "GET /favicon.ico HTTP/1.1" 200 2335 "-" "Bingbot/2.0"
192.168.1.13 - - [02/Sep/2025:19:47:40 +0700] "GET /index.php HTTP/1.1" 200 5907 "-" "Mozilla/5.0"
192.168.1.12 - - [02/Sep/2025:20:10:00 +0700] "GET /dashboard.php HTTP/1.1" 200 8418 "-" "Chrome/120.0"
198.51.100.27 - - [02/Sep/2025:19:15:36 +0700] "GET /products.php?id=12 HTTP/1.1" 200 8911 "-" "Safari/537.36"
192.168.1.13 - - [02/Sep/2025:20:43:21 +0700] "GET /checkout.php HTTP/1.1" 200 3769 "-" "Chrome/120.0"
192.168.1.10 - - [02/Sep/2025:19:49:20 +0700] "GET /blog/post1 HTTP/1.1" 200 1400 "-" "Googlebot/2.1 (+http://www.google.com/bot.html)"
192.168.1.12 - - [02/Sep/2025:19:21:44 +0700] "GET /about.php HTTP/1.1" 200 2699 "-" "Bingbot/2.0"
198.51.100.27 - - [02/Sep/2025:20:23:21 +0700] "GET /blog/post2 HTTP/1.1" 200 4945 "-" "Chrome/120.0"
192.168.1.13 - - [02/Sep/2025:20:05:04 +0700] "GET /profile.php?id=23 HTTP/1.1" 200 2447 "-" "Bingbot/2.0"
192.168.1.11 - - [02/Sep/2025:19:14:07 +0700] "GET /assets/app.js HTTP/1.1" 200 5731 "-" "Chrome/120.0"
198.51.100.27 - - [02/Sep/2025:19:06:26 +0700] "GET /images/banner.png HTTP/1.1" 200 902 "-" "Chrome/120.0"
192.168.1.11 - - [02/Sep/2025:20:22:38 +0700] "GET /sitemap.xml HTTP/1.1" 200 7458 "-" "Bingbot/2.0"
192.168.1.11 - - [02/Sep/2025:20:15:28 +0700] "GET /products.php?id=12 HTTP/1.1" 200 10533 "-" "Bingbot/2.0"
198.51.100.27 - - [02/Sep/2025:20:59:27 +0700] "GET /about.php HTTP/1.1" 200 11411 "-" "Safari/537.36"
192.168.1.13 - - [02/Sep/2025:19:31:17 +0700] "GET /products.php?id=12 HTTP/1.1" 200 10099 "-" "Edge/18.18363"
192.168.1.13 - - [02/Sep/2025:20:11:48 +0700] "GET /sitemap.xml HTTP/1.1" 200 2936 "-" "Mozilla/5.0"
192.168.1.10 - - [02/Sep/2025:19:35:48 +0700] "GET /cart.php HTTP/1.1" 200 9060 "-" "Safari/537.36"
192.168.1.11 - - [02/Sep/2025:20:16:25 +0700] "GET /favicon.ico HTTP/1.1" 200 7610 "-" "Mozilla/5.0"
198.51.100.27 - - [02/Sep/2025:20:04:08 +0700] "GET /blog/post1 HTTP/1.1" 200 10579 "-" "Mozilla/5.0"
192.168.1.10 - - [02/Sep/2025:19:21:35 +0700] "GET /cart.php HTTP/1.1" 200 7331 "-" "Edge/18.18363"
192.168.1.11 - - [02/Sep/2025:20:35:20 +0700] "GET /blog/post2 HTTP/1.1" 200 2897 "-" "Edge/18.18363"
198.51.100.27 - - [02/Sep/2025:20:47:20 +0700] "GET /login.php HTTP/1.1" 200 7305 "-" "Mozilla/5.0"
192.168.1.12 - - [02/Sep/2025:21:12:08 +0700] "GET /login.php HTTP/1.1" 200 9254 "-" "Googlebot/2.1 (+http://www.google.com/bot.html)"
198.51.100.27 - - [02/Sep/2025:19:34:50 +0700] "GET /checkout.php HTTP/1.1" 200 10019 "-" "Safari/537.36"
192.168.1.13 - - [02/Sep/2025:21:02:36 +0700] "GET /assets/main.js HTTP/1.1" 200 10564 "-" "Mozilla/5.0"
192.168.1.11 - - [02/Sep/2025:21:16:56 +0700] "GET /checkout.php HTTP/1.1" 200 5211 "-" "Safari/537.36"
192.168.1.12 - - [02/Sep/2025:19:04:32 +0700] "GET /assets/app.js HTTP/1.1" 200 4779 "-" "Edge/18.18363"
192.168.1.10 - - [02/Sep/2025:19:24:36 +0700] "GET /news.php?page=2 HTTP/1.1" 200 8144 "-" "Edge/18.18363"
198.51.100.27 - - [02/Sep/2025:21:18:36 +0700] "GET /dashboard.php HTTP/1.1" 200 6267 "-" "Googlebot/2.1 (+http://www.google.com/bot.html)"
198.51.100.27 - - [02/Sep/2025:22:59:05 +0700] "GET /dashboard.php HTTP/1.1" 200 7018 "-" "Edge/18.18363"
192.168.1.11 - - [02/Sep/2025:21:18:51 +0700] "GET /robots.txt HTTP/1.1" 200 837 "-" "Bingbot/2.0"
198.51.100.27 - - [02/Sep/2025:21:04:33 +0700] "GET /news.php?page=2 HTTP/1.1" 200 11607 "-" "Bingbot/2.0"
198.51.100.27 - - [02/Sep/2025:21:22:55 +0700] "GET /assets/main.js HTTP/1.1" 200 788 "-" "Mozilla/5.0"
192.168.1.13 - - [02/Sep/2025:22:54:15 +0700] "GET /blog/post2 HTTP/1.1" 200 439 "-" "Safari/537.36"
192.168.1.10 - - [02/Sep/2025:19:24:46 +0700] "GET /images/banner.png HTTP/1.1" 200 10416 "-" "Googlebot/2.1 (+http://www.google.com/bot.html)"
192.168.1.10 - - [02/Sep/2025:20:36:16 +0700] "GET /cart.php HTTP/1.1" 200 11788 "-" "Mozilla/5.0"
192.168.1.11 - - [02/Sep/2025:20:06:39 +0700] "GET /dashboard.php HTTP/1.1" 200 7241 "-" "Mozilla/5.0"
192.168.1.13 - - [02/Sep/2025:19:12:23 +0700] "GET /about.php HTTP/1.1" 200 1887 "-" "Safari/537.36"
192.168.1.11 - - [02/Sep/2025:19:55:09 +0700] "GET /cart.php HTTP/1.1" 200 8070 "-" "Bingbot/2.0"
192.168.1.10 - - [02/Sep/2025:21:24:36 +0700] "GET /sitemap.xml HTTP/1.1" 200 794 "-" "Safari/537.36"
192.168.1.12 - - [02/Sep/2025:20:05:46 +0700] "GET /dashboard.php HTTP/1.1" 200 11247 "-" "Edge/18.18363"
192.168.1.11 - - [02/Sep/2025:19:07:24 +0700] "GET /news.php?page=2 HTTP/1.1" 200 3469 "-" "Safari/537.36"
192.168.1.13 - - [02/Sep/2025:21:56:15 +0700] "GET /contact.php HTTP/1.1" 200 11086 "-" "Bingbot/2.0"
192.168.1.13 - - [02/Sep/2025:19:19:57 +0700] "GET /products.php?id=12 HTTP/1.1" 200 3028 "-" "Safari/537.36"
192.168.1.13 - - [02/Sep/2025:19:10:15 +0700] "GET /blog/post2 HTTP/1.1" 200 9785 "-" "Mozilla/5.0"
192.168.1.11 - - [02/Sep/2025:21:13:30 +0700] "GET /blog/post2 HTTP/1.1" 200 2127 "-" "Mozilla/5.0"
192.168.1.12 - - [02/Sep/2025:20:24:03 +0700] "GET /blog/post2 HTTP/1.1" 200 4324 "-" "Mozilla/5.0"
192.168.1.11 - - [02/Sep/2025:19:19:47 +0700] "GET /assets/style.css HTTP/1.1" 200 4141 "-" "Bingbot/2.0"
192.168.1.11 - - [02/Sep/2025:20:06:20 +0700] "GET /profile.php?id=23 HTTP/1.1" 200 5052 "-" "Mozilla/5.0"
198.51.100.27 - - [02/Sep/2025:19:15:09 +0700] "GET /assets/app.js HTTP/1.1" 200 10602 "-" "Edge/18.18363"
192.168.1.12 - - [02/Sep/2025:20:58:36 +0700] "GET /news.php?page=2 HTTP/1.1" 200 9713 "-" "Bingbot/2.0"
192.168.1.11 - - [02/Sep/2025:19:46:28 +0700] "GET /login.php HTTP/1.1" 200 7343 "-" "Chrome/120.0"
192.168.1.11 - - [02/Sep/2025:21:55:16 +0700] "GET /checkout.php HTTP/1.1" 200 6702 "-" "Bingbot/2.0"
192.168.1.13 - - [02/Sep/2025:19:34:08 +0700] "GET /assets/style.css HTTP/1.1" 200 2116 "-" "Safari/537.36"
192.168.1.10 - - [02/Sep/2025:22:06:10 +0700] "GET /products.php?id=12 HTTP/1.1" 200 1424 "-" "Bingbot/2.0"
198.51.100.27 - - [02/Sep/2025:19:29:08 +0700] "GET /checkout.php HTTP/1.1" 200 10705 "-" "Googlebot/2.1 (+http://www.google.com/bot.html)"
192.168.1.12 - - [02/Sep/2025:20:28:30 +0700] "GET /images/banner.png HTTP/1.1" 200 7098 "-" "Googlebot/2.1 (+http://www.google.com/bot.html)"
192.168.1.10 - - [02/Sep/2025:20:54:08 +0700] "GET /favicon.ico HTTP/1.1" 200 10934 "-" "Safari/537.36"
192.168.1.10 - - [02/Sep/2025:22:12:28 +0700] "GET /blog/post3 HTTP/1.1" 200 5975 "-" "Bingbot/2.0"
198.51.100.27 - - [02/Sep/2025:20:05:08 +0700] "GET /index.php HTTP/1.1" 200 9051 "-" "Mozilla/5.0"
198.51.100.27 - - [02/Sep/2025:19:32:58 +0700] "GET /cart.php HTTP/1.1" 200 6118 "-" "Bingbot/2.0"
198.51.100.27 - - [02/Sep/2025:19:36:15 +0700] "GET /blog/post2 HTTP/1.1" 200 8453 "-" "Safari/537.36"
192.168.1.11 - - [02/Sep/2025:19:46:04 +0700] "GET /robots.txt HTTP/1.1" 200 1893 "-" "Chrome/120.0"
192.168.1.12 - - [02/Sep/2025:19:22:06 +0700] "GET /images/banner.png HTTP/1.1" 200 10561 "-" "Edge/18.18363"
192.168.1.12 - - [02/Sep/2025:21:05:56 +0700] "GET /news.php?page=2 HTTP/1.1" 200 7398 "-" "Googlebot/2.1 (+http://www.google.com/bot.html)"
192.168.1.10 - - [02/Sep/2025:21:23:08 +0700] "GET /news.php?page=2 HTTP/1.1" 200 9757 "-" "Edge/18.18363"
192.168.1.10 - - [02/Sep/2025:19:48:01 +0700] "GET /assets/main.js HTTP/1.1" 200 11245 "-" "Safari/537.36"
192.168.1.13 - - [02/Sep/2025:19:30:03 +0700] "GET /sitemap.xml HTTP/1.1" 200 10275 "-" "Googlebot/2.1 (+http://www.google.com/bot.html)"
192.168.1.11 - - [02/Sep/2025:19:15:18 +0700] "GET /favicon.ico HTTP/1.1" 200 679 "-" "Googlebot/2.1 (+http://www.google.com/bot.html)"
192.168.1.10 - - [02/Sep/2025:21:37:00 +0700] "GET /sitemap.xml HTTP/1.1" 200 4650 "-" "Bingbot/2.0"
198.51.100.27 - - [02/Sep/2025:19:22:46 +0700] "GET /api/data?id=42 HTTP/1.1" 200 9052 "-" "Safari/537.36"
192.168.1.12 - - [02/Sep/2025:20:02:06 +0700] "GET /about.php HTTP/1.1" 200 7858 "-" "Mozilla/5.0"
192.168.1.11 - - [02/Sep/2025:19:54:48 +0700] "GET /api/data?id=42 HTTP/1.1" 200 9293 "-" "Googlebot/2.1 (+http://www.google.com/bot.html)"
192.168.1.10 - - [02/Sep/2025:21:53:20 +0700] "GET /favicon.ico HTTP/1.1" 200 8180 "-" "Chrome/120.0"
192.168.1.12 - - [02/Sep/2025:22:17:05 +0700] "GET /assets/style.css HTTP/1.1" 200 8376 "-" "Edge/18.18363"
198.51.100.27 - - [02/Sep/2025:19:03:40 +0700] "GET /login.php HTTP/1.1" 200 5373 "-" "Mozilla/5.0"
192.168.1.12 - - [02/Sep/2025:21:40:44 +0700] "GET /news.php?page=2 HTTP/1.1" 200 4516 "-" "Bingbot/2.0"
192.168.1.10 - - [02/Sep/2025:19:07:06 +0700] "GET /blog/post2 HTTP/1.1" 200 1530 "-" "Mozilla/5.0"
192.168.1.11 - - [02/Sep/2025:20:49:35 +0700] "GET /cart.php HTTP/1.1" 200 3484 "-" "Mozilla/5.0"
192.168.1.12 - - [02/Sep/2025:19:34:42 +0700] "GET /cart.php HTTP/1.1" 200 10781 "-" "Safari/537.36"
192.168.1.11 - - [02/Sep/2025:20:26:30 +0700] "GET /profile.php?id=23 HTTP/1.1" 200 5325 "-" "Bingbot/2.0"
192.168.1.13 - - [02/Sep/2025:19:20:05 +0700] "GET /images/banner.png HTTP/1.1" 200 2270 "-" "Mozilla/5.0"
198.51.100.27 - - [02/Sep/2025:19:36:48 +0700] "GET /assets/app.js HTTP/1.1" 200 2013 "-" "Mozilla/5.0"
198.51.100.27 - - [02/Sep/2025:21:17:44 +0700] "GET /dashboard.php HTTP/1.1" 200 3759 "-" "Safari/537.36"
192.168.1.11 - - [02/Sep/2025:19:36:12 +0700] "GET /images/banner.png HTTP/1.1" 200 7576 "-" "Chrome/120.0"
192.168.1.12 - - [02/Sep/2025:19:46:56 +0700] "GET /contact.php HTTP/1.1" 200 1675 "-" "Mozilla/5.0"
198.51.100.27 - - [02/Sep/2025:21:10:44 +0700] "GET /sitemap.xml HTTP/1.1" 200 6311 "-" "Bingbot/2.0"
198.51.100.27 - - [02/Sep/2025:19:25:44 +0700] "GET /assets/app.js HTTP/1.1" 200 7567 "-" "Edge/18.18363"
192.168.1.10 - - [02/Sep/2025:21:11:45 +0700] "GET /news.php?page=2 HTTP/1.1" 200 10153 "-" "Googlebot/2.1 (+http://www.google.com/bot.html)"
198.51.100.27 - - [02/Sep/2025:19:30:02 +0700] "GET /assets/app.js HTTP/1.1" 200 1385 "-" "Chrome/120.0"
198.51.100.27 - - [02/Sep/2025:19:14:32 +0700] "GET /news.php?page=2 HTTP/1.1" 200 8182 "-" "Mozilla/5.0"
192.168.1.13 - - [02/Sep/2025:19:34:46 +0700] "GET /assets/app.js HTTP/1.1" 200 6118 "-" "Bingbot/2.0"
198.51.100.27 - - [02/Sep/2025:21:31:15 +0700] "GET /checkout.php HTTP/1.1" 200 2699 "-" "Safari/537.36"
192.168.1.13 - - [02/Sep/2025:21:53:52 +0700] "GET /blog/post1 HTTP/1.1" 200 6846 "-" "Chrome/120.0"
192.168.1.10 - - [02/Sep/2025:23:05:30 +0700] "GET /index.php HTTP/1.1" 200 3527 "-" "Bingbot/2.0"
192.168.1.11 - - [02/Sep/2025:19:53:22 +0700] "GET /index.php HTTP/1.1" 200 5123 "-" "Mozilla/5.0"
198.51.100.27 - - [02/Sep/2025:19:58:56 +0700] "GET /index.php HTTP/1.1" 200 6036 "-" "Mozilla/5.0"
198.51.100.27 - - [02/Sep/2025:19:33:34 +0700] "GET /sitemap.xml HTTP/1.1" 200 4773 "-" "Mozilla/5.0"
192.168.1.10 - - [02/Sep/2025:20:40:08 +0700] "GET /blog/post1 HTTP/1.1" 200 370 "-" "Googlebot/2.1 (+http://www.google.com/bot.html)"
192.168.1.10 - - [02/Sep/2025:20:34:33 +0700] "GET /images/banner.png HTTP/1.1" 200 321 "-" "Edge/18.18363"
192.168.1.13 - - [02/Sep/2025:20:27:00 +0700] "GET /blog/post1 HTTP/1.1" 200 6137 "-" "Googlebot/2.1 (+http://www.google.com/bot.html)"
198.51.100.27 - - [02/Sep/2025:22:24:10 +0700] "GET /robots.txt HTTP/1.1" 200 6373 "-" "Edge/18.18363"
192.168.1.12 - - [02/Sep/2025:20:32:32 +0700] "GET /sitemap.xml HTTP/1.1" 200 10035 "-" "Chrome/120.0"
198.51.100.27 - - [02/Sep/2025:19:21:43 +0700] "GET /contact.php HTTP/1.1" 200 5893 "-" "Chrome/120.0"
192.168.1.12 - - [02/Sep/2025:19:46:00 +0700] "GET /news.php?page=2 HTTP/1.1" 200 6117 "-" "Mozilla/5.0"
192.168.1.10 - - [02/Sep/2025:19:13:00 +0700] "GET /login.php HTTP/1.1" 200 9355 "-" "Safari/537.36"
192.168.1.11 - - [02/Sep/2025:19:25:22 +0700] "GET /api/data?id=42 HTTP/1.1" 200 10136 "-" "Edge/18.18363"
198.51.100.27 - - [02/Sep/2025:19:30:01 +0700] "GET /profile.php?id=23 HTTP/1.1" 200 11592 "-" "Mozilla/5.0"
192.168.1.10 - - [02/Sep/2025:19:39:57 +0700] "GET /login.php HTTP/1.1" 200 5544 "-" "Mozilla/5.0"
192.168.1.11 - - [02/Sep/2025:19:46:50 +0700] "GET /about.php HTTP/1.1" 200 10967 "-" "Edge/18.18363"
192.168.1.13 - - [02/Sep/2025:19:18:22 +0700] "GET /images/banner.png HTTP/1.1" 200 4791 "-" "Mozilla/5.0"
192.168.1.13 - - [02/Sep/2025:21:11:28 +0700] "GET /login.php HTTP/1.1" 200 10669 "-" "Chrome/120.0"
192.168.1.13 - - [02/Sep/2025:19:53:30 +0700] "GET /robots.txt HTTP/1.1" 200 9153 "-" "Googlebot/2.1 (+http://www.google.com/bot.html)"
192.168.1.10 - - [02/Sep/2025:21:48:04 +0700] "GET /login.php HTTP/1.1" 200 11699 "-" "Edge/18.18363"
192.168.1.13 - - [02/Sep/2025:20:33:56 +0700] "GET /contact.php HTTP/1.1" 200 856 "-" "Safari/537.36"
192.168.1.12 - - [02/Sep/2025:21:01:16 +0700] "GET /sitemap.xml HTTP/1.1" 200 4802 "-" "Googlebot/2.1 (+http://www.google.com/bot.html)"
192.168.1.13 - - [02/Sep/2025:19:18:42 +0700] "GET /blog/post3 HTTP/1.1" 200 5971 "-" "Chrome/120.0"
192.168.1.11 - - [02/Sep/2025:19:14:49 +0700] "GET /api/data?id=42 HTTP/1.1" 200 555 "-" "Googlebot/2.1 (+http://www.google.com/bot.html)"
192.168.1.10 - - [02/Sep/2025:19:55:24 +0700] "GET /api/data?id=42 HTTP/1.1" 200 8451 "-" "Mozilla/5.0"
192.168.1.10 - - [02/Sep/2025:20:28:46 +0700] "GET /profile.php?id=23 HTTP/1.1" 200 9424 "-" "Safari/537.36"
198.51.100.27 - - [02/Sep/2025:21:27:45 +0700] "GET /assets/main.js HTTP/1.1" 200 4264 "-" "Mozilla/5.0"
192.168.1.13 - - [02/Sep/2025:19:03:16 +0700] "GET /contact.php HTTP/1.1" 200 4297 "-" "Safari/537.36"
192.168.1.11 - - [02/Sep/2025:19:23:59 +0700] "GET /login.php HTTP/1.1" 200 217 "-" "Safari/537.36"
192.168.1.13 - - [02/Sep/2025:19:08:32 +0700] "GET /products.php?id=12 HTTP/1.1" 200 6364 "-" "Chrome/120.0"
192.168.1.12 - - [02/Sep/2025:19:29:58 +0700] "GET /assets/main.js HTTP/1.1" 200 8188 "-" "Edge/18.18363"
198.51.100.27 - - [02/Sep/2025:22:17:45 +0700] "GET /about.php HTTP/1.1" 200 251 "-" "Edge/18.18363"
192.168.1.11 - - [02/Sep/2025:20:34:21 +0700] "GET /assets/app.js HTTP/1.1" 200 5133 "-" "Safari/537.36"
198.51.100.27 - - [02/Sep/2025:20:31:24 +0700] "GET /robots.txt HTTP/1.1" 200 11637 "-" "Bingbot/2.0"
192.168.1.13 - - [02/Sep/2025:19:34:39 +0700] "GET /assets/main.js HTTP/1.1" 200 6698 "-" "Safari/537.36"
192.168.1.10 - - [02/Sep/2025:20:03:00 +0700] "GET /assets/app.js HTTP/1.1" 200 10595 "-" "Edge/18.18363"
192.168.1.12 - - [02/Sep/2025:20:49:56 +0700] "GET /assets/main.js HTTP/1.1" 200 4745 "-" "Googlebot/2.1 (+http://www.google.com/bot.html)"
192.168.1.11 - - [02/Sep/2025:20:31:10 +0700] "GET /contact.php HTTP/1.1" 200 5346 "-" "Chrome/120.0"
192.168.1.12 - - [02/Sep/2025:19:03:50 +0700] "GET /api/data?id=42 HTTP/1.1" 200 1240 "-" "Googlebot/2.1 (+http://www.google.com/bot.html)"
198.51.100.27 - - [02/Sep/2025:19:31:09 +0700] "GET /api/data?id=42 HTTP/1.1" 200 9338 "-" "Chrome/120.0"
192.168.1.13 - - [02/Sep/2025:21:17:51 +0700] "GET /blog/post3 HTTP/1.1" 200 9197 "-" "Chrome/120.0"
192.168.1.12 - - [02/Sep/2025:20:58:54 +0700] "GET /robots.txt HTTP/1.1" 200 6733 "-" "Mozilla/5.0"
192.168.1.10 - - [02/Sep/2025:19:08:32 +0700] "GET /assets/app.js HTTP/1.1" 200 1967 "-" "Bingbot/2.0"
192.168.1.11 - - [02/Sep/2025:20:43:05 +0700] "GET /dashboard.php HTTP/1.1" 200 4238 "-" "Edge/18.18363"
192.168.1.11 - - [02/Sep/2025:19:05:38 +0700] "GET /robots.txt HTTP/1.1" 200 8094 "-" "Chrome/120.0"
192.168.1.11 - - [02/Sep/2025:20:55:35 +0700] "GET /api/data?id=42 HTTP/1.1" 200 11082 "-" "Edge/18.18363"
192.168.1.11 - - [02/Sep/2025:19:43:03 +0700] "GET /index.php HTTP/1.1" 200 9834 "-" "Googlebot/2.1 (+http://www.google.com/bot.html)"
198.51.100.27 - - [02/Sep/2025:19:47:06 +0700] "GET /login.php HTTP/1.1" 200 6843 "-" "Googlebot/2.1 (+http://www.google.com/bot.html)"
192.168.1.11 - - [02/Sep/2025:19:46:56 +0700] "GET /blog/post3 HTTP/1.1" 200 9499 "-" "Safari/537.36"
198.51.100.27 - - [02/Sep/2025:19:40:28 +0700] "GET /about.php HTTP/1.1" 200 4030 "-" "Chrome/120.0"
192.168.1.13 - - [02/Sep/2025:22:27:25 +0700] "GET /login.php HTTP/1.1" 200 11143 "-" "Bingbot/2.0"
192.168.1.12 - - [02/Sep/2025:20:34:14 +0700] "GET /profile.php?id=23 HTTP/1.1" 200 11807 "-" "Bingbot/2.0"
192.168.1.10 - - [02/Sep/2025:19:50:55 +0700] "GET /contact.php HTTP/1.1" 200 4200 "-" "Edge/18.18363"
192.168.1.11 - - [02/Sep/2025:20:09:00 +0700] "GET /login.php HTTP/1.1" 200 2084 "-" "Googlebot/2.1 (+http://www.google.com/bot.html)"
198.51.100.27 - - [02/Sep/2025:19:04:12 +0700] "GET /blog/post2 HTTP/1.1" 200 5539 "-" "Safari/537.36"
192.168.1.13 - - [02/Sep/2025:19:19:16 +0700] "GET /assets/app.js HTTP/1.1" 200 3363 "-" "Chrome/120.0"
192.168.1.12 - - [02/Sep/2025:21:55:04 +0700] "GET /images/banner.png HTTP/1.1" 200 4119 "-" "Googlebot/2.1 (+http://www.google.com/bot.html)"
192.168.1.10 - - [02/Sep/2025:20:44:50 +0700] "GET /about.php HTTP/1.1" 200 9591 "-" "Edge/18.18363"
192.168.1.12 - - [02/Sep/2025:19:36:57 +0700] "GET /dashboard.php HTTP/1.1" 200 4222 "-" "Googlebot/2.1 (+http://www.google.com/bot.html)"
192.168.1.11 - - [02/Sep/2025:19:41:28 +0700] "GET /assets/main.js HTTP/1.1" 200 7918 "-" "Googlebot/2.1 (+http://www.google.com/bot.html)"
192.168.1.12 - - [02/Sep/2025:19:18:36 +0700] "GET /contact.php HTTP/1.1" 200 11092 "-" "Chrome/120.0"
192.168.1.10 - - [02/Sep/2025:20:53:20 +0700] "GET /products.php?id=12 HTTP/1.1" 200 11653 "-" "Mozilla/5.0"
192.168.1.10 - - [02/Sep/2025:21:03:10 +0700] "GET /cart.php HTTP/1.1" 200 11771 "-" "Edge/18.18363"
198.51.100.27 - - [02/Sep/2025:20:22:50 +0700] "GET /index.php HTTP/1.1" 200 4299 "-" "Bingbot/2.0"
192.168.1.10 - - [02/Sep/2025:19:34:08 +0700] "GET /images/banner.png HTTP/1.1" 200 8176 "-" "Bingbot/2.0"
192.168.1.11 - - [02/Sep/2025:19:08:37 +0700] "GET /profile.php?id=23 HTTP/1.1" 200 2789 "-" "Mozilla/5.0"
192.168.1.13 - - [02/Sep/2025:21:38:28 +0700] "GET /products.php?id=12 HTTP/1.1" 200 311 "-" "Chrome/120.0"
198.51.100.27 - - [02/Sep/2025:19:42:58 +0700] "GET /favicon.ico HTTP/1.1" 200 7819 "-" "Googlebot/2.1 (+http://www.google.com/bot.html)"
192.168.1.13 - - [02/Sep/2025:19:23:16 +0700] "GET /blog/post3 HTTP/1.1" 200 5552 "-" "Edge/18.18363"
192.168.1.13 - - [02/Sep/2025:22:56:45 +0700] "GET /blog/post3 HTTP/1.1" 200 733 "-" "Chrome/120.0"
198.51.100.27 - - [02/Sep/2025:20:35:48 +0700] "GET /dashboard.php HTTP/1.1" 200 2038 "-" "Safari/537.36"
192.168.1.11 - - [02/Sep/2025:19:10:38 +0700] "GET /login.php HTTP/1.1" 200 917 "-" "Chrome/120.0"
192.168.1.12 - - [02/Sep/2025:20:27:14 +0700] "GET /checkout.php HTTP/1.1" 200 3106 "-" "Chrome/120.0"
192.168.1.13 - - [02/Sep/2025:19:33:36 +0700] "GET /blog/post1 HTTP/1.1" 200 11911 "-" "Edge/18.18363"
192.168.1.12 - - [02/Sep/2025:19:32:06 +0700] "GET /blog/post2 HTTP/1.1" 200 5570 "-" "Safari/537.36"
192.168.1.10 - - [02/Sep/2025:19:45:42 +0700] "GET /robots.txt HTTP/1.1" 200 9407 "-" "Mozilla/5.0"
192.168.1.11 - - [02/Sep/2025:19:04:54 +0700] "GET /about.php HTTP/1.1" 200 1786 "-" "Safari/537.36"
192.168.1.11 - - [02/Sep/2025:21:16:30 +0700] "GET /favicon.ico HTTP/1.1" 200 6883 "-" "Bingbot/2.0"
198.51.100.27 - - [02/Sep/2025:21:36:40 +0700] "GET /news.php?page=2 HTTP/1.1" 200 11767 "-" "Safari/537.36"
192.168.1.12 - - [02/Sep/2025:21:24:57 +0700] "GET /assets/style.css HTTP/1.1" 200 1332 "-" "Chrome/120.0"
192.168.1.11 - - [02/Sep/2025:19:34:10 +0700] "GET /favicon.ico HTTP/1.1" 200 9041 "-" "Googlebot/2.1 (+http://www.google.com/bot.html)"
192.168.1.13 - - [02/Sep/2025:21:15:54 +0700] "GET /checkout.php HTTP/1.1" 200 10587 "-" "Chrome/120.0"
192.168.1.11 - - [02/Sep/2025:19:21:10 +0700] "GET /images/banner.png HTTP/1.1" 200 6135 "-" "Edge/18.18363"
192.168.1.13 - - [02/Sep/2025:20:00:18 +0700] "GET /login.php HTTP/1.1" 200 3483 "-" "Edge/18.18363"
192.168.1.13 - - [02/Sep/2025:19:28:27 +0700] "GET /profile.php?id=23 HTTP/1.1" 200 6636 "-" "Safari/537.36"
192.168.1.13 - - [02/Sep/2025:19:03:35 +0700] "GET /blog/post2 HTTP/1.1" 200 3393 "-" "Mozilla/5.0"
192.168.1.13 - - [02/Sep/2025:19:35:06 +0700] "GET /login.php HTTP/1.1" 200 4636 "-" "Mozilla/5.0"
192.168.1.11 - - [02/Sep/2025:21:02:40 +0700] "GET /news.php?page=2 HTTP/1.1" 200 9180 "-" "Edge/18.18363"
192.168.1.13 - - [02/Sep/2025:19:20:32 +0700] "GET /cart.php HTTP/1.1" 200 4669 "-" "Safari/537.36"
192.168.1.12 - - [02/Sep/2025:21:41:05 +0700] "GET /robots.txt HTTP/1.1" 200 7886 "-" "Mozilla/5.0"
192.168.1.10 - - [02/Sep/2025:19:26:49 +0700] "GET /blog/post2 HTTP/1.1" 200 11328 "-" "Edge/18.18363"
192.168.1.13 - - [02/Sep/2025:22:33:45 +0700] "GET /blog/post3 HTTP/1.1" 200 7082 "-" "Safari/537.36"
192.168.1.13 - - [02/Sep/2025:22:13:50 +0700] "GET /login.php HTTP/1.1" 200 2226 "-" "Edge/18.18363"
198.51.100.27 - - [02/Sep/2025:21:07:48 +0700] "GET /blog/post2 HTTP/1.1" 200 2288 "-" "Googlebot/2.1 (+http://www.google.com/bot.html)"
192.168.1.11 - - [02/Sep/2025:19:57:00 +0700] "GET /blog/post2 HTTP/1.1" 200 6056 "-" "Safari/537.36"
192.168.1.13 - - [02/Sep/2025:19:21:25 +0700] "GET /about.php HTTP/1.1" 200 685 "-" "Edge/18.18363"
192.168.1.10 - - [02/Sep/2025:19:21:36 +0700] "GET /api/data?id=42 HTTP/1.1" 200 4101 "-" "Edge/18.18363"
198.51.100.27 - - [02/Sep/2025:20:34:50 +0700] "GET /products.php?id=12 HTTP/1.1" 200 7076 "-" "Chrome/120.0"
192.168.1.13 - - [02/Sep/2025:19:22:15 +0700] "GET /assets/style.css HTTP/1.1" 200 4069 "-" "Chrome/120.0"
192.168.1.11 - - [02/Sep/2025:21:52:25 +0700] "GET /images/banner.png HTTP/1.1" 200 3971 "-" "Edge/18.18363"
198.51.100.27 - - [02/Sep/2025:20:24:12 +0700] "GET /index.php HTTP/1.1" 200 4144 "-" "Chrome/120.0"
192.168.1.11 - - [02/Sep/2025:20:14:10 +0700] "GET /about.php HTTP/1.1" 200 11702 "-" "Safari/537.36"
192.168.1.11 - - [02/Sep/2025:20:14:20 +0700] "GET /blog/post3 HTTP/1.1" 200 3459 "-" "Googlebot/2.1 (+http://www.google.com/bot.html)"
192.168.1.13 - - [02/Sep/2025:19:18:27 +0700] "GET /index.php HTTP/1.1" 200 3841 "-" "Edge/18.18363"
192.168.1.11 - - [02/Sep/2025:20:52:35 +0700] "GET /robots.txt HTTP/1.1" 200 9056 "-" "Safari/537.36"
192.168.1.11 - - [02/Sep/2025:20:50:30 +0700] "GET /dashboard.php HTTP/1.1" 200 10225 "-" "Googlebot/2.1 (+http://www.google.com/bot.html)"
198.51.100.27 - - [02/Sep/2025:19:11:51 +0700] "GET /news.php?page=2 HTTP/1.1" 200 2725 "-" "Edge/18.18363"
192.168.1.13 - - [02/Sep/2025:21:32:55 +0700] "GET /blog/post2 HTTP/1.1" 200 1153 "-" "Googlebot/2.1 (+http://www.google.com/bot.html)"
198.51.100.27 - - [02/Sep/2025:19:53:40 +0700] "GET /robots.txt HTTP/1.1" 200 11824 "-" "Bingbot/2.0"
192.168.1.11 - - [02/Sep/2025:21:10:54 +0700] "GET /about.php HTTP/1.1" 200 931 "-" "Googlebot/2.1 (+http://www.google.com/bot.html)"
192.168.1.12 - - [02/Sep/2025:19:33:48 +0700] "GET /images/banner.png HTTP/1.1" 200 8767 "-" "Bingbot/2.0"
192.168.1.10 - - [02/Sep/2025:19:18:00 +0700] "GET /login.php HTTP/1.1" 200 9819 "-" "Bingbot/2.0"
198.51.100.27 - - [02/Sep/2025:19:47:18 +0700] "GET /robots.txt HTTP/1.1" 200 8939 "-" "Googlebot/2.1 (+http://www.google.com/bot.html)"
192.168.1.10 - - [02/Sep/2025:20:55:30 +0700] "GET /images/banner.png HTTP/1.1" 200 10233 "-" "Bingbot/2.0"
192.168.1.10 - - [02/Sep/2025:19:32:18 +0700] "GET /products.php?id=12 HTTP/1.1" 200 5502 "-" "Googlebot/2.1 (+http://www.google.com/bot.html)"
192.168.1.13 - - [02/Sep/2025:19:18:01 +0700] "GET /cart.php HTTP/1.1" 200 5807 "-" "Safari/537.36"
192.168.1.10 - - [02/Sep/2025:20:36:22 +0700] "GET /images/banner.png HTTP/1.1" 200 8016 "-" "Edge/18.18363"
192.168.1.10 - - [02/Sep/2025:20:22:48 +0700] "GET /api/data?id=42 HTTP/1.1" 200 4386 "-" "Mozilla/5.0"
198.51.100.27 - - [02/Sep/2025:19:30:09 +0700] "GET /assets/style.css HTTP/1.1" 200 9001 "-" "Edge/18.18363"
192.168.1.10 - - [02/Sep/2025:20:01:16 +0700] "GET /login.php HTTP/1.1" 200 11481 "-" "Mozilla/5.0"
198.51.100.27 - - [02/Sep/2025:19:36:51 +0700] "GET /cart.php HTTP/1.1" 200 6421 "-" "Googlebot/2.1 (+http://www.google.com/bot.html)"
192.168.1.12 - - [02/Sep/2025:19:49:12 +0700] "GET /images/banner.png HTTP/1.1" 200 3701 "-" "Googlebot/2.1 (+http://www.google.com/bot.html)"
192.168.1.13 - - [02/Sep/2025:20:56:08 +0700] "GET /products.php?id=12 HTTP/1.1" 200 4481 "-" "Safari/537.36"
198.51.100.27 - - [02/Sep/2025:20:27:52 +0700] "GET /assets/style.css HTTP/1.1" 200 3235 "-" "Safari/537.36"
192.168.1.12 - - [02/Sep/2025:23:06:55 +0700] "GET /blog/post3 HTTP/1.1" 200 3966 "-" "Mozilla/5.0"
192.168.1.10 - - [02/Sep/2025:19:31:56 +0700] "GET /assets/style.css HTTP/1.1" 200 9849 "-" "Googlebot/2.1 (+http://www.google.com/bot.html)"
192.168.1.12 - - [02/Sep/2025:19:25:32 +0700] "GET /blog/post3 HTTP/1.1" 200 4038 "-" "Chrome/120.0"
192.168.1.11 - - [02/Sep/2025:20:28:56 +0700] "GET /assets/style.css HTTP/1.1" 200 4091 "-" "Safari/537.36"
192.168.1.13 - - [02/Sep/2025:19:48:10 +0700] "GET /blog/post2 HTTP/1.1" 200 5114 "-" "Safari/537.36"
192.168.1.10 - - [02/Sep/2025:19:09:09 +0700] "GET /blog/post3 HTTP/1.1" 200 7599 "-" "Chrome/120.0"
192.168.1.10 - - [02/Sep/2025:20:16:18 +0700] "GET /login.php HTTP/1.1" 200 3678 "-" "Safari/537.36"
192.168.1.10 - - [02/Sep/2025:19:11:10 +0700] "GET /favicon.ico HTTP/1.1" 200 4698 "-" "Mozilla/5.0"
192.168.1.10 - - [02/Sep/2025:22:18:40 +0700] "GET /news.php?page=2 HTTP/1.1" 200 8674 "-" "Googlebot/2.1 (+http://www.google.com/bot.html)"
192.168.1.11 - - [02/Sep/2025:19:10:58 +0700] "GET /images/banner.png HTTP/1.1" 200 814 "-" "Googlebot/2.1 (+http://www.google.com/bot.html)"
192.168.1.10 - - [02/Sep/2025:21:42:20 +0700] "GET /profile.php?id=23 HTTP/1.1" 200 4791 "-" "Edge/18.18363"
192.168.1.12 - - [02/Sep/2025:19:40:26 +0700] "GET /profile.php?id=23 HTTP/1.1" 200 2945 "-" "Googlebot/2.1 (+http://www.google.com/bot.html)"
192.168.1.11 - - [02/Sep/2025:20:13:20 +0700] "GET /login.php HTTP/1.1" 200 9076 "-" "Safari/537.36"
192.168.1.10 - - [02/Sep/2025:19:01:24 +0700] "GET /blog/post2 HTTP/1.1" 200 3937 "-" "Googlebot/2.1 (+http://www.google.com/bot.html)"
192.168.1.12 - - [02/Sep/2025:19:45:21 +0700] "GET /dashboard.php HTTP/1.1" 200 6678 "-" "Bingbot/2.0"
192.168.1.12 - - [02/Sep/2025:20:04:04 +0700] "GET /assets/style.css HTTP/1.1" 200 945 "-" "Googlebot/2.1 (+http://www.google.com/bot.html)"
192.168.1.13 - - [02/Sep/2025:21:09:08 +0700] "GET /sitemap.xml HTTP/1.1" 200 5505 "-" "Safari/537.36"
192.168.1.12 - - [02/Sep/2025:19:14:00 +0700] "GET /dashboard.php HTTP/1.1" 200 6873 "-" "Safari/537.36"
192.168.1.13 - - [02/Sep/2025:20:00:20 +0700] "GET /favicon.ico HTTP/1.1" 200 8669 "-" "Safari/537.36"
192.168.1.11 - - [02/Sep/2025:19:34:12 +0700] "GET /blog/post1 HTTP/1.1" 200 10294 "-" "Googlebot/2.1 (+http://www.google.com/bot.html)"
198.51.100.27 - - [02/Sep/2025:19:17:45 +0700] "GET /cart.php HTTP/1.1" 200 2221 "-" "Bingbot/2.0"
192.168.1.12 - - [02/Sep/2025:22:59:30 +0700] "GET /api/data?id=42 HTTP/1.1" 200 5247 "-" "Googlebot/2.1 (+http://www.google.com/bot.html)"
192.168.1.12 - - [02/Sep/2025:20:26:36 +0700] "GET /api/data?id=42 HTTP/1.1" 200 11037 "-" "Mozilla/5.0"
192.168.1.11 - - [02/Sep/2025:19:33:25 +0700] "GET /profile.php?id=23 HTTP/1.1" 200 7412 "-" "Bingbot/2.0"
192.168.1.11 - - [02/Sep/2025:21:59:20 +0700] "GET /index.php HTTP/1.1" 200 11220 "-" "Mozilla/5.0"
192.168.1.10 - - [02/Sep/2025:19:47:08 +0700] "GET /checkout.php HTTP/1.1" 200 7322 "-" "Edge/18.18363"
192.168.1.12 - - [02/Sep/2025:19:42:21 +0700] "GET /checkout.php HTTP/1.1" 200 11193 "-" "Safari/537.36"
192.168.1.10 - - [02/Sep/2025:19:26:52 +0700] "GET /about.php HTTP/1.1" 200 7357 "-" "Bingbot/2.0"
192.168.1.13 - - [02/Sep/2025:20:13:18 +0700] "GET /assets/main.js HTTP/1.1" 200 10301 "-" "Googlebot/2.1 (+http://www.google.com/bot.html)"
192.168.1.10 - - [02/Sep/2025:19:40:30 +0700] "GET /images/banner.png HTTP/1.1" 200 567 "-" "Mozilla/5.0"
198.51.100.27 - - [02/Sep/2025:21:19:12 +0700] "GET /products.php?id=12 HTTP/1.1" 200 9360 "-" "Edge/18.18363"
192.168.1.12 - - [02/Sep/2025:19:41:56 +0700] "GET /images/banner.png HTTP/1.1" 200 6211 "-" "Chrome/120.0"
192.168.1.12 - - [02/Sep/2025:22:43:55 +0700] "GET /assets/main.js HTTP/1.1" 200 4686 "-" "Mozilla/5.0"
198.51.100.27 - - [02/Sep/2025:21:36:48 +0700] "GET /contact.php HTTP/1.1" 200 9891 "-" "Mozilla/5.0"
192.168.1.12 - - [02/Sep/2025:19:11:40 +0700] "GET /sitemap.xml HTTP/1.1" 200 2905 "-" "Bingbot/2.0"
192.168.1.12 - - [02/Sep/2025:21:40:12 +0700] "GET /blog/post1 HTTP/1.1" 200 6761 "-" "Googlebot/2.1 (+http://www.google.com/bot.html)"
192.168.1.13 - - [02/Sep/2025:19:00:20 +0700] "GET /favicon.ico HTTP/1.1" 200 10205 "-" "Chrome/120.0"
192.168.1.11 - - [02/Sep/2025:19:42:25 +0700] "GET /about.php HTTP/1.1" 200 10247 "-" "Safari/537.36"
192.168.1.12 - - [02/Sep/2025:19:32:20 +0700] "GET /profile.php?id=23 HTTP/1.1" 200 11641 "-" "Safari/537.36"
198.51.100.27 - - [02/Sep/2025:20:25:44 +0700] "GET /assets/main.js HTTP/1.1" 200 7483 "-" "Edge/18.18363"
192.168.1.11 - - [02/Sep/2025:19:52:28 +0700] "GET /sitemap.xml HTTP/1.1" 200 8059 "-" "Mozilla/5.0"
192.168.1.11 - - [02/Sep/2025:19:19:09 +0700] "GET /index.php HTTP/1.1" 200 6346 "-" "Bingbot/2.0"
192.168.1.10 - - [02/Sep/2025:19:12:04 +0700] "GET /api/data?id=42 HTTP/1.1" 200 6645 "-" "Safari/537.36"
192.168.1.10 - - [02/Sep/2025:19:30:45 +0700] "GET /robots.txt HTTP/1.1" 200 11759 "-" "Bingbot/2.0"
198.51.100.27 - - [02/Sep/2025:21:01:00 +0700] "GET /index.php HTTP/1.1" 200 4664 "-" "Googlebot/2.1 (+http://www.google.com/bot.html)"
192.168.1.10 - - [02/Sep/2025:19:50:30 +0700] "GET /dashboard.php HTTP/1.1" 200 10215 "-" "Googlebot/2.1 (+http://www.google.com/bot.html)"
192.168.1.13 - - [02/Sep/2025:19:12:12 +0700] "GET /assets/app.js HTTP/1.1" 200 5216 "-" "Edge/18.18363"
192.168.1.12 - - [02/Sep/2025:19:19:54 +0700] "GET /robots.txt HTTP/1.1" 200 10970 "-" "Googlebot/2.1 (+http://www.google.com/bot.html)"
192.168.1.12 - - [02/Sep/2025:20:15:15 +0700] "GET /api/data?id=42 HTTP/1.1" 200 3344 "-" "Mozilla/5.0"
198.51.100.27 - - [02/Sep/2025:19:17:24 +0700] "GET /news.php?page=2 HTTP/1.1" 200 6973 "-" "Safari/537.36"
198.51.100.27 - - [02/Sep/2025:19:05:45 +0700] "GET /cart.php HTTP/1.1" 200 5675 "-" "Edge/18.18363"
192.168.1.11 - - [02/Sep/2025:20:22:46 +0700] "GET /news.php?page=2 HTTP/1.1" 200 7459 "-" "Chrome/120.0"
192.168.1.11 - - [02/Sep/2025:19:51:00 +0700] "GET /news.php?page=2 HTTP/1.1" 200 6744 "-" "Mozilla/5.0"
192.168.1.11 - - [02/Sep/2025:21:05:35 +0700] "GET /index.php HTTP/1.1" 200 4507 "-" "Chrome/120.0"
192.168.1.10 - - [02/Sep/2025:19:02:56 +0700] "GET /dashboard.php HTTP/1.1" 200 8294 "-" "Chrome/120.0"
192.168.1.13 - - [02/Sep/2025:20:05:42 +0700] "GET /dashboard.php HTTP/1.1" 200 11019 "-" "Safari/537.36"
198.51.100.27 - - [02/Sep/2025:19:23:36 +0700] "GET /login.php HTTP/1.1" 200 1721 "-" "Bingbot/2.0"
198.51.100.27 - - [02/Sep/2025:19:47:30 +0700] "GET /api/data?id=42 HTTP/1.1" 200 4894 "-" "Mozilla/5.0"
192.168.1.13 - - [02/Sep/2025:21:57:45 +0700] "GET /assets/style.css HTTP/1.1" 200 2637 "-" "Edge/18.18363"
192.168.1.13 - - [02/Sep/2025:19:21:40 +0700] "GET /news.php?page=2 HTTP/1.1" 200 6408 "-" "Edge/18.18363"
192.168.1.11 - - [02/Sep/2025:19:28:23 +0700] "GET /assets/app.js HTTP/1.1" 200 5107 "-" "Mozilla/5.0"
198.51.100.27 - - [02/Sep/2025:20:32:22 +0700] "GET /checkout.php HTTP/1.1" 200 10256 "-" "Bingbot/2.0"
192.168.1.12 - - [02/Sep/2025:19:23:01 +0700] "GET /blog/post2 HTTP/1.1" 200 6998 "-" "Chrome/120.0"
192.168.1.11 - - [02/Sep/2025:19:38:56 +0700] "GET /cart.php HTTP/1.1" 200 8798 "-" "Mozilla/5.0"
192.168.1.13 - - [02/Sep/2025:19:05:39 +0700] "GET /dashboard.php HTTP/1.1" 200 7712 "-" "Bingbot/2.0"
192.168.1.10 - - [02/Sep/2025:19:08:00 +0700] "GET /profile.php?id=23 HTTP/1.1" 200 4043 "-" "Safari/537.36"
192.168.1.10 - - [02/Sep/2025:19:10:48 +0700] "GET /sitemap.xml HTTP/1.1" 200 7492 "-" "Mozilla/5.0"
